Component: ARM Compiler 5.06 update 6 (build 750) Tool: armlink [4d35ed]

==============================================================================

Section Cross References

    system_m0518.o(i.CLK_GetPLLClockFreq) refers to aeabi_sdiv.o(.text) for __aeabi_uidivmod
    system_m0518.o(i.SystemCoreClockUpdate) refers to system_m0518.o(i.CLK_GetPLLClockFreq) for CLK_GetPLLClockFreq
    system_m0518.o(i.SystemCoreClockUpdate) refers to aeabi_sdiv.o(.text) for __aeabi_uidivmod
    system_m0518.o(i.SystemCoreClockUpdate) refers to system_m0518.o(.data) for PllClock
    startup_m0518.o(STACK) refers (Special) to heapauxi.o(.text) for __use_two_region_memory
    startup_m0518.o(HEAP) refers (Special) to heapauxi.o(.text) for __use_two_region_memory
    startup_m0518.o(RESET) refers (Special) to heapauxi.o(.text) for __use_two_region_memory
    startup_m0518.o(RESET) refers to startup_m0518.o(STACK) for __initial_sp
    startup_m0518.o(RESET) refers to startup_m0518.o(.text) for Reset_Handler
    startup_m0518.o(RESET) refers to usertimer1.o(i.TMR1_IRQHandler) for TMR1_IRQHandler
    startup_m0518.o(RESET) refers to usertimer2.o(i.TMR2_IRQHandler) for TMR2_IRQHandler
    startup_m0518.o(RESET) refers to useruart.o(i.UART1_IRQHandler) for UART1_IRQHandler
    startup_m0518.o(RESET) refers to userspi.o(i.SPI0_IRQHandler) for SPI0_IRQHandler
    startup_m0518.o(RESET) refers to userpwm0.o(i.PWM0_IRQHandler) for PWM0_IRQHandler
    startup_m0518.o(RESET) refers to userpwm1.o(i.PWM1_IRQHandler) for PWM1_IRQHandler
    startup_m0518.o(.text) refers (Special) to heapauxi.o(.text) for __use_two_region_memory
    startup_m0518.o(.text) refers to system_m0518.o(i.SystemInit) for SystemInit
    startup_m0518.o(.text) refers to __main.o(!!!main) for __main
    startup_m0518.o(.text) refers to startup_m0518.o(HEAP) for Heap_Mem
    startup_m0518.o(.text) refers to startup_m0518.o(STACK) for Stack_Mem
    retarget.o(i.SendChar) refers to retarget.o(i.SendChar_ToUART) for SendChar_ToUART
    retarget.o(i._ttywrch) refers to retarget.o(i.SendChar) for SendChar
    retarget.o(i.fgetc) refers to retarget.o(i.GetChar) for GetChar
    retarget.o(i.fputc) refers to retarget.o(i.SendChar) for SendChar
    main.o(i.main) refers to usersystem.o(i.UserSystemClk) for UserSystemClk
    main.o(i.main) refers to usertimer1.o(i.Timer1_Init) for Timer1_Init
    main.o(i.main) refers to usertimer2.o(i.Timer2_Init) for Timer2_Init
    main.o(i.main) refers to userpwm0.o(i.UserPWM_Init) for UserPWM_Init
    main.o(i.main) refers to userpwm1.o(i.UserPWM1_Init) for UserPWM1_Init
    main.o(i.main) refers to useruart.o(i.UART_Init) for UART_Init
    main.o(i.main) refers to userspi.o(i.SPI_Init) for SPI_Init
    main.o(i.main) refers to userpwm1.o(i.UserPWM1_Capture_Start) for UserPWM1_Capture_Start
    main.o(i.main) refers to usere84_c.o(i.InitE84_C_Signal) for InitE84_C_Signal
    main.o(i.main) refers to usere84.o(i.Init_E84_IN) for Init_E84_IN
    main.o(i.main) refers to usere84.o(i.Init_E84_OUT) for Init_E84_OUT
    main.o(i.main) refers to useruart.o(i.RS485_SwitchRx) for RS485_SwitchRx
    main.o(i.main) refers to usertimer1.o(i.Delay_1ms) for Delay_1ms
    main.o(i.main) refers to logrecord.o(i.Log_ini) for Log_ini
    main.o(i.main) refers to useruart.o(i.GetCommandFromRS485) for GetCommandFromRS485
    main.o(i.main) refers to useruart.o(i.CommandDecode) for CommandDecode
    main.o(i.main) refers to useruart.o(i.ExecuteCommand) for ExecuteCommand
    main.o(i.main) refers to usere84_c.o(i.E84_Controller) for E84_Controller
    main.o(i.main) refers to useruart.o(i.SendIOEcho) for SendIOEcho
    main.o(i.main) refers to userpwm0.o(i.E84_IR_PWM_Trans) for E84_IR_PWM_Trans
    main.o(i.main) refers to userpwm1.o(i.PWM1_PulseCntReset) for PWM1_PulseCntReset
    main.o(i.main) refers to logrecord.o(i.Log_Record) for Log_Record
    main.o(i.main) refers to usertimer1.o(.data) for t1ms_3
    main.o(i.main) refers to useruart.o(.data) for gToolNumber
    main.o(i.main) refers to userpwm1.o(.data) for fgGotTrans
    main.o(i.main) refers to userpwm0.o(.data) for E84
    main.o(i.main) refers to logrecord.o(.bss) for EPPROM_Head
    logrecord.o(i.EPPROM_Head_Read) refers to userspi.o(i.EEPROM_Read) for EEPROM_Read
    logrecord.o(i.EPPROM_Head_Read) refers to logrecord.o(.bss) for EPPROM_Head
    logrecord.o(i.EPPROM_Head_Read) refers to logrecord.o(.data) for EPPROM_TLCnt
    logrecord.o(i.EPPROM_Head_ini) refers to userspi.o(i.EEPROM_Write) for EEPROM_Write
    logrecord.o(i.EPPROM_Head_ini) refers to logrecord.o(.data) for EPPROM_TLCnt
    logrecord.o(i.EPPROM_Head_ini) refers to logrecord.o(.bss) for EPPROM_Head
    logrecord.o(i.Head_Write) refers to userspi.o(i.EEPROM_Write) for EEPROM_Write
    logrecord.o(i.Head_Write) refers to logrecord.o(.bss) for EPPROM_Head
    logrecord.o(i.Log_Record) refers to logrecord.o(i.__ARM_common_switch8) for __ARM_common_switch8
[...]
    Removing spi.o(i.SPI_DisableFIFO), (12 bytes).
    Removing spi.o(i.SPI_DisableInt), (104 bytes).
    Removing spi.o(i.SPI_EnableAutoSS), (22 bytes).
    Removing spi.o(i.SPI_GetBusClock), (72 bytes).
    Removing spi.o(i.SPI_GetStatus), (126 bytes).
    Removing spi.o(i.SPI_SetBusClock), (224 bytes).
    Removing usere84.o(.rev16_text), (4 bytes).
    Removing usere84.o(.revsh_text), (4 bytes).
    Removing userfmc.o(.rev16_text), (4 bytes).
    Removing userfmc.o(.revsh_text), (4 bytes).
    Removing userfmc.o(i.FMC_Erase), (56 bytes).
    Removing userfmc.o(i.FMC_R), (108 bytes).
    Removing userfmc.o(i.FMC_W), (92 bytes).
    Removing userfmc.o(i.FillDataPattern), (64 bytes).
    Removing userfmc.o(i.SYS_UnlockReg), (32 bytes).
    Removing userfmc.o(i.SetDataFlashBase), (84 bytes).
    Removing userpwm0.o(.rev16_text), (4 bytes).
    Removing userpwm0.o(.revsh_text), (4 bytes).
    Removing userpwm1.o(.rev16_text), (4 bytes).
    Removing userpwm1.o(.revsh_text), (4 bytes).
    Removing userpwm1.o(i.Period_Buffer), (48 bytes).
    Removing userpwm1.o(.bss), (512 bytes).
    Removing usersystem.o(.rev16_text), (4 bytes).
    Removing usersystem.o(.revsh_text), (4 bytes).
    Removing usertimer1.o(.rev16_text), (4 bytes).
    Removing usertimer1.o(.revsh_text), (4 bytes).
    Removing usertimer2.o(.rev16_text), (4 bytes).
    Removing usertimer2.o(.revsh_text), (4 bytes).
    Removing userwdt.o(.rev16_text), (4 bytes).
    Removing userwdt.o(.revsh_text), (4 bytes).
    Removing userwdt.o(i.UserWDT_Reset), (52 bytes).
    Removing userwdt.o(i.UserWDT_init), (168 bytes).
    Removing usere84_c.o(.rev16_text), (4 bytes).
    Removing usere84_c.o(.revsh_text), (4 bytes).
    Removing usere84_c.o(i.DBG_CodeStop), (8 bytes).
    Removing usere84_c.o(i.E84_Info_Print), (164 bytes).
    Removing useruart.o(.rev16_text), (4 bytes).
    Removing useruart.o(.revsh_text), (4 bytes).
    Removing userspi.o(.rev16_text), (4 bytes).
    Removing userspi.o(.revsh_text), (4 bytes).
    Removing userspi.o(i.EEPROM_ReadStatus), (92 bytes).
    Removing userspi.o(i.SendSpi), (76 bytes).

168 unused section(s) (total 6829 bytes) removed from the image.

==============================================================================

Image Symbol Table

    Local Symbols

    Symbol Name                              Value     Ov Type        Size  Object(Section)

    RESET                                    0x00000000   Section      192  startup_m0518.o(RESET)
    ../clib/angel/boardlib.s                 0x00000000   Number         0  boardinit3.o ABSOLUTE
    ../clib/angel/boardlib.s                 0x00000000   Number         0  boardinit1.o ABSOLUTE
    ../clib/angel/boardlib.s                 0x00000000   Number         0  boardshut.o ABSOLUTE
    ../clib/angel/boardlib.s                 0x00000000   Number         0  boardinit2.o ABSOLUTE
    ../clib/angel/handlers.s                 0x00000000   Number         0  __scatter_copy.o ABSOLUTE
    ../clib/angel/handlers.s                 0x00000000   Number         0  __scatter_zi.o ABSOLUTE
    ../clib/angel/kernel.s                   0x00000000   Number         0  __rtentry4.o ABSOLUTE
    ../clib/angel/kernel.s                   0x00000000   Number         0  rtexit.o ABSOLUTE
    ../clib/angel/kernel.s                   0x00000000   Number         0  __rtentry2.o ABSOLUTE
    ../clib/angel/kernel.s                   0x00000000   Number         0  __rtentry.o ABSOLUTE
    ../clib/angel/kernel.s                   0x00000000   Number         0  rtexit2.o ABSOLUTE
    ../clib/angel/rt.s                       0x00000000   Number         0  rt_raise.o ABSOLUTE
    ../clib/angel/rt.s                       0x00000000   Number         0  rt_div0.o ABSOLUTE
    ../clib/angel/rt.s                       0x00000000   Number         0  aeabi_idiv0.o ABSOLUTE
    ../clib/angel/rt.s                       0x00000000   Number         0  aeabi_idiv0_sigfpe.o ABSOLUTE
    ../clib/angel/scatterp.s                 0x00000000   Number         0  __scatter.o ABSOLUTE
    ../clib/angel/startup.s                  0x00000000   Number         0  __main.o ABSOLUTE
    ../clib/angel/sys.s                      0x00000000   Number         0  indicate_semi.o ABSOLUTE
    ../clib/angel/sys.s                      0x00000000   Number         0  use_no_semi.o ABSOLUTE
    ../clib/angel/sys.s                      0x00000000   Number         0  tempstk.o ABSOLUTE
    ../clib/angel/sys.s                      0x00000000   Number         0  sys_stackheap_outer.o ABSOLUTE
    ../clib/angel/sys.s                      0x00000000   Number         0  libspace.o ABSOLUTE
    ../clib/angel/sysapp.c                   0x00000000   Number         0  sys_command.o ABSOLUTE
    ../clib/angel/sysapp.c                   0x00000000   Number         0  sys_exit.o ABSOLUTE
    ../clib/armsys.c                         0x00000000   Number         0  argv_veneer.o ABSOLUTE
    ../clib/armsys.c                         0x00000000   Number         0  _get_argv_nomalloc.o ABSOLUTE
    ../clib/armsys.c                         0x00000000   Number         0  no_argv.o ABSOLUTE
    ../clib/division.c                       0x00000000   Number         0  rtudiv10.o ABSOLUTE
    ../clib/division.s                       0x00000000   Number         0  aeabi_sdiv_div0.o ABSOLUTE
    ../clib/division.s                       0x00000000   Number         0  aeabi_sdiv.o ABSOLUTE
    ../clib/heapalloc.c                      0x00000000   Number         0  hrguard.o ABSOLUTE
    ../clib/heapaux.c                        0x00000000   Number         0  heapauxi.o ABSOLUTE
    ../clib/libinit.s                        0x00000000   Number         0  libinit.o ABSOLUTE
    ../clib/libinit.s                        0x00000000   Number         0  libshutdown.o ABSOLUTE
    ../clib/libinit.s                        0x00000000   Number         0  libshutdown2.o ABSOLUTE
    ../clib/libinit.s                        0x00000000   Number         0  libinit2.o ABSOLUTE
    ../clib/memcpset.c                       0x00000000   Number         0  rt_memcpy.o ABSOLUTE
    ../clib/memcpset.c                       0x00000000   Number         0  rt_memcpy.o ABSOLUTE
    ../clib/misc.s                           0x00000000   Number         0  printf_stubs.o ABSOLUTE
    ../clib/printf.c                         0x00000000   Number         0  _printf_char_file.o ABSOLUTE
    ../clib/printf.c                         0x00000000   Number         0  __printf_flags_ss_wp.o ABSOLUTE
    ../clib/printf.c                         0x00000000   Number         0  _printf_intcommon.o ABSOLUTE
    ../clib/printf.c                         0x00000000   Number         0  __2printf.o ABSOLUTE
    ../clib/printf.c                         0x00000000   Number         0  noretval__2printf.o ABSOLUTE
    ../clib/printf.c                         0x00000000   Number         0  __printf.o ABSOLUTE
    ../clib/printf.c                         0x00000000   Number         0  _printf_dec.o ABSOLUTE
    ../clib/printf.c                         0x00000000   Number         0  _printf_hex_int.o ABSOLUTE
    ../clib/printf.c                         0x00000000   Number         0  _printf_hex_int_ll.o ABSOLUTE
    ../clib/printf.c                         0x00000000   Number         0  _printf_hex_ptr.o ABSOLUTE
    ../clib/printf.c                         0x00000000   Number         0  _printf_hex_int_ptr.o ABSOLUTE
    ../clib/printf.c                         0x00000000   Number         0  _printf_hex_ll_ptr.o ABSOLUTE
    ../clib/printf.c                         0x00000000   Number         0  _printf_hex_int_ll_ptr.o ABSOLUTE
    ../clib/printf.c                         0x00000000   Number         0  __printf_flags.o ABSOLUTE
    ../clib/printf.c                         0x00000000   Number         0  __printf_ss.o ABSOLUTE
    ../clib/printf.c                         0x00000000   Number         0  __printf_flags_ss.o ABSOLUTE
    ../clib/printf.c                         0x00000000   Number         0  __printf_wp.o ABSOLUTE
    ../clib/printf.c                         0x00000000   Number         0  __printf_flags_wp.o ABSOLUTE
    ../clib/printf.c                         0x00000000   Number         0  __printf_ss_wp.o ABSOLUTE
    ../clib/printf.c                         0x00000000   Number         0  _printf_hex_ll.o ABSOLUTE
    ../clib/printf.c                         0x00000000   Number         0  __printf_nopercent.o ABSOLUTE
    ../clib/printf.c                         0x00000000   Number         0  _printf_char_common.o ABSOLUTE
    ../clib/printf_percent.s                 0x00000000   Number         0  _printf_x.o ABSOLUTE
    ../clib/printf_percent.s                 0x00000000   Number         0  _printf_u.o ABSOLUTE
    ../clib/printf_percent.s                 0x00000000   Number         0  _printf_d.o ABSOLUTE
    ../clib/printf_percent.s                 0x00000000   Number         0  _printf_percent.o ABSOLUTE
    ../clib/printf_percent.s                 0x00000000   Number         0  _printf_percent_end.o ABSOLUTE
    ../clib/signal.c                         0x00000000   Number         0  defsig_rtmem_outer.o ABSOLUTE
    ../clib/signal.c                         0x00000000   Number         0  defsig_rtmem_inner.o ABSOLUTE
    ../clib/signal.c                         0x00000000   Number         0  defsig_rtred_inner.o ABSOLUTE
    ../clib/signal.c                         0x00000000   Number         0  defsig_abrt_inner.o ABSOLUTE
    ../clib/signal.c                         0x00000000   Number         0  defsig_fpe_formal.o ABSOLUTE
    ../clib/signal.c                         0x00000000   Number         0  defsig_fpe_outer.o ABSOLUTE
    ../clib/signal.c                         0x00000000   Number         0  defsig_general.o ABSOLUTE
    ../clib/signal.c                         0x00000000   Number         0  defsig_other.o ABSOLUTE
    ../clib/signal.c                         0x00000000   Number         0  defsig_segv_inner.o ABSOLUTE
    ../clib/signal.c                         0x00000000   Number         0  defsig_cppl_inner.o ABSOLUTE
    ../clib/signal.c                         0x00000000   Number         0  defsig_stak_inner.o ABSOLUTE
    ../clib/signal.c                         0x00000000   Number         0  defsig_rtmem_formal.o ABSOLUTE
    ../clib/signal.c                         0x00000000   Number         0  __raise.o ABSOLUTE
    ../clib/signal.c                         0x00000000   Number         0  defsig_pvfn_inner.o ABSOLUTE
    ../clib/signal.c                         0x00000000   Number         0  defsig_exit.o ABSOLUTE
    ../clib/signal.c                         0x00000000   Number         0  defsig_fpe_inner.o ABSOLUTE
    ../clib/signal.s                         0x00000000   Number         0  defsig.o ABSOLUTE
    ../clib/stdlib.c                         0x00000000   Number         0  exit.o ABSOLUTE
    ../clib/string.c                         0x00000000   Number         0  strcpy.o ABSOLUTE
    ../clib/string.c                         0x00000000   Number         0  strncmp.o ABSOLUTE
    ../fplib/cfplib/fpinit.c                 0x00000000   Number         0  fpinit.o ABSOLUTE
    BRDriver\UserE84.c                       0x00000000   Number         0  usere84.o ABSOLUTE
    BRDriver\UserE84_C.c                     0x00000000   Number         0  usere84_c.o ABSOLUTE
    BRDriver\UserFMC.c                       0x00000000   Number         0  userfmc.o ABSOLUTE
    BRDriver\UserPWM0.c                      0x00000000   Number         0  userpwm0.o ABSOLUTE
    BRDriver\UserPWM1.c                      0x00000000   Number         0  userpwm1.o ABSOLUTE
    BRDriver\UserSpi.c                       0x00000000   Number         0  userspi.o ABSOLUTE
    BRDriver\UserSystem.c                    0x00000000   Number         0  usersystem.o ABSOLUTE
    BRDriver\UserTimer1.c                    0x00000000   Number         0  usertimer1.o ABSOLUTE
    BRDriver\UserTimer2.c                    0x00000000   Number         0  usertimer2.o ABSOLUTE
    BRDriver\UserUart.c                      0x00000000   Number         0  useruart.o ABSOLUTE
    BRDriver\UserWDT.c                       0x00000000   Number         0  userwdt.o ABSOLUTE
    BRDriver\\UserE84.c                      0x00000000   Number         0  usere84.o ABSOLUTE
    BRDriver\\UserE84_C.c                    0x00000000   Number         0  usere84_c.o ABSOLUTE
    BRDriver\\UserFMC.c                      0x00000000   Number         0  userfmc.o ABSOLUTE
    BRDriver\\UserPWM0.c                     0x00000000   Number         0  userpwm0.o ABSOLUTE
    BRDriver\\UserPWM1.c                     0x00000000   Number         0  userpwm1.o ABSOLUTE
    BRDriver\\UserSpi.c                      0x00000000   Number         0  userspi.o ABSOLUTE
    BRDriver\\UserSystem.c                   0x00000000   Number         0  usersystem.o ABSOLUTE
    BRDriver\\UserTimer1.c                   0x00000000   Number         0  usertimer1.o ABSOLUTE
    BRDriver\\UserTimer2.c                   0x00000000   Number         0  usertimer2.o ABSOLUTE
    BRDriver\\UserUart.c                     0x00000000   Number         0  useruart.o ABSOLUTE
    BRDriver\\UserWDT.c                      0x00000000   Number         0  userwdt.o ABSOLUTE
    StdDriver\\src\\clk.c                    0x00000000   Number         0  clk.o ABSOLUTE
    StdDriver\\src\\fmc.c                    0x00000000   Number         0  fmc.o ABSOLUTE
    StdDriver\\src\\gpio.c                   0x00000000   Number         0  gpio.o ABSOLUTE
    StdDriver\\src\\pwm.c                    0x00000000   Number         0  pwm.o ABSOLUTE
    StdDriver\\src\\retarget.c               0x00000000   Number         0  retarget.o ABSOLUTE
    StdDriver\\src\\spi.c                    0x00000000   Number         0  spi.o ABSOLUTE
    StdDriver\\src\\sys.c                    0x00000000   Number         0  sys.o ABSOLUTE
    StdDriver\\src\\timer.c                  0x00000000   Number         0  timer.o ABSOLUTE
    StdDriver\\src\\uart.c                   0x00000000   Number         0  uart.o ABSOLUTE
    StdDriver\src\clk.c                      0x00000000   Number         0  clk.o ABSOLUTE
    StdDriver\src\fmc.c                      0x00000000   Number         0  fmc.o ABSOLUTE
    StdDriver\src\gpio.c                     0x00000000   Number         0  gpio.o ABSOLUTE
    StdDriver\src\pwm.c                      0x00000000   Number         0  pwm.o ABSOLUTE
    StdDriver\src\retarget.c                 0x00000000   Number         0  retarget.o ABSOLUTE
    StdDriver\src\spi.c                      0x00000000   Number         0  spi.o ABSOLUTE
    StdDriver\src\sys.c                      0x00000000   Number         0  sys.o ABSOLUTE
    StdDriver\src\timer.c                    0x00000000   Number         0  timer.o ABSOLUTE
    StdDriver\src\uart.c                     0x00000000   Number         0  uart.o ABSOLUTE
    dc.s                                     0x00000000   Number         0  dc.o ABSOLUTE
    source\\logrecord.c                      0x00000000   Number         0  logrecord.o ABSOLUTE
    source\\main.c                           0x00000000   Number         0  main.o ABSOLUTE
    source\logrecord.c                       0x00000000   Number         0  logrecord.o ABSOLUTE
    source\main.c                            0x00000000   Number         0  main.o ABSOLUTE
    system\\core_cm0.c                       0x00000000   Number         0  core_cm0.o ABSOLUTE
    system\\system_M0518.c                   0x00000000   Number         0  system_m0518.o ABSOLUTE
    system\core_cm0.c                        0x00000000   Number         0  core_cm0.o ABSOLUTE
    system\startup_M0518.s                   0x00000000   Number         0  startup_m0518.o ABSOLUTE
    system\system_M0518.c                    0x00000000   Number         0  system_m0518.o ABSOLUTE
    !!!main                                  0x000000c0   Section        8  __main.o(!!!main)
    !!!scatter                               0x000000c8   Section       60  __scatter.o(!!!scatter)
    !!handler_copy                           0x00000104   Section       26  __scatter_copy.o(!!handler_copy)
    !!handler_zi                             0x00000120   Section       28  __scatter_zi.o(!!handler_zi)
    .ARM.Collect$$_printf_percent$$00000000  0x0000013c   Section        2  _printf_percent.o(.ARM.Collect$$_printf_percent$$00000000)
    .ARM.Collect$$_printf_percent$$0000000C  0x0000013e   Section       10  _printf_x.o(.ARM.Collect$$_printf_percent$$0000000C)
    .ARM.Collect$$_printf_percent$$00000017  0x00000148   Section        4  _printf_percent_end.o(.ARM.Collect$$_printf_percent$$00000017)
    .ARM.Collect$$libinit$$00000000          0x0000014c   Section        2  libinit.o(.ARM.Collect$$libinit$$00000000)
    .ARM.Collect$$libinit$$00000002          0x0000014e   Section        0  libinit2.o(.ARM.Collect$$libinit$$00000002)
    .ARM.Collect$$libinit$$00000004          0x0000014e   Section        0  libinit2.o(.ARM.Collect$$libinit$$00000004)
    .ARM.Collect$$libinit$$0000000A          0x0000014e   Section        0  libinit2.o(.ARM.Collect$$libinit$$0000000A)
    .ARM.Collect$$libinit$$0000000C          0x0000014e   Section        0  libinit2.o(.ARM.Collect$$libinit$$0000000C)
    .ARM.Collect$$libinit$$0000000E          0x0000014e   Section        0  libinit2.o(.ARM.Collect$$libinit$$0000000E)
    .ARM.Collect$$libinit$$00000011          0x0000014e   Section        0  libinit2.o(.ARM.Collect$$libinit$$00000011)
    .ARM.Collect$$libinit$$00000013          0x0000014e   Section        0  libinit2.o(.ARM.Collect$$libinit$$00000013)
    .ARM.Collect$$libinit$$00000015          0x0000014e   Section        0  libinit2.o(.ARM.Collect$$libinit$$00000015)
    .ARM.Collect$$libinit$$00000017          0x0000014e   Section        0  libinit2.o(.ARM.Collect$$libinit$$00000017)
    .ARM.Collect$$libinit$$00000019          0x0000014e   Section        0  libinit2.o(.ARM.Collect$$libinit$$00000019)
    .ARM.Collect$$libinit$$0000001B          0x0000014e   Section        0  libinit2.o(.ARM.Collect$$libinit$$0000001B)
    .ARM.Collect$$libinit$$0000001D          0x0000014e   Section        0  libinit2.o(.ARM.Collect$$libinit$$0000001D)
    .ARM.Collect$$libinit$$0000001F          0x0000014e   Section        0  libinit2.o(.ARM.Collect$$libinit$$0000001F)
    .ARM.Collect$$libinit$$00000021          0x0000014e   Section        0  libinit2.o(.ARM.Collect$$libinit$$00000021)
    .ARM.Collect$$libinit$$00000023          0x0000014e   Section        0  libinit2.o(.ARM.Collect$$libinit$$00000023)
    .ARM.Collect$$libinit$$00000025          0x0000014e   Section        0  libinit2.o(.ARM.Collect$$libinit$$00000025)
    .ARM.Collect$$libinit$$0000002C          0x0000014e   Section        0  libinit2.o(.ARM.Collect$$libinit$$0000002C)
    .ARM.Collect$$libinit$$0000002E          0x0000014e   Section        0  libinit2.o(.ARM.Collect$$libinit$$0000002E)
    .ARM.Collect$$libinit$$00000030          0x0000014e   Section        0  libinit2.o(.ARM.Collect$$libinit$$00000030)
    .ARM.Collect$$libinit$$00000032          0x0000014e   Section        0  libinit2.o(.ARM.Collect$$libinit$$00000032)
    .ARM.Collect$$libinit$$00000033          0x0000014e   Section        2  libinit2.o(.ARM.Collect$$libinit$$00000033)
    .ARM.Collect$$libshutdown$$00000000      0x00000150   Section        2  libshutdown.o(.ARM.Collect$$libshutdown$$00000000)
    .ARM.Collect$$libshutdown$$00000002      0x00000152   Section        0  libshutdown2.o(.ARM.Collect$$libshutdown$$00000002)
    .ARM.Collect$$libshutdown$$00000004      0x00000152   Section        0  libshutdown2.o(.ARM.Collect$$libshutdown$$00000004)
    .ARM.Collect$$libshutdown$$00000007      0x00000152   Section        0  libshutdown2.o(.ARM.Collect$$libshutdown$$00000007)
    .ARM.Collect$$libshutdown$$0000000A      0x00000152   Section        0  libshutdown2.o(.ARM.Collect$$libshutdown$$0000000A)
    .ARM.Collect$$libshutdown$$0000000C      0x00000152   Section        0  libshutdown2.o(.ARM.Collect$$libshutdown$$0000000C)
    .ARM.Collect$$libshutdown$$0000000F      0x00000152   Section        0  libshutdown2.o(.ARM.Collect$$libshutdown$$0000000F)
    .ARM.Collect$$libshutdown$$00000010      0x00000152   Section        2  libshutdown2.o(.ARM.Collect$$libshutdown$$00000010)
    .ARM.Collect$$rtentry$$00000000          0x00000154   Section        0  __rtentry.o(.ARM.Collect$$rtentry$$00000000)
    .ARM.Collect$$rtentry$$00000002          0x00000154   Section        0  __rtentry2.o(.ARM.Collect$$rtentry$$00000002)
    .ARM.Collect$$rtentry$$00000004          0x00000154   Section        6  __rtentry4.o(.ARM.Collect$$rtentry$$00000004)
    .ARM.Collect$$rtentry$$00000009          0x0000015a   Section        0  __rtentry2.o(.ARM.Collect$$rtentry$$00000009)
    .ARM.Collect$$rtentry$$0000000A          0x0000015a   Section        4  __rtentry2.o(.ARM.Collect$$rtentry$$0000000A)
    .ARM.Collect$$rtentry$$0000000C          0x0000015e   Section        0  __rtentry2.o(.ARM.Collect$$rtentry$$0000000C)
    .ARM.Collect$$rtentry$$0000000D          0x0000015e   Section        8  __rtentry2.o(.ARM.Collect$$rtentry$$0000000D)
    .ARM.Collect$$rtexit$$00000000           0x00000166   Section        2  rtexit.o(.ARM.Collect$$rtexit$$00000000)
    .ARM.Collect$$rtexit$$00000002           0x00000168   Section        0  rtexit2.o(.ARM.Collect$$rtexit$$00000002)
    .ARM.Collect$$rtexit$$00000003           0x00000168   Section        4  rtexit2.o(.ARM.Collect$$rtexit$$00000003)
    .ARM.Collect$$rtexit$$00000004           0x0000016c   Section        6  rtexit2.o(.ARM.Collect$$rtexit$$00000004)
    .text                                    0x00000174   Section      100  startup_m0518.o(.text)
    Default_Handler                          0x0000019f   Thumb Code     2  startup_m0518.o(.text)
    .text                                    0x000001d8   Section        0  noretval__2printf.o(.text)
    .text                                    0x000001f4   Section        0  _printf_hex_int.o(.text)
    .text                                    0x0000024c   Section        0  __printf_ss_wp.o(.text)
    .text                                    0x000003ac   Section        0  strcpy.o(.text)
    .text                                    0x000003f8   Section        0  strncmp.o(.text)
    .text                                    0x00000498   Section      346  aeabi_sdiv.o(.text)
    .text                                    0x000005f2   Section        0  heapauxi.o(.text)
    .text                                    0x000005f8   Section        0  _printf_intcommon.o(.text)
    .text                                    0x000006a8   Section        0  _printf_char_file.o(.text)
    .text                                    0x000006d0   Section        0  _printf_char_common.o(.text)
    _printf_input_char                       0x000006d1   Thumb Code    10  _printf_char_common.o(.text)
    .text                                    0x00000700   Section       62  sys_stackheap_outer.o(.text)
    .text                                    0x0000073e   Section        0  exit.o(.text)
    .text                                    0x00000750   Section        8  libspace.o(.text)
    .text                                    0x00000758   Section        0  sys_exit.o(.text)
    .text                                    0x00000764   Section        2  use_no_semi.o(.text)
    .text                                    0x00000766   Section        0  indicate_semi.o(.text)
    i.CLK_EnableModuleClock                  0x00000768   Section        0  clk.o(i.CLK_EnableModuleClock)
    i.CLK_EnablePLL                          0x000007a4   Section        0  clk.o(i.CLK_EnablePLL)
    i.CLK_EnableXtalRC                       0x00000950   Section        0  clk.o(i.CLK_EnableXtalRC)
    i.CLK_GetHCLKFreq                        0x00000960   Section        0  clk.o(i.CLK_GetHCLKFreq)
    i.CLK_GetPLLClockFreq                    0x00000970   Section        0  system_m0518.o(i.CLK_GetPLLClockFreq)
    CLK_GetPLLClockFreq                      0x00000971   Thumb Code   112  system_m0518.o(i.CLK_GetPLLClockFreq)
    i.CLK_GetPLLClockFreq                    0x000009ec   Section        0  clk.o(i.CLK_GetPLLClockFreq)
    CLK_GetPLLClockFreq                      0x000009ed   Thumb Code   112  clk.o(i.CLK_GetPLLClockFreq)
    i.CLK_GetPLLClockFreq                    0x00000a68   Section        0  pwm.o(i.CLK_GetPLLClockFreq)
    CLK_GetPLLClockFreq                      0x00000a69   Thumb Code   112  pwm.o(i.CLK_GetPLLClockFreq)
    i.CLK_GetPLLClockFreq                    0x00000ae4   Section        0  uart.o(i.CLK_GetPLLClockFreq)
    CLK_GetPLLClockFreq                      0x00000ae5   Thumb Code   112  uart.o(i.CLK_GetPLLClockFreq)
    i.CLK_GetPLLClockFreq                    0x00000b60   Section        0  spi.o(i.CLK_GetPLLClockFreq)
    CLK_GetPLLClockFreq                      0x00000b61   Thumb Code   112  spi.o(i.CLK_GetPLLClockFreq)
    i.CLK_SetCoreClock                       0x00000bdc   Section        0  clk.o(i.CLK_SetCoreClock)
    i.CLK_SetHCLK                            0x00000c78   Section        0  clk.o(i.CLK_SetHCLK)
    i.CLK_SetModuleClock                     0x00000cd8   Section        0  clk.o(i.CLK_SetModuleClock)
    i.CLK_SetSysTickClockSrc                 0x00000d4c   Section        0  clk.o(i.CLK_SetSysTickClockSrc)
    i.CLK_WaitClockReady                     0x00000d60   Section        0  clk.o(i.CLK_WaitClockReady)
    i.CheckE84Step                           0x00000d88   Section        0  usere84_c.o(i.CheckE84Step)
    i.CommandDecode                          0x000011ec   Section        0  useruart.o(i.CommandDecode)
    i.Delay_10us                             0x000012ec   Section        0  usertimer2.o(i.Delay_10us)
    i.Delay_1ms                              0x00001300   Section        0  usertimer1.o(i.Delay_1ms)
    i.E84_Controller                         0x00001314   Section        0  usere84_c.o(i.E84_Controller)
    i.E84_IR_PWM_Trans                       0x000013dc   Section        0  userpwm0.o(i.E84_IR_PWM_Trans)
    i.E84_PWM_Waveform                       0x00001410   Section        0  userpwm0.o(i.E84_PWM_Waveform)
    i.EEPROM_Read                            0x000014d0   Section        0  userspi.o(i.EEPROM_Read)
    i.EEPROM_Write                           0x0000153c   Section        0  userspi.o(i.EEPROM_Write)
    i.EPPROM_Head_Read                       0x000015c0   Section        0  logrecord.o(i.EPPROM_Head_Read)
    i.ExecuteCommand                         0x00001630   Section        0  useruart.o(i.ExecuteCommand)
    i.GPIO_SetMode                           0x000019e4   Section        0  gpio.o(i.GPIO_SetMode)
    i.GetCommandFromRS485                    0x00001a14   Section        0  useruart.o(i.GetCommandFromRS485)
    i.GetDataByteFromBuffer                  0x00001ac8   Section        0  useruart.o(i.GetDataByteFromBuffer)
    i.Head_Write                             0x00001be0   Section        0  logrecord.o(i.Head_Write)
    i.HexToAsciiH                            0x00001c00   Section        0  useruart.o(i.HexToAsciiH)
    i.HexToAsciiL                            0x00001c1a   Section        0  useruart.o(i.HexToAsciiL)
    i.InitE84_C_Signal                       0x00001c3c   Section        0  usere84_c.o(i.InitE84_C_Signal)
    i.Init_E84_IN                            0x00001c68   Section        0  usere84.o(i.Init_E84_IN)
    i.Init_E84_OUT                           0x00001c90   Section        0  usere84.o(i.Init_E84_OUT)
    i.Log_Record                             0x00001cf4   Section        0  logrecord.o(i.Log_Record)
    i.Log_ini                                0x00001fe0   Section        0  logrecord.o(i.Log_ini)
    i.Log_write                              0x00001ffc   Section        0  logrecord.o(i.Log_write)
    i.NVIC_EnableIRQ                         0x000020d0   Section        0  uart.o(i.NVIC_EnableIRQ)
    NVIC_EnableIRQ                           0x000020d1   Thumb Code    14  uart.o(i.NVIC_EnableIRQ)
    i.PWM0_IRQHandler                        0x000020e4   Section        0  userpwm0.o(i.PWM0_IRQHandler)
    i.PWM1_IRQHandler                        0x00002128   Section        0  userpwm1.o(i.PWM1_IRQHandler)
    i.PWM1_PulseCntReset                     0x00002410   Section        0  userpwm1.o(i.PWM1_PulseCntReset)
    i.PWM_ClearCaptureIntFlag                0x00002434   Section        0  pwm.o(i.PWM_ClearCaptureIntFlag)
    i.PWM_ClearPeriodIntFlag                 0x00002442   Section        0  pwm.o(i.PWM_ClearPeriodIntFlag)
    i.PWM_ConfigCaptureChannel               0x00002454   Section        0  pwm.o(i.PWM_ConfigCaptureChannel)
    i.PWM_ConfigOutputChannel                0x00002534   Section        0  pwm.o(i.PWM_ConfigOutputChannel)
    i.PWM_DisableCaptureInt                  0x000026bc   Section        0  pwm.o(i.PWM_DisableCaptureInt)
    i.PWM_DisableDutyInt                     0x000026d4   Section        0  pwm.o(i.PWM_DisableDutyInt)
    i.PWM_DisablePeriodInt                   0x000026e8   Section        0  pwm.o(i.PWM_DisablePeriodInt)
    i.PWM_EnableCapture                      0x00002700   Section        0  pwm.o(i.PWM_EnableCapture)
    i.PWM_EnableCaptureInt                   0x0000271a   Section        0  pwm.o(i.PWM_EnableCaptureInt)
    i.PWM_EnableOutput                       0x00002730   Section        0  pwm.o(i.PWM_EnableOutput)
    i.PWM_EnablePeriodInt                    0x0000273c   Section        0  pwm.o(i.PWM_EnablePeriodInt)
    i.PWM_GetCaptureIntFlag                  0x00002754   Section        0  pwm.o(i.PWM_GetCaptureIntFlag)
    i.PWM_GetPeriodIntFlag                   0x0000278c   Section        0  pwm.o(i.PWM_GetPeriodIntFlag)
    i.PWM_Start                              0x000027ac   Section        0  pwm.o(i.PWM_Start)
    i.PWM_Stop                               0x000027d4   Section        0  pwm.o(i.PWM_Stop)
    i.PWM_Waveform                           0x00002800   Section        0  userpwm0.o(i.PWM_Waveform)
    i.RS485_SwitchRx                         0x000028c8   Section        0  useruart.o(i.RS485_SwitchRx)
    i.SPI0_IRQHandler                        0x000028ec   Section        0  userspi.o(i.SPI0_IRQHandler)
    i.SPI_EnableFIFO                         0x00002958   Section        0  spi.o(i.SPI_EnableFIFO)
    i.SPI_EnableInt                          0x00002978   Section        0  spi.o(i.SPI_EnableInt)
    i.SPI_GetIntFlag                         0x000029e0   Section        0  spi.o(i.SPI_GetIntFlag)
    i.SPI_Init                               0x00002a74   Section        0  userspi.o(i.SPI_Init)
    i.SPI_Open                               0x00002af8   Section        0  spi.o(i.SPI_Open)
    i.SYS_ResetModule                        0x00002c18   Section        0  sys.o(i.SYS_ResetModule)
    i.SendACK                                0x00002c48   Section        0  useruart.o(i.SendACK)
    i.SendChar                               0x00002d38   Section        0  retarget.o(i.SendChar)
    i.SendChar_ToUART                        0x00002d44   Section        0  retarget.o(i.SendChar_ToUART)
    i.SendEPPROM                             0x00002d78   Section        0  useruart.o(i.SendEPPROM)
    i.SendIOEcho                             0x00002ed0   Section        0  useruart.o(i.SendIOEcho)
    i.SystemCoreClockUpdate                  0x00003010   Section        0  system_m0518.o(i.SystemCoreClockUpdate)
    i.SystemInit                             0x00003074   Section        0  system_m0518.o(i.SystemInit)
    i.TMR1_IRQHandler                        0x00003078   Section        0  usertimer1.o(i.TMR1_IRQHandler)
    i.TMR2_IRQHandler                        0x00003120   Section        0  usertimer2.o(i.TMR2_IRQHandler)
    i.Timer1_Init                            0x00003144   Section        0  usertimer1.o(i.Timer1_Init)
    i.Timer2_Init                            0x000031d8   Section        0  usertimer2.o(i.Timer2_Init)
    i.UART1_IRQHandler                       0x00003278   Section        0  useruart.o(i.UART1_IRQHandler)
    i.UART_EnableInt                         0x000032d4   Section        0  uart.o(i.UART_EnableInt)
    i.UART_Init                              0x00003344   Section        0  useruart.o(i.UART_Init)
    i.UART_Open                              0x000033d8   Section        0  uart.o(i.UART_Open)
    i.Uart_Send                              0x00003490   Section        0  useruart.o(i.Uart_Send)
    i.UserPWM1_CHK                           0x000034c0   Section        0  userpwm1.o(i.UserPWM1_CHK)
    i.UserPWM1_Capture_Start                 0x000035e4   Section        0  userpwm1.o(i.UserPWM1_Capture_Start)
    i.UserPWM1_Init                          0x00003650   Section        0  userpwm1.o(i.UserPWM1_Init)
    i.UserPWM_Init                           0x000036b0   Section        0  userpwm0.o(i.UserPWM_Init)
    i.UserSystemClk                          0x0000373c   Section        0  usersystem.o(i.UserSystemClk)
    i.__ARM_common_switch8                   0x00003780   Section        0  logrecord.o(i.__ARM_common_switch8)
    i._is_digit                              0x0000379c   Section        0  __printf_wp.o(i._is_digit)
    i.ferror                                 0x000037aa   Section        0  retarget.o(i.ferror)
    i.fputc                                  0x000037b2   Section        0  retarget.o(i.fputc)
    i.main                                   0x000037c4   Section        0  main.o(i.main)
    .constdata                               0x00003a98   Section       48  clk.o(.constdata)
    .constdata                               0x00003ac8   Section       48  uart.o(.constdata)
    .constdata                               0x00003af8   Section       40  _printf_hex_int.o(.constdata)
    uc_hextab                                0x00003af8   Data          20  _printf_hex_int.o(.constdata)
    lc_hextab                                0x00003b0c   Data          20  _printf_hex_int.o(.constdata)
    .data                                    0x20000000   Section       44  system_m0518.o(.data)
    .data                                    0x2000002c   Section        8  retarget.o(.data)
    .data                                    0x20000034   Section       40  logrecord.o(.data)
    .data                                    0x2000005c   Section       13  userpwm0.o(.data)
    cnt                                      0x2000005e   Data           1  userpwm0.o(.data)
    Frequency                                0x20000060   Data           4  userpwm0.o(.data)
    duty                                     0x20000064   Data           4  userpwm0.o(.data)
    .data                                    0x2000006a   Section       16  userpwm1.o(.data)
    d0_cnt                                   0x2000006c   Data           1  userpwm1.o(.data)
    d1_cnt                                   0x2000006d   Data           1  userpwm1.o(.data)
    s_cnt                                    0x2000006e   Data           1  userpwm1.o(.data)
    e_cnt                                    0x2000006f   Data           1  userpwm1.o(.data)
    p_cnt                                    0x20000070   Data           1  userpwm1.o(.data)
    p_gap                                    0x20000071   Data           1  userpwm1.o(.data)
    .data                                    0x2000007a   Section       14  usertimer1.o(.data)
    .data                                    0x20000088   Section        2  usertimer2.o(.data)
    .data                                    0x2000008a   Section        5  usere84_c.o(.data)
    E84Step                                  0x2000008a   Data           1  usere84_c.o(.data)
    TACount                                  0x2000008c   Data           2  usere84_c.o(.data)
    FgE84Test                                0x2000008e   Data           1  usere84_c.o(.data)
    .data                                    0x20000090   Section       63  useruart.o(.data)
    .data                                    0x200000cf   Section        7  userspi.o(.data)
    .bss                                     0x200000d8   Section       48  logrecord.o(.bss)
    .bss                                     0x20000108   Section     1228  useruart.o(.bss)
    .bss                                     0x200005d4   Section      160  userspi.o(.bss)
    .bss                                     0x20000674   Section       96  libspace.o(.bss)
    HEAP                                     0x200006d8   Section        0  startup_m0518.o(HEAP)
    STACK                                    0x200006d8   Section     1024  startup_m0518.o(STACK)
    Heap_Mem                                 0x200006d8   Data           0  startup_m0518.o(HEAP)
    Stack_Mem                                0x200006d8   Data        1024  startup_m0518.o(STACK)
    __initial_sp                             0x20000ad8   Data           0  startup_m0518.o(STACK)

    Global Symbols

    Symbol Name                              Value     Ov Type        Size  Object(Section)

    BuildAttributes$$THM_ISAv3M$S$PE$A:L22$X:L11$S22$IEEE1$IW$USESV6$~STKCKD$USESV7$~SHL$OSPACE$ROPI$EBA8$UX$STANDARDLIB$REQ8$PRES8$EABIv2 0x00000000   Number         0  anon$$obj.o ABSOLUTE
    __ARM_use_no_argv                        0x00000000   Number         0  main.o ABSOLUTE
    __Vectors                                0x00000000   Data           4  startup_m0518.o(RESET)
    _printf_flags                            0x00000000   Number         0  printf_stubs.o ABSOLUTE
    _printf_return_value                     0x00000000   Number         0  printf_stubs.o ABSOLUTE
    _printf_sizespec                         0x00000000   Number         0  printf_stubs.o ABSOLUTE
    _printf_widthprec                        0x00000000   Number         0  printf_stubs.o ABSOLUTE
    __ARM_exceptions_init                     - Undefined Weak Reference
    __alloca_initialize                       - Undefined Weak Reference
    __arm_preinit_                            - Undefined Weak Reference
    __cpp_initialize__aeabi_                  - Undefined Weak Reference
    __cxa_finalize                            - Undefined Weak Reference
    __rt_locale                               - Undefined Weak Reference
    __sigvec_lookup                           - Undefined Weak Reference
    _atexit_init                              - Undefined Weak Reference
    _call_atexit_fns                          - Undefined Weak Reference
    _clock_init                               - Undefined Weak Reference
    _fp_trap_init                             - Undefined Weak Reference
    _fp_trap_shutdown                         - Undefined Weak Reference
    _get_lc_collate                           - Undefined Weak Reference
    _get_lc_ctype                             - Undefined Weak Reference
    _get_lc_monetary                          - Undefined Weak Reference
    _get_lc_numeric                           - Undefined Weak Reference
    _get_lc_time                              - Undefined Weak Reference
    _getenv_init                              - Undefined Weak Reference
    _handle_redirection                       - Undefined Weak Reference
    _init_alloc                               - Undefined Weak Reference
    _init_user_alloc                          - Undefined Weak Reference
    _initio                                   - Undefined Weak Reference
    _printf_post_padding                      - Undefined Weak Reference
    _printf_pre_padding                       - Undefined Weak Reference
    _printf_truncate_signed                   - Undefined Weak Reference
    _printf_truncate_unsigned                 - Undefined Weak Reference
    _rand_init                                - Undefined Weak Reference
    _signal_finish                            - Undefined Weak Reference
    _signal_init                              - Undefined Weak Reference
    _terminate_alloc                          - Undefined Weak Reference
    _terminate_user_alloc                     - Undefined Weak Reference
    _terminateio                              - Undefined Weak Reference
    __main                                   0x000000c1   Thumb Code     8  __main.o(!!!main)
    __scatterload                            0x000000c9   Thumb Code     0  __scatter.o(!!!scatter)
    __scatterload_rt2                        0x000000c9   Thumb Code    52  __scatter.o(!!!scatter)
    __scatterload_rt2_thumb_only             0x000000c9   Thumb Code     0  __scatter.o(!!!scatter)
    __scatterload_null                       0x000000d9   Thumb Code     0  __scatter.o(!!!scatter)
    __scatterload_copy                       0x00000105   Thumb Code    26  __scatter_copy.o(!!handler_copy)
    __scatterload_zeroinit                   0x00000121   Thumb Code    28  __scatter_zi.o(!!handler_zi)
    _printf_percent                          0x0000013d   Thumb Code     0  _printf_percent.o(.ARM.Collect$$_printf_percent$$00000000)
    _printf_x                                0x0000013f   Thumb Code     0  _printf_x.o(.ARM.Collect$$_printf_percent$$0000000C)
    _printf_percent_end                      0x00000149   Thumb Code     0  _printf_percent_end.o(.ARM.Collect$$_printf_percent$$00000017)
    __rt_lib_init                            0x0000014d   Thumb Code     0  libinit.o(.ARM.Collect$$libinit$$00000000)
    __rt_lib_init_alloca_1                   0x0000014f   Thumb Code     0  libinit2.o(.ARM.Collect$$libinit$$0000002E)
    __rt_lib_init_argv_1                     0x0000014f   Thumb Code     0  libinit2.o(.ARM.Collect$$libinit$$0000002C)
    __rt_lib_init_atexit_1                   0x0000014f   Thumb Code     0  libinit2.o(.ARM.Collect$$libinit$$0000001B)
    __rt_lib_init_clock_1                    0x0000014f   Thumb Code     0  libinit2.o(.ARM.Collect$$libinit$$00000021)
    __rt_lib_init_cpp_1                      0x0000014f   Thumb Code     0  libinit2.o(.ARM.Collect$$libinit$$00000032)
    __rt_lib_init_exceptions_1               0x0000014f   Thumb Code     0  libinit2.o(.ARM.Collect$$libinit$$00000030)
    __rt_lib_init_fp_1                       0x0000014f   Thumb Code     0  libinit2.o(.ARM.Collect$$libinit$$00000002)
    __rt_lib_init_fp_trap_1                  0x0000014f   Thumb Code     0  libinit2.o(.ARM.Collect$$libinit$$0000001F)
    __rt_lib_init_getenv_1                   0x0000014f   Thumb Code     0  libinit2.o(.ARM.Collect$$libinit$$00000023)
    __rt_lib_init_heap_1                     0x0000014f   Thumb Code     0  libinit2.o(.ARM.Collect$$libinit$$0000000A)
    __rt_lib_init_lc_collate_1               0x0000014f   Thumb Code     0  libinit2.o(.ARM.Collect$$libinit$$00000011)
    __rt_lib_init_lc_ctype_1                 0x0000014f   Thumb Code     0  libinit2.o(.ARM.Collect$$libinit$$00000013)
    __rt_lib_init_lc_monetary_1              0x0000014f   Thumb Code     0  libinit2.o(.ARM.Collect$$libinit$$00000015)
    __rt_lib_init_lc_numeric_1               0x0000014f   Thumb Code     0  libinit2.o(.ARM.Collect$$libinit$$00000017)
    __rt_lib_init_lc_time_1                  0x0000014f   Thumb Code     0  libinit2.o(.ARM.Collect$$libinit$$00000019)
    __rt_lib_init_preinit_1                  0x0000014f   Thumb Code     0  libinit2.o(.ARM.Collect$$libinit$$00000004)
    __rt_lib_init_rand_1                     0x0000014f   Thumb Code     0  libinit2.o(.ARM.Collect$$libinit$$0000000E)
    __rt_lib_init_return                     0x0000014f   Thumb Code     0  libinit2.o(.ARM.Collect$$libinit$$00000033)
    __rt_lib_init_signal_1                   0x0000014f   Thumb Code     0  libinit2.o(.ARM.Collect$$libinit$$0000001D)
    __rt_lib_init_stdio_1                    0x0000014f   Thumb Code     0  libinit2.o(.ARM.Collect$$libinit$$00000025)
    __rt_lib_init_user_alloc_1               0x0000014f   Thumb Code     0  libinit2.o(.ARM.Collect$$libinit$$0000000C)
    __rt_lib_shutdown                        0x00000151   Thumb Code     0  libshutdown.o(.ARM.Collect$$libshutdown$$00000000)
    __rt_lib_shutdown_cpp_1                  0x00000153   Thumb Code     0  libshutdown2.o(.ARM.Collect$$libshutdown$$00000002)
    __rt_lib_shutdown_fp_trap_1              0x00000153   Thumb Code     0  libshutdown2.o(.ARM.Collect$$libshutdown$$00000007)
    __rt_lib_shutdown_heap_1                 0x00000153   Thumb Code     0  libshutdown2.o(.ARM.Collect$$libshutdown$$0000000F)
    __rt_lib_shutdown_return                 0x00000153   Thumb Code     0  libshutdown2.o(.ARM.Collect$$libshutdown$$00000010)
    __rt_lib_shutdown_signal_1               0x00000153   Thumb Code     0  libshutdown2.o(.ARM.Collect$$libshutdown$$0000000A)
    __rt_lib_shutdown_stdio_1                0x00000153   Thumb Code     0  libshutdown2.o(.ARM.Collect$$libshutdown$$00000004)
    __rt_lib_shutdown_user_alloc_1           0x00000153   Thumb Code     0  libshutdown2.o(.ARM.Collect$$libshutdown$$0000000C)
    __rt_entry                               0x00000155   Thumb Code     0  __rtentry.o(.ARM.Collect$$rtentry$$00000000)
    __rt_entry_presh_1                       0x00000155   Thumb Code     0  __rtentry2.o(.ARM.Collect$$rtentry$$00000002)
    __rt_entry_sh                            0x00000155   Thumb Code     0  __rtentry4.o(.ARM.Collect$$rtentry$$00000004)
    __rt_entry_li                            0x0000015b   Thumb Code     0  __rtentry2.o(.ARM.Collect$$rtentry$$0000000A)
    __rt_entry_postsh_1                      0x0000015b   Thumb Code     0  __rtentry2.o(.ARM.Collect$$rtentry$$00000009)
    __rt_entry_main                          0x0000015f   Thumb Code     0  __rtentry2.o(.ARM.Collect$$rtentry$$0000000D)
    __rt_entry_postli_1                      0x0000015f   Thumb Code     0  __rtentry2.o(.ARM.Collect$$rtentry$$0000000C)
    __rt_exit                                0x00000167   Thumb Code     0  rtexit.o(.ARM.Collect$$rtexit$$00000000)
    __rt_exit_ls                             0x00000169   Thumb Code     0  rtexit2.o(.ARM.Collect$$rtexit$$00000003)
    __rt_exit_prels_1                        0x00000169   Thumb Code     0  rtexit2.o(.ARM.Collect$$rtexit$$00000002)
    __rt_exit_exit                           0x0000016d   Thumb Code     0  rtexit2.o(.ARM.Collect$$rtexit$$00000004)
    Reset_Handler                            0x00000175   Thumb Code    32  startup_m0518.o(.text)
    NMI_Handler                              0x00000195   Thumb Code     2  startup_m0518.o(.text)
    HardFault_Handler                        0x00000197   Thumb Code     2  startup_m0518.o(.text)
    SVC_Handler                              0x00000199   Thumb Code     2  startup_m0518.o(.text)
    PendSV_Handler                           0x0000019b   Thumb Code     2  startup_m0518.o(.text)
    SysTick_Handler                          0x0000019d   Thumb Code     2  startup_m0518.o(.text)
    ADC_IRQHandler                           0x0000019f   Thumb Code     0  startup_m0518.o(.text)
    BOD_IRQHandler                           0x0000019f   Thumb Code     0  startup_m0518.o(.text)
    BPWM0_IRQHandler                         0x0000019f   Thumb Code     0  startup_m0518.o(.text)
    BPWM1_IRQHandler                         0x0000019f   Thumb Code     0  startup_m0518.o(.text)
    BRAKE0_IRQHandler                        0x0000019f   Thumb Code     0  startup_m0518.o(.text)
    BRAKE1_IRQHandler                        0x0000019f   Thumb Code     0  startup_m0518.o(.text)
    CAN0_IRQHandler                          0x0000019f   Thumb Code     0  startup_m0518.o(.text)
    CAN1_IRQHandler                          0x0000019f   Thumb Code     0  startup_m0518.o(.text)
    EINT0_IRQHandler                         0x0000019f   Thumb Code     0  startup_m0518.o(.text)
    EINT1_IRQHandler                         0x0000019f   Thumb Code     0  startup_m0518.o(.text)
    GPAB_IRQHandler                          0x0000019f   Thumb Code     0  startup_m0518.o(.text)
    GPCDEF_IRQHandler                        0x0000019f   Thumb Code     0  startup_m0518.o(.text)
    I2C0_IRQHandler                          0x0000019f   Thumb Code     0  startup_m0518.o(.text)
    I2C1_IRQHandler                          0x0000019f   Thumb Code     0  startup_m0518.o(.text)
    PWRWU_IRQHandler                         0x0000019f   Thumb Code     0  startup_m0518.o(.text)
    RTC_IRQHandler                           0x0000019f   Thumb Code     0  startup_m0518.o(.text)
    TMR0_IRQHandler                          0x0000019f   Thumb Code     0  startup_m0518.o(.text)
    TMR3_IRQHandler                          0x0000019f   Thumb Code     0  startup_m0518.o(.text)
    UART02_IRQHandler                        0x0000019f   Thumb Code     0  startup_m0518.o(.text)
    UART3_IRQHandler                         0x0000019f   Thumb Code     0  startup_m0518.o(.text)
    UART4_IRQHandler                         0x0000019f   Thumb Code     0  startup_m0518.o(.text)
    UART5_IRQHandler                         0x0000019f   Thumb Code     0  startup_m0518.o(.text)
    WDT_IRQHandler                           0x0000019f   Thumb Code     0  startup_m0518.o(.text)
    __user_initial_stackheap                 0x000001a1   Thumb Code     0  startup_m0518.o(.text)
    __2printf                                0x000001d9   Thumb Code    22  noretval__2printf.o(.text)
    _printf_int_hex                          0x000001f5   Thumb Code    84  _printf_hex_int.o(.text)
    _printf_longlong_hex                     0x000001f5   Thumb Code     0  _printf_hex_int.o(.text)
    __printf                                 0x0000024d   Thumb Code   352  __printf_ss_wp.o(.text)
    strcpy                                   0x000003ad   Thumb Code    70  strcpy.o(.text)
    strncmp                                  0x000003f9   Thumb Code   154  strncmp.o(.text)
    __aeabi_uidiv                            0x00000499   Thumb Code     0  aeabi_sdiv.o(.text)
    __aeabi_uidivmod                         0x00000499   Thumb Code    20  aeabi_sdiv.o(.text)
    __aeabi_idiv                             0x000004ad   Thumb Code     0  aeabi_sdiv.o(.text)
    __aeabi_idivmod                          0x000004ad   Thumb Code   326  aeabi_sdiv.o(.text)
    __use_two_region_memory                  0x000005f3   Thumb Code     2  heapauxi.o(.text)
    __rt_heap_escrow$2region                 0x000005f5   Thumb Code     2  heapauxi.o(.text)
    __rt_heap_expand$2region                 0x000005f7   Thumb Code     2  heapauxi.o(.text)
    _printf_int_common                       0x000005f9   Thumb Code   176  _printf_intcommon.o(.text)
    _printf_char_file                        0x000006a9   Thumb Code    34  _printf_char_file.o(.text)
    _printf_char_common                      0x000006db   Thumb Code    32  _printf_char_common.o(.text)
    __user_setup_stackheap                   0x00000701   Thumb Code    62  sys_stackheap_outer.o(.text)
    exit                                     0x0000073f   Thumb Code    16  exit.o(.text)
    __user_libspace                          0x00000751   Thumb Code     8  libspace.o(.text)
    __user_perproc_libspace                  0x00000751   Thumb Code     0  libspace.o(.text)
    __user_perthread_libspace                0x00000751   Thumb Code     0  libspace.o(.text)
    _sys_exit                                0x00000759   Thumb Code     8  sys_exit.o(.text)
    __I$use$semihosting                      0x00000765   Thumb Code     0  use_no_semi.o(.text)
    __use_no_semihosting_swi                 0x00000765   Thumb Code     2  use_no_semi.o(.text)
    __semihosting_library_function           0x00000767   Thumb Code     0  indicate_semi.o(.text)
    CLK_EnableModuleClock                    0x00000769   Thumb Code    52  clk.o(i.CLK_EnableModuleClock)
    CLK_EnablePLL                            0x000007a5   Thumb Code   384  clk.o(i.CLK_EnablePLL)
    CLK_EnableXtalRC                         0x00000951   Thumb Code    12  clk.o(i.CLK_EnableXtalRC)
    CLK_GetHCLKFreq                          0x00000961   Thumb Code    12  clk.o(i.CLK_GetHCLKFreq)
    CLK_SetCoreClock                         0x00000bdd   Thumb Code   144  clk.o(i.CLK_SetCoreClock)
    CLK_SetHCLK                              0x00000c79   Thumb Code    92  clk.o(i.CLK_SetHCLK)
    CLK_SetModuleClock                       0x00000cd9   Thumb Code   108  clk.o(i.CLK_SetModuleClock)
    CLK_SetSysTickClockSrc                   0x00000d4d   Thumb Code    16  clk.o(i.CLK_SetSysTickClockSrc)
    CLK_WaitClockReady                       0x00000d61   Thumb Code    32  clk.o(i.CLK_WaitClockReady)
    CheckE84Step                             0x00000d89   Thumb Code   690  usere84_c.o(i.CheckE84Step)
    CommandDecode                            0x000011ed   Thumb Code   232  useruart.o(i.CommandDecode)
    Delay_10us                               0x000012ed   Thumb Code    16  usertimer2.o(i.Delay_10us)
    Delay_1ms                                0x00001301   Thumb Code    16  usertimer1.o(i.Delay_1ms)
    E84_Controller                           0x00001315   Thumb Code   120  usere84_c.o(i.E84_Controller)
    E84_IR_PWM_Trans                         0x000013dd   Thumb Code    46  userpwm0.o(i.E84_IR_PWM_Trans)
    E84_PWM_Waveform                         0x00001411   Thumb Code   190  userpwm0.o(i.E84_PWM_Waveform)
    EEPROM_Read                              0x000014d1   Thumb Code    90  userspi.o(i.EEPROM_Read)
    EEPROM_Write                             0x0000153d   Thumb Code   124  userspi.o(i.EEPROM_Write)
    EPPROM_Head_Read                         0x000015c1   Thumb Code    90  logrecord.o(i.EPPROM_Head_Read)
    ExecuteCommand                           0x00001631   Thumb Code   872  useruart.o(i.ExecuteCommand)
    GPIO_SetMode                             0x000019e5   Thumb Code    46  gpio.o(i.GPIO_SetMode)
    GetCommandFromRS485                      0x00001a15   Thumb Code   152  useruart.o(i.GetCommandFromRS485)
    GetDataByteFromBuffer                    0x00001ac9   Thumb Code   230  useruart.o(i.GetDataByteFromBuffer)
    Head_Write                               0x00001be1   Thumb Code    26  logrecord.o(i.Head_Write)
    HexToAsciiH                              0x00001c01   Thumb Code    26  useruart.o(i.HexToAsciiH)
    HexToAsciiL                              0x00001c1b   Thumb Code    32  useruart.o(i.HexToAsciiL)
    InitE84_C_Signal                         0x00001c3d   Thumb Code    36  usere84_c.o(i.InitE84_C_Signal)
    Init_E84_IN                              0x00001c69   Thumb Code    34  usere84.o(i.Init_E84_IN)
    Init_E84_OUT                             0x00001c91   Thumb Code    84  usere84.o(i.Init_E84_OUT)
    Log_Record                               0x00001cf5   Thumb Code   710  logrecord.o(i.Log_Record)
    Log_ini                                  0x00001fe1   Thumb Code    20  logrecord.o(i.Log_ini)
    Log_write                                0x00001ffd   Thumb Code   190  logrecord.o(i.Log_write)
    PWM0_IRQHandler                          0x000020e5   Thumb Code    58  userpwm0.o(i.PWM0_IRQHandler)
    PWM1_IRQHandler                          0x00002129   Thumb Code   706  userpwm1.o(i.PWM1_IRQHandler)
    PWM1_PulseCntReset                       0x00002411   Thumb Code    20  userpwm1.o(i.PWM1_PulseCntReset)
    PWM_ClearCaptureIntFlag                  0x00002435   Thumb Code    14  pwm.o(i.PWM_ClearCaptureIntFlag)
    PWM_ClearPeriodIntFlag                   0x00002443   Thumb Code    16  pwm.o(i.PWM_ClearPeriodIntFlag)
    PWM_ConfigCaptureChannel                 0x00002455   Thumb Code   202  pwm.o(i.PWM_ConfigCaptureChannel)
    PWM_ConfigOutputChannel                  0x00002535   Thumb Code   368  pwm.o(i.PWM_ConfigOutputChannel)
    PWM_DisableCaptureInt                    0x000026bd   Thumb Code    22  pwm.o(i.PWM_DisableCaptureInt)
    PWM_DisableDutyInt                       0x000026d5   Thumb Code    16  pwm.o(i.PWM_DisableDutyInt)
    PWM_DisablePeriodInt                     0x000026e9   Thumb Code    24  pwm.o(i.PWM_DisablePeriodInt)
    PWM_EnableCapture                        0x00002701   Thumb Code    26  pwm.o(i.PWM_EnableCapture)
    PWM_EnableCaptureInt                     0x0000271b   Thumb Code    22  pwm.o(i.PWM_EnableCaptureInt)
    PWM_EnableOutput                         0x00002731   Thumb Code    12  pwm.o(i.PWM_EnableOutput)
    PWM_EnablePeriodInt                      0x0000273d   Thumb Code    24  pwm.o(i.PWM_EnablePeriodInt)
    PWM_GetCaptureIntFlag                    0x00002755   Thumb Code    56  pwm.o(i.PWM_GetCaptureIntFlag)
    PWM_GetPeriodIntFlag                     0x0000278d   Thumb Code    32  pwm.o(i.PWM_GetPeriodIntFlag)
    PWM_Start                                0x000027ad   Thumb Code    40  pwm.o(i.PWM_Start)
    PWM_Stop                                 0x000027d5   Thumb Code    42  pwm.o(i.PWM_Stop)
    PWM_Waveform                             0x00002801   Thumb Code   174  userpwm0.o(i.PWM_Waveform)
    RS485_SwitchRx                           0x000028c9   Thumb Code    32  useruart.o(i.RS485_SwitchRx)
    SPI0_IRQHandler                          0x000028ed   Thumb Code    96  userspi.o(i.SPI0_IRQHandler)
    SPI_EnableFIFO                           0x00002959   Thumb Code    32  spi.o(i.SPI_EnableFIFO)
    SPI_EnableInt                            0x00002979   Thumb Code   104  spi.o(i.SPI_EnableInt)
    SPI_GetIntFlag                           0x000029e1   Thumb Code   146  spi.o(i.SPI_GetIntFlag)
    SPI_Init                                 0x00002a75   Thumb Code   110  userspi.o(i.SPI_Init)
    SPI_Open                                 0x00002af9   Thumb Code   282  spi.o(i.SPI_Open)
    SYS_ResetModule                          0x00002c19   Thumb Code    48  sys.o(i.SYS_ResetModule)
    SendACK                                  0x00002c49   Thumb Code   230  useruart.o(i.SendACK)
    SendChar                                 0x00002d39   Thumb Code    12  retarget.o(i.SendChar)
    SendChar_ToUART                          0x00002d45   Thumb Code    48  retarget.o(i.SendChar_ToUART)
    SendEPPROM                               0x00002d79   Thumb Code   330  useruart.o(i.SendEPPROM)
    SendIOEcho                               0x00002ed1   Thumb Code   302  useruart.o(i.SendIOEcho)
    SystemCoreClockUpdate                    0x00003011   Thumb Code    76  system_m0518.o(i.SystemCoreClockUpdate)
    SystemInit                               0x00003075   Thumb Code     2  system_m0518.o(i.SystemInit)
    TMR1_IRQHandler                          0x00003079   Thumb Code   134  usertimer1.o(i.TMR1_IRQHandler)
    TMR2_IRQHandler                          0x00003121   Thumb Code    26  usertimer2.o(i.TMR2_IRQHandler)
    Timer1_Init                              0x00003145   Thumb Code   136  usertimer1.o(i.Timer1_Init)
    Timer2_Init                              0x000031d9   Thumb Code   146  usertimer2.o(i.Timer2_Init)
    UART1_IRQHandler                         0x00003279   Thumb Code    78  useruart.o(i.UART1_IRQHandler)
    UART_EnableInt                           0x000032d5   Thumb Code    90  uart.o(i.UART_EnableInt)
    UART_Init                                0x00003345   Thumb Code   106  useruart.o(i.UART_Init)
    UART_Open                                0x000033d9   Thumb Code   166  uart.o(i.UART_Open)
    Uart_Send                                0x00003491   Thumb Code    46  useruart.o(i.Uart_Send)
    UserPWM1_CHK                             0x000034c1   Thumb Code   278  userpwm1.o(i.UserPWM1_CHK)
    UserPWM1_Capture_Start                   0x000035e5   Thumb Code    96  userpwm1.o(i.UserPWM1_Capture_Start)
    UserPWM1_Init                            0x00003651   Thumb Code    82  userpwm1.o(i.UserPWM1_Init)
    UserPWM_Init                             0x000036b1   Thumb Code   124  userpwm0.o(i.UserPWM_Init)
    UserSystemClk                            0x0000373d   Thumb Code    54  usersystem.o(i.UserSystemClk)
    __ARM_common_switch8                     0x00003781   Thumb Code    28  logrecord.o(i.__ARM_common_switch8)
    _is_digit                                0x0000379d   Thumb Code    14  __printf_wp.o(i._is_digit)
    ferror                                   0x000037ab   Thumb Code     8  retarget.o(i.ferror)
    fputc                                    0x000037b3   Thumb Code    16  retarget.o(i.fputc)
    main                                     0x000037c5   Thumb Code   670  main.o(i.main)
    Region$$Table$$Base                      0x00003b20   Number         0  anon$$obj.o(Region$$Table)
    Region$$Table$$Limit                     0x00003b40   Number         0  anon$$obj.o(Region$$Table)
    SystemCoreClock                          0x20000000   Data           4  system_m0518.o(.data)
    CyclesPerUs                              0x20000004   Data           4  system_m0518.o(.data)
    PllClock                                 0x20000008   Data           4  system_m0518.o(.data)
    gau32ClkSrcTbl                           0x2000000c   Data          32  system_m0518.o(.data)
    __stdout                                 0x2000002c   Data           4  retarget.o(.data)
    __stdin                                  0x20000030   Data           4  retarget.o(.data)
    EPPROM_TLCnt                             0x20000034   Data           4  logrecord.o(.data)
    EPPROM_CLIdx                             0x20000038   Data           4  logrecord.o(.data)
    EPPROM_TFCnt                             0x2000003c   Data           4  logrecord.o(.data)
    EPPROM_CFIdx                             0x20000040   Data           4  logrecord.o(.data)
    EPPROM_RLCnt                             0x20000044   Data           4  logrecord.o(.data)
    EPPROM_Address                           0x20000048   Data           2  logrecord.o(.data)
    E84_STEP                                 0x2000004a   Data           1  logrecord.o(.data)
    LogEnable_flag                           0x2000004b   Data           1  logrecord.o(.data)
    E84_TimeOut                              0x2000004c   Data           8  logrecord.o(.data)
    E84_TimeCount                            0x20000054   Data           8  logrecord.o(.data)
    E84                                      0x2000005c   Data           2  userpwm0.o(.data)
    fgE84_IR_PWM_Trans                       0x20000068   Data           1  userpwm0.o(.data)
    E84_S                                    0x2000006a   Data           2  userpwm1.o(.data)
    H_Period                                 0x20000072   Data           2  userpwm1.o(.data)
    L_Period                                 0x20000074   Data           2  userpwm1.o(.data)
    fgGotTrans                               0x20000076   Data           2  userpwm1.o(.data)
    PB_idx                                   0x20000078   Data           2  userpwm1.o(.data)
    t1ms                                     0x2000007a   Data           2  usertimer1.o(.data)
    t1ms_1                                   0x2000007c   Data           2  usertimer1.o(.data)
    t1ms_2                                   0x2000007e   Data           2  usertimer1.o(.data)
    t1ms_3                                   0x20000080   Data           2  usertimer1.o(.data)
    tlms_4                                   0x20000082   Data           2  usertimer1.o(.data)
    tlms_5                                   0x20000084   Data           2  usertimer1.o(.data)
    t1ms_log                                 0x20000086   Data           2  usertimer1.o(.data)
    t1us                                     0x20000088   Data           2  usertimer2.o(.data)
    pInlast0                                 0x20000090   Data           4  useruart.o(.data)
    pInlast1                                 0x20000094   Data           4  useruart.o(.data)
    pInlast2                                 0x20000098   Data           4  useruart.o(.data)
    pInlast3                                 0x2000009c   Data           4  useruart.o(.data)
    pInlast4                                 0x200000a0   Data           4  useruart.o(.data)
    pInlast5                                 0x200000a4   Data           4  useruart.o(.data)
    pGetlast0                                0x200000a8   Data           4  useruart.o(.data)
    pGetlast1                                0x200000ac   Data           4  useruart.o(.data)
    pGetlast2                                0x200000b0   Data           4  useruart.o(.data)
    pGetlast3                                0x200000b4   Data           4  useruart.o(.data)
    pGetlast4                                0x200000b8   Data           4  useruart.o(.data)
    pGetlast5                                0x200000bc   Data           4  useruart.o(.data)
    gCommandLast                             0x200000c0   Data           2  useruart.o(.data)
    gCommandChecksum                         0x200000c2   Data           1  useruart.o(.data)
    gToolNumber                              0x200000c3   Data           1  useruart.o(.data)
    gCommandType                             0x200000c4   Data           3  useruart.o(.data)
    gCommandName                             0x200000c7   Data           5  useruart.o(.data)
    gCommandComplete                         0x200000cc   Data           1  useruart.o(.data)
    gCommandStartByte                        0x200000cd   Data           1  useruart.o(.data)
    gUart1_flg                               0x200000ce   Data           1  useruart.o(.data)
    gSPITxTotalCount                         0x200000cf   Data           1  userspi.o(.data)
    gSPITxCount                              0x200000d0   Data           1  userspi.o(.data)
    gSPIRxCount                              0x200000d1   Data           1  userspi.o(.data)
    gSPITxStartFlag                          0x200000d2   Data           1  userspi.o(.data)
    gSPIRxDataOK                             0x200000d3   Data           1  userspi.o(.data)
    g_u8TxDataCount                          0x200000d4   Data           1  userspi.o(.data)
    g_u8RxDataCount                          0x200000d5   Data           1  userspi.o(.data)
    EPPROM_Head                              0x200000d8   Data          16  logrecord.o(.bss)
    EPPROM_Data_Normal                       0x200000e8   Data          16  logrecord.o(.bss)
    EPPROM_Data_Fail                         0x200000f8   Data          16  logrecord.o(.bss)
    gSendData                                0x20000108   Data          12  useruart.o(.bss)
    gReceiveData0                            0x20000114   Data         256  useruart.o(.bss)
    gReceiveData1                            0x20000214   Data         256  useruart.o(.bss)
    gReceiveData2                            0x20000314   Data         128  useruart.o(.bss)
    gReceiveData3                            0x20000394   Data         128  useruart.o(.bss)
    gReceiveData4                            0x20000414   Data         128  useruart.o(.bss)
    gReceiveData5                            0x20000494   Data          64  useruart.o(.bss)
    gCommandData                             0x200004d4   Data         256  useruart.o(.bss)
    gSPISendData                             0x200005d4   Data          64  userspi.o(.bss)
    gSPIReceiveData                          0x20000614   Data          64  userspi.o(.bss)
    g_au8SourceData                          0x20000654   Data          16  userspi.o(.bss)
    g_au8DestinationData                     0x20000664   Data          16  userspi.o(.bss)
    __libspace_start                         0x20000674   Data          96  libspace.o(.bss)
    __temporary_stack_top$libspace           0x200006d4   Data           0  libspace.o(.bss)



==============================================================================

Memory Map of the image

  Image Entry point : 0x00000175

  Load Region LR_1 (Base: 0x00000000, Size: 0x00003c18, Max: 0xffffffff, ABSOLUTE)

    Execution Region ER_RO (Exec base: 0x00000000, Load base: 0x00000000, Size: 0x00003b40, Max: 0xffffffff, ABSOLUTE)

    Exec Addr    Load Addr    Size         Type   Attr      Idx    E Section Name        Object

    0x00000000   0x00000000   0x000000c0   Data   RO           73    RESET               startup_m0518.o
    0x000000c0   0x000000c0   0x00000008   Code   RO         1874  * !!!main             c_p.l(__main.o)
    0x000000c8   0x000000c8   0x0000003c   Code   RO         2052    !!!scatter          c_p.l(__scatter.o)
    0x00000104   0x00000104   0x0000001a   Code   RO         2054    !!handler_copy      c_p.l(__scatter_copy.o)
    0x0000011e   0x0000011e   0x00000002   PAD
    0x00000120   0x00000120   0x0000001c   Code   RO         2056    !!handler_zi        c_p.l(__scatter_zi.o)
    0x0000013c   0x0000013c   0x00000002   Code   RO         1859    .ARM.Collect$$_printf_percent$$00000000  c_p.l(_printf_percent.o)
    0x0000013e   0x0000013e   0x0000000a   Code   RO         1856    .ARM.Collect$$_printf_percent$$0000000C  c_p.l(_printf_x.o)
    0x00000148   0x00000148   0x00000004   Code   RO         1885    .ARM.Collect$$_printf_percent$$00000017  c_p.l(_printf_percent_end.o)
    0x0000014c   0x0000014c   0x00000002   Code   RO         1923    .ARM.Collect$$libinit$$00000000  c_p.l(libinit.o)
    0x0000014e   0x0000014e   0x00000000   Code   RO         1937    .ARM.Collect$$libinit$$00000002  c_p.l(libinit2.o)
    0x0000014e   0x0000014e   0x00000000   Code   RO         1939    .ARM.Collect$$libinit$$00000004  c_p.l(libinit2.o)
    0x0000014e   0x0000014e   0x00000000   Code   RO         1942    .ARM.Collect$$libinit$$0000000A  c_p.l(libinit2.o)
    0x0000014e   0x0000014e   0x00000000   Code   RO         1944    .ARM.Collect$$libinit$$0000000C  c_p.l(libinit2.o)
    0x0000014e   0x0000014e   0x00000000   Code   RO         1946    .ARM.Collect$$libinit$$0000000E  c_p.l(libinit2.o)
    0x0000014e   0x0000014e   0x00000000   Code   RO         1949    .ARM.Collect$$libinit$$00000011  c_p.l(libinit2.o)
    0x0000014e   0x0000014e   0x00000000   Code   RO         1951    .ARM.Collect$$libinit$$00000013  c_p.l(libinit2.o)
    0x0000014e   0x0000014e   0x00000000   Code   RO         1953    .ARM.Collect$$libinit$$00000015  c_p.l(libinit2.o)
    0x0000014e   0x0000014e   0x00000000   Code   RO         1955    .ARM.Collect$$libinit$$00000017  c_p.l(libinit2.o)
    0x0000014e   0x0000014e   0x00000000   Code   RO         1957    .ARM.Collect$$libinit$$00000019  c_p.l(libinit2.o)
    0x0000014e   0x0000014e   0x00000000   Code   RO         1959    .ARM.Collect$$libinit$$0000001B  c_p.l(libinit2.o)
    0x0000014e   0x0000014e   0x00000000   Code   RO         1961    .ARM.Collect$$libinit$$0000001D  c_p.l(libinit2.o)
    0x0000014e   0x0000014e   0x00000000   Code   RO         1963    .ARM.Collect$$libinit$$0000001F  c_p.l(libinit2.o)
    0x0000014e   0x0000014e   0x00000000   Code   RO         1965    .ARM.Collect$$libinit$$00000021  c_p.l(libinit2.o)
    0x0000014e   0x0000014e   0x00000000   Code   RO         1967    .ARM.Collect$$libinit$$00000023  c_p.l(libinit2.o)
    0x0000014e   0x0000014e   0x00000000   Code   RO         1969    .ARM.Collect$$libinit$$00000025  c_p.l(libinit2.o)
    0x0000014e   0x0000014e   0x00000000   Code   RO         1973    .ARM.Collect$$libinit$$0000002C  c_p.l(libinit2.o)
    0x0000014e   0x0000014e   0x00000000   Code   RO         1975    .ARM.Collect$$libinit$$0000002E  c_p.l(libinit2.o)
    0x0000014e   0x0000014e   0x00000000   Code   RO         1977    .ARM.Collect$$libinit$$00000030  c_p.l(libinit2.o)
    0x0000014e   0x0000014e   0x00000000   Code   RO         1979    .ARM.Collect$$libinit$$00000032  c_p.l(libinit2.o)
    0x0000014e   0x0000014e   0x00000002   Code   RO         1980    .ARM.Collect$$libinit$$00000033  c_p.l(libinit2.o)
    0x00000150   0x00000150   0x00000002   Code   RO         2009    .ARM.Collect$$libshutdown$$00000000  c_p.l(libshutdown.o)
    0x00000152   0x00000152   0x00000000   Code   RO         2035    .ARM.Collect$$libshutdown$$00000002  c_p.l(libshutdown2.o)
    0x00000152   0x00000152   0x00000000   Code   RO         2037    .ARM.Collect$$libshutdown$$00000004  c_p.l(libshutdown2.o)
    0x00000152   0x00000152   0x00000000   Code   RO         2040    .ARM.Collect$$libshutdown$$00000007  c_p.l(libshutdown2.o)
    0x00000152   0x00000152   0x00000000   Code   RO         2043    .ARM.Collect$$libshutdown$$0000000A  c_p.l(libshutdown2.o)
    0x00000152   0x00000152   0x00000000   Code   RO         2045    .ARM.Collect$$libshutdown$$0000000C  c_p.l(libshutdown2.o)
    0x00000152   0x00000152   0x00000000   Code   RO         2048    .ARM.Collect$$libshutdown$$0000000F  c_p.l(libshutdown2.o)
    0x00000152   0x00000152   0x00000002   Code   RO         2049    .ARM.Collect$$libshutdown$$00000010  c_p.l(libshutdown2.o)
    0x00000154   0x00000154   0x00000000   Code   RO         1876    .ARM.Collect$$rtentry$$00000000  c_p.l(__rtentry.o)
    0x00000154   0x00000154   0x00000000   Code   RO         1889    .ARM.Collect$$rtentry$$00000002  c_p.l(__rtentry2.o)
    0x00000154   0x00000154   0x00000006   Code   RO         1901    .ARM.Collect$$rtentry$$00000004  c_p.l(__rtentry4.o)
    0x0000015a   0x0000015a   0x00000000   Code   RO         1891    .ARM.Collect$$rtentry$$00000009  c_p.l(__rtentry2.o)
    0x0000015a   0x0000015a   0x00000004   Code   RO         1892    .ARM.Collect$$rtentry$$0000000A  c_p.l(__rtentry2.o)
    0x0000015e   0x0000015e   0x00000000   Code   RO         1894    .ARM.Collect$$rtentry$$0000000C  c_p.l(__rtentry2.o)
    0x0000015e   0x0000015e   0x00000008   Code   RO         1895    .ARM.Collect$$rtentry$$0000000D  c_p.l(__rtentry2.o)
    0x00000166   0x00000166   0x00000002   Code   RO         1928    .ARM.Collect$$rtexit$$00000000  c_p.l(rtexit.o)
    0x00000168   0x00000168   0x00000000   Code   RO         1984    .ARM.Collect$$rtexit$$00000002  c_p.l(rtexit2.o)
    0x00000168   0x00000168   0x00000004   Code   RO         1985    .ARM.Collect$$rtexit$$00000003  c_p.l(rtexit2.o)
    0x0000016c   0x0000016c   0x00000006   Code   RO         1986    .ARM.Collect$$rtexit$$00000004  c_p.l(rtexit2.o)
    0x00000172   0x00000172   0x00000002   PAD
    0x00000174   0x00000174   0x00000064   Code   RO           74  * .text               startup_m0518.o
    0x000001d8   0x000001d8   0x0000001c   Code   RO         1809    .text               c_p.l(noretval__2printf.o)
    0x000001f4   0x000001f4   0x00000058   Code   RO         1818    .text               c_p.l(_printf_hex_int.o)
    0x0000024c   0x0000024c   0x00000160   Code   RO         1851    .text               c_p.l(__printf_ss_wp.o)
    0x000003ac   0x000003ac   0x0000004c   Code   RO         1860    .text               c_p.l(strcpy.o)
    0x000003f8   0x000003f8   0x000000a0   Code   RO         1862    .text               c_p.l(strncmp.o)
    0x00000498   0x00000498   0x0000015a   Code   RO         1868    .text               c_p.l(aeabi_sdiv.o)
    0x000005f2   0x000005f2   0x00000006   Code   RO         1872    .text               c_p.l(heapauxi.o)
    0x000005f8   0x000005f8   0x000000b0   Code   RO         1881    .text               c_p.l(_printf_intcommon.o)
    0x000006a8   0x000006a8   0x00000028   Code   RO         1883    .text               c_p.l(_printf_char_file.o)
    0x000006d0   0x000006d0   0x00000030   Code   RO         1905    .text               c_p.l(_printf_char_common.o)
    0x00000700   0x00000700   0x0000003e   Code   RO         1907    .text               c_p.l(sys_stackheap_outer.o)
    0x0000073e   0x0000073e   0x00000010   Code   RO         1912    .text               c_p.l(exit.o)
    0x0000074e   0x0000074e   0x00000002   PAD
    0x00000750   0x00000750   0x00000008   Code   RO         1924    .text               c_p.l(libspace.o)
    0x00000758   0x00000758   0x0000000c   Code   RO         1981    .text               c_p.l(sys_exit.o)
    0x00000764   0x00000764   0x00000002   Code   RO         1998    .text               c_p.l(use_no_semi.o)
    0x00000766   0x00000766   0x00000000   Code   RO         2000    .text               c_p.l(indicate_semi.o)
    0x00000766   0x00000766   0x00000002   PAD
    0x00000768   0x00000768   0x0000003c   Code   RO          466    i.CLK_EnableModuleClock  clk.o
    0x000007a4   0x000007a4   0x000001ac   Code   RO          467    i.CLK_EnablePLL     clk.o
    0x00000950   0x00000950   0x00000010   Code   RO          468    i.CLK_EnableXtalRC  clk.o
    0x00000960   0x00000960   0x00000010   Code   RO          470    i.CLK_GetHCLKFreq   clk.o
    0x00000970   0x00000970   0x0000007c   Code   RO            3    i.CLK_GetPLLClockFreq  system_m0518.o
    0x000009ec   0x000009ec   0x0000007c   Code   RO          473    i.CLK_GetPLLClockFreq  clk.o
    0x00000a68   0x00000a68   0x0000007c   Code   RO          595    i.CLK_GetPLLClockFreq  pwm.o
    0x00000ae4   0x00000ae4   0x0000007c   Code   RO         1030    i.CLK_GetPLLClockFreq  uart.o
    0x00000b60   0x00000b60   0x0000007c   Code   RO         1150    i.CLK_GetPLLClockFreq  spi.o
    0x00000bdc   0x00000bdc   0x0000009c   Code   RO          476    i.CLK_SetCoreClock  clk.o
    0x00000c78   0x00000c78   0x00000060   Code   RO          477    i.CLK_SetHCLK       clk.o
    0x00000cd8   0x00000cd8   0x00000074   Code   RO          478    i.CLK_SetModuleClock  clk.o
    0x00000d4c   0x00000d4c   0x00000014   Code   RO          479    i.CLK_SetSysTickClockSrc  clk.o
    0x00000d60   0x00000d60   0x00000028   Code   RO          480    i.CLK_WaitClockReady  clk.o
    0x00000d88   0x00000d88   0x00000464   Code   RO         1592    i.CheckE84Step      usere84_c.o
    0x000011ec   0x000011ec   0x00000100   Code   RO         1641    i.CommandDecode     useruart.o
    0x000012ec   0x000012ec   0x00000014   Code   RO         1531    i.Delay_10us        usertimer2.o
    0x00001300   0x00001300   0x00000014   Code   RO         1496    i.Delay_1ms         usertimer1.o
    0x00001314   0x00001314   0x000000c8   Code   RO         1594    i.E84_Controller    usere84_c.o
    0x000013dc   0x000013dc   0x00000034   Code   RO         1350    i.E84_IR_PWM_Trans  userpwm0.o
    0x00001410   0x00001410   0x000000be   Code   RO         1351    i.E84_PWM_Waveform  userpwm0.o
    0x000014ce   0x000014ce   0x00000002   PAD
    0x000014d0   0x000014d0   0x0000006c   Code   RO         1753    i.EEPROM_Read       userspi.o
    0x0000153c   0x0000153c   0x00000084   Code   RO         1755    i.EEPROM_Write      userspi.o
    0x000015c0   0x000015c0   0x00000070   Code   RO          270    i.EPPROM_Head_Read  logrecord.o
    0x00001630   0x00001630   0x000003b4   Code   RO         1642    i.ExecuteCommand    useruart.o
    0x000019e4   0x000019e4   0x0000002e   Code   RO          431    i.GPIO_SetMode      gpio.o
    0x00001a12   0x00001a12   0x00000002   PAD
    0x00001a14   0x00001a14   0x000000b4   Code   RO         1643    i.GetCommandFromRS485  useruart.o
    0x00001ac8   0x00001ac8   0x00000118   Code   RO         1644    i.GetDataByteFromBuffer  useruart.o
    0x00001be0   0x00001be0   0x00000020   Code   RO          272    i.Head_Write        logrecord.o
    0x00001c00   0x00001c00   0x0000001a   Code   RO         1645    i.HexToAsciiH       useruart.o
    0x00001c1a   0x00001c1a   0x00000020   Code   RO         1646    i.HexToAsciiL       useruart.o
    0x00001c3a   0x00001c3a   0x00000002   PAD
    0x00001c3c   0x00001c3c   0x0000002c   Code   RO         1596    i.InitE84_C_Signal  usere84_c.o
    0x00001c68   0x00001c68   0x00000028   Code   RO         1262    i.Init_E84_IN       usere84.o
    0x00001c90   0x00001c90   0x00000064   Code   RO         1263    i.Init_E84_OUT      usere84.o
    0x00001cf4   0x00001cf4   0x000002ec   Code   RO          273    i.Log_Record        logrecord.o
    0x00001fe0   0x00001fe0   0x0000001c   Code   RO          274    i.Log_ini           logrecord.o
    0x00001ffc   0x00001ffc   0x000000d4   Code   RO          275    i.Log_write         logrecord.o
    0x000020d0   0x000020d0   0x00000014   Code   RO         1032    i.NVIC_EnableIRQ    uart.o
    0x000020e4   0x000020e4   0x00000044   Code   RO         1352    i.PWM0_IRQHandler   userpwm0.o
    0x00002128   0x00002128   0x000002e8   Code   RO         1411    i.PWM1_IRQHandler   userpwm1.o
    0x00002410   0x00002410   0x00000024   Code   RO         1412    i.PWM1_PulseCntReset  userpwm1.o
    0x00002434   0x00002434   0x0000000e   Code   RO          597    i.PWM_ClearCaptureIntFlag  pwm.o
    0x00002442   0x00002442   0x00000010   Code   RO          600    i.PWM_ClearPeriodIntFlag  pwm.o
    0x00002452   0x00002452   0x00000002   PAD
    0x00002454   0x00002454   0x000000e0   Code   RO          603    i.PWM_ConfigCaptureChannel  pwm.o
    0x00002534   0x00002534   0x00000188   Code   RO          604    i.PWM_ConfigOutputChannel  pwm.o
    0x000026bc   0x000026bc   0x00000016   Code   RO          609    i.PWM_DisableCaptureInt  pwm.o
    0x000026d2   0x000026d2   0x00000002   PAD
    0x000026d4   0x000026d4   0x00000014   Code   RO          611    i.PWM_DisableDutyInt  pwm.o
    0x000026e8   0x000026e8   0x00000018   Code   RO          615    i.PWM_DisablePeriodInt  pwm.o
    0x00002700   0x00002700   0x0000001a   Code   RO          620    i.PWM_EnableCapture  pwm.o
    0x0000271a   0x0000271a   0x00000016   Code   RO          621    i.PWM_EnableCaptureInt  pwm.o
    0x00002730   0x00002730   0x0000000c   Code   RO          627    i.PWM_EnableOutput  pwm.o
    0x0000273c   0x0000273c   0x00000018   Code   RO          628    i.PWM_EnablePeriodInt  pwm.o
    0x00002754   0x00002754   0x00000038   Code   RO          632    i.PWM_GetCaptureIntFlag  pwm.o
    0x0000278c   0x0000278c   0x00000020   Code   RO          635    i.PWM_GetPeriodIntFlag  pwm.o
    0x000027ac   0x000027ac   0x00000028   Code   RO          640    i.PWM_Start         pwm.o
    0x000027d4   0x000027d4   0x0000002a   Code   RO          641    i.PWM_Stop          pwm.o
    0x000027fe   0x000027fe   0x00000002   PAD
    0x00002800   0x00002800   0x000000c8   Code   RO         1353    i.PWM_Waveform      userpwm0.o
    0x000028c8   0x000028c8   0x00000024   Code   RO         1647    i.RS485_SwitchRx    useruart.o
    0x000028ec   0x000028ec   0x0000006c   Code   RO         1756    i.SPI0_IRQHandler   userspi.o
    0x00002958   0x00002958   0x00000020   Code   RO         1159    i.SPI_EnableFIFO    spi.o
    0x00002978   0x00002978   0x00000068   Code   RO         1160    i.SPI_EnableInt     spi.o
    0x000029e0   0x000029e0   0x00000092   Code   RO         1162    i.SPI_GetIntFlag    spi.o
    0x00002a72   0x00002a72   0x00000002   PAD
    0x00002a74   0x00002a74   0x00000084   Code   RO         1757    i.SPI_Init          userspi.o
    0x00002af8   0x00002af8   0x00000120   Code   RO         1164    i.SPI_Open          spi.o
    0x00002c18   0x00002c18   0x00000030   Code   RO          902    i.SYS_ResetModule   sys.o
    0x00002c48   0x00002c48   0x000000f0   Code   RO         1648    i.SendACK           useruart.o
    0x00002d38   0x00002d38   0x0000000c   Code   RO           92    i.SendChar          retarget.o
    0x00002d44   0x00002d44   0x00000034   Code   RO           93    i.SendChar_ToUART   retarget.o
    0x00002d78   0x00002d78   0x00000158   Code   RO         1649    i.SendEPPROM        useruart.o
    0x00002ed0   0x00002ed0   0x00000140   Code   RO         1650    i.SendIOEcho        useruart.o
    0x00003010   0x00003010   0x00000064   Code   RO            4    i.SystemCoreClockUpdate  system_m0518.o
    0x00003074   0x00003074   0x00000002   Code   RO            5    i.SystemInit        system_m0518.o
    0x00003076   0x00003076   0x00000002   PAD
    0x00003078   0x00003078   0x000000a8   Code   RO         1497    i.TMR1_IRQHandler   usertimer1.o
    0x00003120   0x00003120   0x00000024   Code   RO         1532    i.TMR2_IRQHandler   usertimer2.o
    0x00003144   0x00003144   0x00000094   Code   RO         1498    i.Timer1_Init       usertimer1.o
    0x000031d8   0x000031d8   0x000000a0   Code   RO         1533    i.Timer2_Init       usertimer2.o
    0x00003278   0x00003278   0x0000005c   Code   RO         1651    i.UART1_IRQHandler  useruart.o
    0x000032d4   0x000032d4   0x00000070   Code   RO         1038    i.UART_EnableInt    uart.o
    0x00003344   0x00003344   0x00000094   Code   RO         1652    i.UART_Init         useruart.o
    0x000033d8   0x000033d8   0x000000b8   Code   RO         1039    i.UART_Open         uart.o
    0x00003490   0x00003490   0x0000002e   Code   RO         1653    i.Uart_Send         useruart.o
    0x000034be   0x000034be   0x00000002   PAD
    0x000034c0   0x000034c0   0x00000124   Code   RO         1414    i.UserPWM1_CHK      userpwm1.o
    0x000035e4   0x000035e4   0x0000006c   Code   RO         1415    i.UserPWM1_Capture_Start  userpwm1.o
    0x00003650   0x00003650   0x00000060   Code   RO         1416    i.UserPWM1_Init     userpwm1.o
    0x000036b0   0x000036b0   0x0000008c   Code   RO         1354    i.UserPWM_Init      userpwm0.o
    0x0000373c   0x0000373c   0x00000044   Code   RO         1476    i.UserSystemClk     usersystem.o
    0x00003780   0x00003780   0x0000001c   Code   RO          319    i.__ARM_common_switch8  logrecord.o
    0x0000379c   0x0000379c   0x0000000e   Code   RO         1846    i._is_digit         c_p.l(__printf_wp.o)
    0x000037aa   0x000037aa   0x00000008   Code   RO           95    i.ferror            retarget.o
    0x000037b2   0x000037b2   0x00000010   Code   RO           97    i.fputc             retarget.o
    0x000037c2   0x000037c2   0x00000002   PAD
    0x000037c4   0x000037c4   0x000002d4   Code   RO          181    i.main              main.o
    0x00003a98   0x00003a98   0x00000030   Data   RO          481    .constdata          clk.o
    0x00003ac8   0x00003ac8   0x00000030   Data   RO         1047    .constdata          uart.o
    0x00003af8   0x00003af8   0x00000028   Data   RO         1819    .constdata          c_p.l(_printf_hex_int.o)
    0x00003b20   0x00003b20   0x00000020   Data   RO         2050    Region$$Table       anon$$obj.o


    Execution Region ER_RW (Exec base: 0x20000000, Load base: 0x00003b40, Size: 0x000000d8, Max: 0xffffffff, ABSOLUTE)

    Exec Addr    Load Addr    Size         Type   Attr      Idx    E Section Name        Object

    0x20000000   0x00003b40   0x0000002c   Data   RW            6    .data               system_m0518.o
    0x2000002c   0x00003b6c   0x00000008   Data   RW           99    .data               retarget.o
    0x20000034   0x00003b74   0x00000028   Data   RW          277    .data               logrecord.o
    0x2000005c   0x00003b9c   0x0000000d   Data   RW         1355    .data               userpwm0.o
    0x20000069   0x00003ba9   0x00000001   PAD
    0x2000006a   0x00003baa   0x00000010   Data   RW         1418    .data               userpwm1.o
    0x2000007a   0x00003bba   0x0000000e   Data   RW         1499    .data               usertimer1.o
    0x20000088   0x00003bc8   0x00000002   Data   RW         1534    .data               usertimer2.o
    0x2000008a   0x00003bca   0x00000005   Data   RW         1597    .data               usere84_c.o
    0x2000008f   0x00003bcf   0x00000001   PAD
    0x20000090   0x00003bd0   0x0000003f   Data   RW         1655    .data               useruart.o
    0x200000cf   0x00003c0f   0x00000007   Data   RW         1760    .data               userspi.o


    Execution Region ER_ZI (Exec base: 0x200000d8, Load base: 0x00003c18, Size: 0x00000a00, Max: 0xffffffff, ABSOLUTE)

    Exec Addr    Load Addr    Size         Type   Attr      Idx    E Section Name        Object

    0x200000d8        -       0x00000030   Zero   RW          276    .bss                logrecord.o
    0x20000108        -       0x000004cc   Zero   RW         1654    .bss                useruart.o
    0x200005d4        -       0x000000a0   Zero   RW         1759    .bss                userspi.o
    0x20000674        -       0x00000060   Zero   RW         1925    .bss                c_p.l(libspace.o)
    0x200006d4   0x00003c18   0x00000004   PAD
    0x200006d8        -       0x00000000   Zero   RW           72    HEAP                startup_m0518.o
    0x200006d8        -       0x00000400   Zero   RW           71    STACK               startup_m0518.o


==============================================================================

Image component sizes


      Code (inc. data)   RO Data    RW Data    ZI Data      Debug   Object Name

      1072        108         48          0          0       6453   clk.o
        46          0          0          0          0        847   gpio.o
      1160        110          0         40         48       4775   logrecord.o
       724         54          0          0          0     150919   main.o
      1090         62          0          0          0       9866   pwm.o
        88          4          0          8          0     108880   retarget.o
       694         18          0          0          0       3829   spi.o
       100         46        192          0       1024        608   startup_m0518.o
        48          0          0          0          0        450   sys.o
       226         36          0         44          0      17875   system_m0518.o
       440         58         48          0          0       8497   uart.o
       140         22          0          0          0       2713   usere84.o
      1368        538          0          5          0       2455   usere84_c.o
       650         58          0         13          0       9011   userpwm0.o
      1276        106          0         16          0       3798   userpwm1.o
       480         60          0          7        160       3488   userspi.o
        68         14          0          0          0        460   usersystem.o
       336         50          0         14          0       2099   usertimer1.o
       216         28          0          2          0       1840   usertimer2.o
      2948        288          0         63       1228      16336   useruart.o

    ----------------------------------------------------------------------
     13190       1660        320        216       2460     355199   Object Totals
         0          0         32          0          0          0   (incl. Generated)
        20          0          0          4          0          0   (incl. Padding)

    ----------------------------------------------------------------------

      Code (inc. data)   RO Data    RW Data    ZI Data      Debug   Library Member Name

         8          0          0          0          0         68   __main.o
       352          0          0          0          0         76   __printf_ss_wp.o
        14          0          0          0          0         60   __printf_wp.o
         0          0          0          0          0          0   __rtentry.o
        12          0          0          0          0          0   __rtentry2.o
         6          0          0          0          0          0   __rtentry4.o
        60          8          0          0          0          0   __scatter.o
        26          0          0          0          0          0   __scatter_copy.o
        28          0          0          0          0          0   __scatter_zi.o
        48          6          0          0          0         88   _printf_char_common.o
        40          6          0          0          0         72   _printf_char_file.o
        88          4         40          0          0         72   _printf_hex_int.o
       176          0          0          0          0         84   _printf_intcommon.o
         2          0          0          0          0          0   _printf_percent.o
         4          0          0          0          0          0   _printf_percent_end.o
        10          0          0          0          0          0   _printf_x.o
       346          0          0          0          0         92   aeabi_sdiv.o
        16          0          0          0          0         68   exit.o
         6          0          0          0          0        136   heapauxi.o
         0          0          0          0          0          0   indicate_semi.o
         2          0          0          0          0          0   libinit.o
         2          0          0          0          0          0   libinit2.o
         2          0          0          0          0          0   libshutdown.o
         2          0          0          0          0          0   libshutdown2.o
         8          4          0          0         96         68   libspace.o
        28          6          0          0          0         84   noretval__2printf.o
         2          0          0          0          0          0   rtexit.o
        10          0          0          0          0          0   rtexit2.o
        76          6          0          0          0         72   strcpy.o
       160          6          0          0          0         76   strncmp.o
        12          4          0          0          0         60   sys_exit.o
        62          0          0          0          0         80   sys_stackheap_outer.o
         2          0          0          0          0         68   use_no_semi.o

    ----------------------------------------------------------------------
      1618         50         40          0        100       1324   Library Totals
         8          0          0          0          4          0   (incl. Padding)

    ----------------------------------------------------------------------

      Code (inc. data)   RO Data    RW Data    ZI Data      Debug   Library Name

      1610         50         40          0         96       1324   c_p.l

    ----------------------------------------------------------------------
      1618         50         40          0        100       1324   Library Totals

    ----------------------------------------------------------------------

==============================================================================


      Code (inc. data)   RO Data    RW Data    ZI Data      Debug   

     14808       1710        360        216       2560     352155   Grand Totals
     14808       1710        360        216       2560     352155   ELF Image Totals
     14808       1710        360        216          0          0   ROM Totals

==============================================================================

    Total RO  Size (Code + RO Data)                15168 (  14.81kB)
    Total RW  Size (RW Data + ZI Data)              2776 (   2.71kB)
    Total ROM Size (Code + RO Data + RW Data)      15384 (  15.02kB)

==============================================================================

