Component: ARM Compiler 5.06 update 7 (build 960) Tool: armlink [4d3601]

==============================================================================

Section Cross References

    system_m0518.o(i.CLK_GetPLLClockFreq) refers to aeabi_sdiv.o(.text) for __aeabi_uidivmod
    system_m0518.o(i.SystemCoreClockUpdate) refers to system_m0518.o(i.CLK_GetPLLClockFreq) for CLK_GetPLLClockFreq
    system_m0518.o(i.SystemCoreClockUpdate) refers to aeabi_sdiv.o(.text) for __aeabi_uidivmod
    system_m0518.o(i.SystemCoreClockUpdate) refers to system_m0518.o(.data) for PllClock
    startup_m0518.o(STACK) refers (Special) to heapauxi.o(.text) for __use_two_region_memory
    startup_m0518.o(HEAP) refers (Special) to heapauxi.o(.text) for __use_two_region_memory
    startup_m0518.o(RESET) refers (Special) to heapauxi.o(.text) for __use_two_region_memory
    startup_m0518.o(RESET) refers to startup_m0518.o(STACK) for __initial_sp
    startup_m0518.o(RESET) refers to startup_m0518.o(.text) for Reset_Handler
    startup_m0518.o(RESET) refers to usertimer1.o(i.TMR1_IRQHandler) for TMR1_IRQHandler
    startup_m0518.o(RESET) refers to usertimer2.o(i.TMR2_IRQHandler) for TMR2_IRQHandler
    startup_m0518.o(RESET) refers to userpwm0.o(i.PWM0_IRQHandler) for PWM0_IRQHandler
    startup_m0518.o(RESET) refers to userpwm1.o(i.PWM1_IRQHandler) for PWM1_IRQHandler
    startup_m0518.o(.text) refers (Special) to heapauxi.o(.text) for __use_two_region_memory
    startup_m0518.o(.text) refers to system_m0518.o(i.SystemInit) for SystemInit
    startup_m0518.o(.text) refers to __main.o(!!!main) for __main
    startup_m0518.o(.text) refers to startup_m0518.o(HEAP) for Heap_Mem
    startup_m0518.o(.text) refers to startup_m0518.o(STACK) for Stack_Mem
    retarget.o(i.SendChar) refers to retarget.o(i.SendChar_ToUART) for SendChar_ToUART
    retarget.o(i._ttywrch) refers to retarget.o(i.SendChar) for SendChar
    retarget.o(i.fgetc) refers to retarget.o(i.GetChar) for GetChar
    retarget.o(i.fputc) refers to retarget.o(i.SendChar) for SendChar
    main.o(i.main) refers to usersystem.o(i.UserSystemClk) for UserSystemClk
    main.o(i.main) refers to usertimer1.o(i.Timer1_Init) for Timer1_Init
    main.o(i.main) refers to usertimer2.o(i.Timer2_Init) for Timer2_Init
    main.o(i.main) refers to userpwm0.o(i.UserPWM_Init) for UserPWM_Init
    main.o(i.main) refers to userpwm1.o(i.UserPWM1_Init) for UserPWM1_Init
    main.o(i.main) refers to userpwm1.o(i.UserPWM1_Capture_Start) for UserPWM1_Capture_Start
    main.o(i.main) refers to usere84_c.o(i.InitE84_C_Signal) for InitE84_C_Signal
    main.o(i.main) refers to usere84.o(i.Init_E84_IN) for Init_E84_IN
    main.o(i.main) refers to usere84.o(i.Init_E84_OUT) for Init_E84_OUT
    main.o(i.main) refers to usere84_c.o(i.E84_Controller) for E84_Controller
    main.o(i.main) refers to userpwm0.o(i.E84_IR_PWM_Trans) for E84_IR_PWM_Trans
    main.o(i.main) refers to usertimer1.o(.data) for t1ms_3
    main.o(i.main) refers to userpwm0.o(.data) for E84
    main.o(i.main) refers to userpwm1.o(.data) for fgGotTrans
    main.o(i.main) refers to userpwm1.o(i.PWM1_PulseCntReset) for PWM1_PulseCntReset
    fmc.o(i.FMC_ReadConfig) refers to fmc.o(i.FMC_Read) for FMC_Read
    fmc.o(i.FMC_WriteConfig) refers to fmc.o(i.FMC_Read) for FMC_Read
    clk.o(i.CLK_DisableCKO) refers to clk.o(i.CLK_DisableModuleClock) for CLK_DisableModuleClock
    clk.o(i.CLK_DisableModuleClock) refers to clk.o(.constdata) for .constdata
    clk.o(i.CLK_EnableCKO) refers to clk.o(i.CLK_EnableModuleClock) for CLK_EnableModuleClock
    clk.o(i.CLK_EnableCKO) refers to clk.o(i.CLK_SetModuleClock) for CLK_SetModuleClock
    clk.o(i.CLK_EnableModuleClock) refers to clk.o(.constdata) for .constdata
    clk.o(i.CLK_EnablePLL) refers to clk.o(i.CLK_WaitClockReady) for CLK_WaitClockReady
    clk.o(i.CLK_EnablePLL) refers to aeabi_sdiv.o(.text) for __aeabi_uidivmod
    clk.o(i.CLK_EnablePLL) refers to clk.o(i.CLK_GetPLLClockFreq) for CLK_GetPLLClockFreq
    clk.o(i.CLK_GetCPUFreq) refers to system_m0518.o(i.SystemCoreClockUpdate) for SystemCoreClockUpdate
    clk.o(i.CLK_GetCPUFreq) refers to system_m0518.o(.data) for SystemCoreClock
    clk.o(i.CLK_GetHCLKFreq) refers to system_m0518.o(i.SystemCoreClockUpdate) for SystemCoreClockUpdate
    clk.o(i.CLK_GetHCLKFreq) refers to system_m0518.o(.data) for SystemCoreClock
    clk.o(i.CLK_GetPCLKFreq) refers to system_m0518.o(i.SystemCoreClockUpdate) for SystemCoreClockUpdate
    clk.o(i.CLK_GetPCLKFreq) refers to system_m0518.o(.data) for SystemCoreClock
    clk.o(i.CLK_GetPLLClockFreq) refers to aeabi_sdiv.o(.text) for __aeabi_uidivmod
    clk.o(i.CLK_SetCoreClock) refers to clk.o(i.CLK_WaitClockReady) for CLK_WaitClockReady
    clk.o(i.CLK_SetCoreClock) refers to clk.o(i.CLK_EnablePLL) for CLK_EnablePLL
    clk.o(i.CLK_SetCoreClock) refers to clk.o(i.CLK_SetHCLK) for CLK_SetHCLK
    clk.o(i.CLK_SetHCLK) refers to clk.o(i.CLK_WaitClockReady) for CLK_WaitClockReady
[...]
    __printf_flags_wp.o(.text) refers to __printf_wp.o(i._is_digit) for _is_digit
    __printf_flags_wp.o(.text) refers to _printf_percent.o(.ARM.Collect$$_printf_percent$$00000000) for _printf_percent
    __printf_flags_wp.o(.text) refers to __printf_flags_wp.o(.constdata) for .constdata
    __printf_ss_wp.o(.text) refers to __printf_wp.o(i._is_digit) for _is_digit
    __printf_ss_wp.o(.text) refers to _printf_percent.o(.ARM.Collect$$_printf_percent$$00000000) for _printf_percent
    __printf_flags_ss_wp.o(.text) refers to __printf_wp.o(i._is_digit) for _is_digit
    __printf_flags_ss_wp.o(.text) refers to _printf_percent.o(.ARM.Collect$$_printf_percent$$00000000) for _printf_percent
    __printf_flags_ss_wp.o(.text) refers to __printf_flags_ss_wp.o(.constdata) for .constdata
    _printf_x.o(.ARM.Collect$$_printf_percent$$0000000C) refers (Weak) to _printf_hex_int.o(.text) for _printf_int_hex
    _printf_d.o(.ARM.Collect$$_printf_percent$$00000009) refers (Weak) to _printf_dec.o(.text) for _printf_int_dec
    _printf_u.o(.ARM.Collect$$_printf_percent$$0000000A) refers (Weak) to _printf_dec.o(.text) for _printf_int_dec
    _printf_percent.o(.ARM.Collect$$_printf_percent$$00000000) refers (Special) to _printf_percent_end.o(.ARM.Collect$$_printf_percent$$00000017) for _printf_percent_end
    rt_memcpy.o(.text) refers to rt_memcpy.o(.emb_text) for __aeabi_memcpy4
    __main.o(!!!main) refers to __rtentry.o(.ARM.Collect$$rtentry$$00000000) for __rt_entry
    __rtentry.o(.ARM.Collect$$rtentry$$00000000) refers (Special) to __rtentry2.o(.ARM.Collect$$rtentry$$0000000A) for __rt_entry_li
    __rtentry.o(.ARM.Collect$$rtentry$$00000000) refers (Special) to __rtentry2.o(.ARM.Collect$$rtentry$$0000000D) for __rt_entry_main
    __rtentry.o(.ARM.Collect$$rtentry$$00000000) refers (Special) to __rtentry2.o(.ARM.Collect$$rtentry$$0000000C) for __rt_entry_postli_1
    __rtentry.o(.ARM.Collect$$rtentry$$00000000) refers (Special) to __rtentry2.o(.ARM.Collect$$rtentry$$00000009) for __rt_entry_postsh_1
    __rtentry.o(.ARM.Collect$$rtentry$$00000000) refers (Special) to __rtentry2.o(.ARM.Collect$$rtentry$$00000002) for __rt_entry_presh_1
    __rtentry.o(.ARM.Collect$$rtentry$$00000000) refers (Special) to __rtentry4.o(.ARM.Collect$$rtentry$$00000004) for __rt_entry_sh
    aeabi_idiv0_sigfpe.o(.text) refers to rt_div0.o(.text) for __rt_div0
    _printf_char_file.o(.text) refers to _printf_char_common.o(.text) for _printf_char_common
    _printf_char_file.o(.text) refers to retarget.o(i.ferror) for ferror
    _printf_char_file.o(.text) refers to retarget.o(i.fputc) for fputc
    __rtentry2.o(.ARM.Collect$$rtentry$$00000008) refers to boardinit2.o(.text) for _platform_post_stackheap_init
    __rtentry2.o(.ARM.Collect$$rtentry$$0000000A) refers to libinit.o(.ARM.Collect$$libinit$$00000000) for __rt_lib_init
    __rtentry2.o(.ARM.Collect$$rtentry$$0000000B) refers to boardinit3.o(.text) for _platform_post_lib_init
    __rtentry2.o(.ARM.Collect$$rtentry$$0000000D) refers to main.o(i.main) for main
    __rtentry2.o(.ARM.Collect$$rtentry$$0000000D) refers to exit.o(.text) for exit
    __rtentry2.o(.ARM.exidx) refers to __rtentry2.o(.ARM.Collect$$rtentry$$00000001) for .ARM.Collect$$rtentry$$00000001
    __rtentry2.o(.ARM.exidx) refers to __rtentry2.o(.ARM.Collect$$rtentry$$00000008) for .ARM.Collect$$rtentry$$00000008
    __rtentry2.o(.ARM.exidx) refers to __rtentry2.o(.ARM.Collect$$rtentry$$0000000A) for .ARM.Collect$$rtentry$$0000000A
    __rtentry2.o(.ARM.exidx) refers to __rtentry2.o(.ARM.Collect$$rtentry$$0000000B) for .ARM.Collect$$rtentry$$0000000B
    __rtentry2.o(.ARM.exidx) refers to __rtentry2.o(.ARM.Collect$$rtentry$$0000000D) for .ARM.Collect$$rtentry$$0000000D
    __rtentry4.o(.ARM.Collect$$rtentry$$00000004) refers to sys_stackheap_outer.o(.text) for __user_setup_stackheap
    __rtentry4.o(.ARM.exidx) refers to __rtentry4.o(.ARM.Collect$$rtentry$$00000004) for .ARM.Collect$$rtentry$$00000004
    rt_div0.o(.text) refers to defsig_fpe_outer.o(.text) for __rt_SIGFPE
    _printf_char_common.o(.text) refers to __printf_ss_wp.o(.text) for __printf
    sys_stackheap_outer.o(.text) refers to libspace.o(.text) for __user_perproc_libspace
    sys_stackheap_outer.o(.text) refers to startup_m0518.o(.text) for __user_initial_stackheap
    sys_stackheap_outer.o(__vectab_stack_and_reset_area) refers to tempstk.o(.text) for __temporary_stack_top
    sys_stackheap_outer.o(__vectab_stack_and_reset_area) refers to __main.o(!!!main) for __main
    exit.o(.text) refers to rtexit.o(.ARM.Collect$$rtexit$$00000000) for __rt_exit
    defsig_fpe_outer.o(.text) refers to defsig_fpe_inner.o(.text) for __rt_SIGFPE_inner
    defsig_fpe_outer.o(.text) refers to defsig_exit.o(.text) for __sig_exit
    defsig_fpe_formal.o(.text) refers to rt_raise.o(.text) for __rt_raise
    libinit.o(.ARM.Collect$$libinit$$00000000) refers (Special) to libinit2.o(.ARM.Collect$$libinit$$0000002E) for __rt_lib_init_alloca_1
    libinit.o(.ARM.Collect$$libinit$$00000000) refers (Special) to libinit2.o(.ARM.Collect$$libinit$$0000002C) for __rt_lib_init_argv_1
    libinit.o(.ARM.Collect$$libinit$$00000000) refers (Special) to libinit2.o(.ARM.Collect$$libinit$$0000001B) for __rt_lib_init_atexit_1
    libinit.o(.ARM.Collect$$libinit$$00000000) refers (Special) to libinit2.o(.ARM.Collect$$libinit$$00000021) for __rt_lib_init_clock_1
    libinit.o(.ARM.Collect$$libinit$$00000000) refers (Special) to libinit2.o(.ARM.Collect$$libinit$$00000032) for __rt_lib_init_cpp_1
    libinit.o(.ARM.Collect$$libinit$$00000000) refers (Special) to libinit2.o(.ARM.Collect$$libinit$$00000030) for __rt_lib_init_exceptions_1
    libinit.o(.ARM.Collect$$libinit$$00000000) refers (Special) to libinit2.o(.ARM.Collect$$libinit$$00000002) for __rt_lib_init_fp_1
    libinit.o(.ARM.Collect$$libinit$$00000000) refers (Special) to libinit2.o(.ARM.Collect$$libinit$$0000001F) for __rt_lib_init_fp_trap_1
    libinit.o(.ARM.Collect$$libinit$$00000000) refers (Special) to libinit2.o(.ARM.Collect$$libinit$$00000023) for __rt_lib_init_getenv_1
    libinit.o(.ARM.Collect$$libinit$$00000000) refers (Special) to libinit2.o(.ARM.Collect$$libinit$$0000000A) for __rt_lib_init_heap_1
    libinit.o(.ARM.Collect$$libinit$$00000000) refers (Special) to libinit2.o(.ARM.Collect$$libinit$$00000011) for __rt_lib_init_lc_collate_1
    libinit.o(.ARM.Collect$$libinit$$00000000) refers (Special) to libinit2.o(.ARM.Collect$$libinit$$00000013) for __rt_lib_init_lc_ctype_1
    libinit.o(.ARM.Collect$$libinit$$00000000) refers (Special) to libinit2.o(.ARM.Collect$$libinit$$00000015) for __rt_lib_init_lc_monetary_1
    libinit.o(.ARM.Collect$$libinit$$00000000) refers (Special) to libinit2.o(.ARM.Collect$$libinit$$00000017) for __rt_lib_init_lc_numeric_1
    libinit.o(.ARM.Collect$$libinit$$00000000) refers (Special) to libinit2.o(.ARM.Collect$$libinit$$00000019) for __rt_lib_init_lc_time_1
    libinit.o(.ARM.Collect$$libinit$$00000000) refers (Special) to libinit2.o(.ARM.Collect$$libinit$$00000004) for __rt_lib_init_preinit_1
    libinit.o(.ARM.Collect$$libinit$$00000000) refers (Special) to libinit2.o(.ARM.Collect$$libinit$$0000000E) for __rt_lib_init_rand_1
    libinit.o(.ARM.Collect$$libinit$$00000000) refers (Special) to libinit2.o(.ARM.Collect$$libinit$$00000033) for __rt_lib_init_return
    libinit.o(.ARM.Collect$$libinit$$00000000) refers (Special) to libinit2.o(.ARM.Collect$$libinit$$0000001D) for __rt_lib_init_signal_1
    libinit.o(.ARM.Collect$$libinit$$00000000) refers (Special) to libinit2.o(.ARM.Collect$$libinit$$00000025) for __rt_lib_init_stdio_1
    libinit.o(.ARM.Collect$$libinit$$00000000) refers (Special) to libinit2.o(.ARM.Collect$$libinit$$0000000C) for __rt_lib_init_user_alloc_1
    libspace.o(.text) refers to libspace.o(.bss) for __libspace_start
    rtexit.o(.ARM.Collect$$rtexit$$00000000) refers (Special) to rtexit2.o(.ARM.Collect$$rtexit$$00000004) for __rt_exit_exit
    rtexit.o(.ARM.Collect$$rtexit$$00000000) refers (Special) to rtexit2.o(.ARM.Collect$$rtexit$$00000003) for __rt_exit_ls
    rtexit.o(.ARM.Collect$$rtexit$$00000000) refers (Special) to rtexit2.o(.ARM.Collect$$rtexit$$00000002) for __rt_exit_prels_1
    rtexit.o(.ARM.exidx) refers (Special) to rtexit2.o(.ARM.Collect$$rtexit$$00000004) for __rt_exit_exit
    rtexit.o(.ARM.exidx) refers (Special) to rtexit2.o(.ARM.Collect$$rtexit$$00000003) for __rt_exit_ls
    rtexit.o(.ARM.exidx) refers (Special) to rtexit2.o(.ARM.Collect$$rtexit$$00000002) for __rt_exit_prels_1
    rtexit.o(.ARM.exidx) refers to rtexit.o(.ARM.Collect$$rtexit$$00000000) for .ARM.Collect$$rtexit$$00000000
    rt_raise.o(.text) refers to __raise.o(.text) for __raise
    rt_raise.o(.text) refers to sys_exit.o(.text) for _sys_exit
    defsig_exit.o(.text) refers to sys_exit.o(.text) for _sys_exit
    defsig_fpe_inner.o(.text) refers to defsig_general.o(.text) for __default_signal_display
    libinit2.o(.ARM.Collect$$libinit$$00000010) refers to libinit2.o(.ARM.Collect$$libinit$$0000000F) for .ARM.Collect$$libinit$$0000000F
    libinit2.o(.ARM.Collect$$libinit$$00000012) refers to libinit2.o(.ARM.Collect$$libinit$$0000000F) for .ARM.Collect$$libinit$$0000000F
    libinit2.o(.ARM.Collect$$libinit$$00000014) refers to libinit2.o(.ARM.Collect$$libinit$$0000000F) for .ARM.Collect$$libinit$$0000000F
    libinit2.o(.ARM.Collect$$libinit$$00000016) refers to libinit2.o(.ARM.Collect$$libinit$$0000000F) for .ARM.Collect$$libinit$$0000000F
    libinit2.o(.ARM.Collect$$libinit$$00000018) refers to libinit2.o(.ARM.Collect$$libinit$$0000000F) for .ARM.Collect$$libinit$$0000000F
    libinit2.o(.ARM.Collect$$libinit$$00000026) refers to argv_veneer.o(.text) for __ARM_argv_veneer
    libinit2.o(.ARM.Collect$$libinit$$00000027) refers to argv_veneer.o(.text) for __ARM_argv_veneer
    sys_exit.o(.text) refers (Special) to use_no_semi.o(.text) for __I$use$semihosting
    sys_exit.o(.text) refers (Special) to indicate_semi.o(.text) for __semihosting_library_function
    rtexit2.o(.ARM.Collect$$rtexit$$00000003) refers to libshutdown.o(.ARM.Collect$$libshutdown$$00000000) for __rt_lib_shutdown
    rtexit2.o(.ARM.Collect$$rtexit$$00000004) refers to sys_exit.o(.text) for _sys_exit
    rtexit2.o(.ARM.exidx) refers to rtexit2.o(.ARM.Collect$$rtexit$$00000001) for .ARM.Collect$$rtexit$$00000001
    rtexit2.o(.ARM.exidx) refers to rtexit2.o(.ARM.Collect$$rtexit$$00000003) for .ARM.Collect$$rtexit$$00000003
    rtexit2.o(.ARM.exidx) refers to rtexit2.o(.ARM.Collect$$rtexit$$00000004) for .ARM.Collect$$rtexit$$00000004
    __raise.o(.text) refers to defsig.o(CL$$defsig) for __default_signal_handler
    defsig_general.o(.text) refers to retarget.o(i._ttywrch) for _ttywrch
    defsig.o(CL$$defsig) refers to defsig_fpe_inner.o(.text) for __rt_SIGFPE_inner
    defsig.o(CL$$defsig) refers to defsig_rtmem_inner.o(.text) for __rt_SIGRTMEM_inner
    _get_argv_nomalloc.o(.text) refers (Special) to hrguard.o(.text) for __heap_region$guard
    _get_argv_nomalloc.o(.text) refers to defsig_rtmem_outer.o(.text) for __rt_SIGRTMEM
    _get_argv_nomalloc.o(.text) refers to sys_command.o(.text) for _sys_command_string
    libshutdown.o(.ARM.Collect$$libshutdown$$00000000) refers (Special) to libshutdown2.o(.ARM.Collect$$libshutdown$$00000004) for __rt_lib_shutdown_cpp_1
    libshutdown.o(.ARM.Collect$$libshutdown$$00000000) refers (Special) to libshutdown2.o(.ARM.Collect$$libshutdown$$00000002) for __rt_lib_shutdown_fini_1
    libshutdown.o(.ARM.Collect$$libshutdown$$00000000) refers (Special) to libshutdown2.o(.ARM.Collect$$libshutdown$$00000009) for __rt_lib_shutdown_fp_trap_1
    libshutdown.o(.ARM.Collect$$libshutdown$$00000000) refers (Special) to libshutdown2.o(.ARM.Collect$$libshutdown$$00000011) for __rt_lib_shutdown_heap_1
    libshutdown.o(.ARM.Collect$$libshutdown$$00000000) refers (Special) to libshutdown2.o(.ARM.Collect$$libshutdown$$00000012) for __rt_lib_shutdown_return
    libshutdown.o(.ARM.Collect$$libshutdown$$00000000) refers (Special) to libshutdown2.o(.ARM.Collect$$libshutdown$$0000000C) for __rt_lib_shutdown_signal_1
    libshutdown.o(.ARM.Collect$$libshutdown$$00000000) refers (Special) to libshutdown2.o(.ARM.Collect$$libshutdown$$00000006) for __rt_lib_shutdown_stdio_1
    libshutdown.o(.ARM.Collect$$libshutdown$$00000000) refers (Special) to libshutdown2.o(.ARM.Collect$$libshutdown$$0000000E) for __rt_lib_shutdown_user_alloc_1
    sys_command.o(.text) refers (Special) to use_no_semi.o(.text) for __I$use$semihosting
    sys_command.o(.text) refers (Special) to indicate_semi.o(.text) for __semihosting_library_function
    defsig_abrt_inner.o(.text) refers to defsig_general.o(.text) for __default_signal_display
    defsig_rtred_inner.o(.text) refers to defsig_general.o(.text) for __default_signal_display
    defsig_rtmem_inner.o(.text) refers to defsig_general.o(.text) for __default_signal_display
    defsig_rtmem_outer.o(.text) refers to defsig_rtmem_inner.o(.text) for __rt_SIGRTMEM_inner
    defsig_rtmem_outer.o(.text) refers to defsig_exit.o(.text) for __sig_exit
    defsig_rtmem_formal.o(.text) refers to rt_raise.o(.text) for __rt_raise
    defsig_stak_inner.o(.text) refers to defsig_general.o(.text) for __default_signal_display
    defsig_pvfn_inner.o(.text) refers to defsig_general.o(.text) for __default_signal_display
    defsig_cppl_inner.o(.text) refers to defsig_general.o(.text) for __default_signal_display
    defsig_segv_inner.o(.text) refers to defsig_general.o(.text) for __default_signal_display
    defsig_other.o(.text) refers to defsig_general.o(.text) for __default_signal_display


==============================================================================

Removing Unused input sections from the image.

    Removing system_m0518.o(.rev16_text), (4 bytes).
    Removing system_m0518.o(.revsh_text), (4 bytes).
    Removing core_cm0.o(.emb_text), (32 bytes).
    Removing retarget.o(.rev16_text), (4 bytes).
    Removing retarget.o(.revsh_text), (4 bytes).
    Removing retarget.o(i.GetChar), (32 bytes).
    Removing retarget.o(i.IsDebugFifoEmpty), (20 bytes).
    Removing retarget.o(i._ttywrch), (12 bytes).
    Removing retarget.o(i.fgetc), (10 bytes).
    Removing retarget.o(i.kbhit), (20 bytes).
    Removing main.o(.rev16_text), (4 bytes).
    Removing main.o(.revsh_text), (4 bytes).
    Removing main.o(.bss), (636 bytes).
    Removing main.o(.data), (13 bytes).
    Removing fmc.o(.rev16_text), (4 bytes).
    Removing fmc.o(.revsh_text), (4 bytes).
    Removing fmc.o(i.FMC_Close), (20 bytes).
    Removing fmc.o(i.FMC_DisableAPUpdate), (20 bytes).
    Removing fmc.o(i.FMC_DisableConfigUpdate), (20 bytes).
    Removing fmc.o(i.FMC_DisableLDUpdate), (20 bytes).
    Removing fmc.o(i.FMC_EnableAPUpdate), (20 bytes).
    Removing fmc.o(i.FMC_EnableConfigUpdate), (20 bytes).
    Removing fmc.o(i.FMC_EnableLDUpdate), (20 bytes).
    Removing fmc.o(i.FMC_GetBootSource), (24 bytes).
    Removing fmc.o(i.FMC_Open), (20 bytes).
    Removing fmc.o(i.FMC_Read), (40 bytes).
    Removing fmc.o(i.FMC_ReadConfig), (36 bytes).
    Removing fmc.o(i.FMC_ReadDataFlashBaseAddr), (12 bytes).
    Removing fmc.o(i.FMC_SetBootSource), (36 bytes).
    Removing fmc.o(i.FMC_WriteConfig), (100 bytes).
    Removing gpio.o(.rev16_text), (4 bytes).
    Removing gpio.o(.revsh_text), (4 bytes).
    Removing gpio.o(i.GPIO_DisableInt), (28 bytes).
    Removing gpio.o(i.GPIO_EnableInt), (26 bytes).
    Removing clk.o(.rev16_text), (4 bytes).
    Removing clk.o(.revsh_text), (4 bytes).
    Removing clk.o(i.CLK_DisableCKO), (16 bytes).
    Removing clk.o(i.CLK_DisableModuleClock), (60 bytes).
    Removing clk.o(i.CLK_DisablePLL), (20 bytes).
    Removing clk.o(i.CLK_DisableXtalRC), (16 bytes).
    Removing clk.o(i.CLK_EnableCKO), (48 bytes).
    Removing clk.o(i.CLK_GetCPUFreq), (16 bytes).
    Removing clk.o(i.CLK_GetHCLKFreq), (16 bytes).
    Removing clk.o(i.CLK_GetHXTFreq), (28 bytes).
    Removing clk.o(i.CLK_GetPCLKFreq), (16 bytes).
    Removing clk.o(i.CLK_Idle), (36 bytes).
    Removing clk.o(i.CLK_PowerDown), (40 bytes).
    Removing pwm.o(.rev16_text), (4 bytes).
    Removing pwm.o(.revsh_text), (4 bytes).
    Removing pwm.o(i.PWM_ClearADCTriggerFlag), (16 bytes).
    Removing pwm.o(i.PWM_ClearDutyIntFlag), (16 bytes).
    Removing pwm.o(i.PWM_ClearFaultBrakeIntFlag), (10 bytes).
    Removing pwm.o(i.PWM_ClearWrapAroundFlag), (16 bytes).
    Removing pwm.o(i.PWM_ClearZeroIntFlag), (14 bytes).
    Removing pwm.o(i.PWM_DisableADCTrigger), (44 bytes).
    Removing pwm.o(i.PWM_DisableBrakeNoiseFilter), (20 bytes).
    Removing pwm.o(i.PWM_DisableBrakePinInverse), (20 bytes).
    Removing pwm.o(i.PWM_DisableCapture), (26 bytes).
    Removing pwm.o(i.PWM_DisableDeadZone), (30 bytes).
    Removing pwm.o(i.PWM_DisableFaultBrakeInt), (16 bytes).
    Removing pwm.o(i.PWM_DisableLoadMode), (14 bytes).
    Removing pwm.o(i.PWM_DisableOutput), (12 bytes).
    Removing pwm.o(i.PWM_DisableZeroInt), (22 bytes).
    Removing pwm.o(i.PWM_EnableADCTrigger), (82 bytes).
    Removing pwm.o(i.PWM_EnableBrakeNoiseFilter), (34 bytes).
    Removing pwm.o(i.PWM_EnableBrakePinInverse), (20 bytes).
    Removing pwm.o(i.PWM_EnableDeadZone), (56 bytes).
    Removing pwm.o(i.PWM_EnableDutyInt), (18 bytes).
    Removing pwm.o(i.PWM_EnableFaultBrake), (356 bytes).
    Removing pwm.o(i.PWM_EnableFaultBrakeInt), (16 bytes).
    Removing pwm.o(i.PWM_EnableLoadMode), (14 bytes).
    Removing pwm.o(i.PWM_EnableZeroInt), (22 bytes).
    Removing pwm.o(i.PWM_ForceStop), (40 bytes).
    Removing pwm.o(i.PWM_GetADCTriggerFlag), (28 bytes).
    Removing pwm.o(i.PWM_GetDutyIntFlag), (28 bytes).
    Removing pwm.o(i.PWM_GetFaultBrakeIntFlag), (24 bytes).
    Removing pwm.o(i.PWM_GetWrapAroundFlag), (32 bytes).
    Removing pwm.o(i.PWM_GetZeroIntFlag), (30 bytes).
    Removing pwm.o(i.PWM_SetBrakePinSource), (32 bytes).
    Removing pwm.o(i.PWM_SetClockSource), (28 bytes).
    Removing sys.o(.rev16_text), (4 bytes).
    Removing sys.o(.revsh_text), (4 bytes).
    Removing sys.o(i.SYS_ClearResetSrc), (16 bytes).
    Removing sys.o(i.SYS_DisableBOD), (18 bytes).
    Removing sys.o(i.SYS_EnableBOD), (50 bytes).
    Removing sys.o(i.SYS_GetBODStatus), (14 bytes).
    Removing sys.o(i.SYS_GetResetSrc), (8 bytes).
    Removing sys.o(i.SYS_IsRegLocked), (20 bytes).
    Removing sys.o(i.SYS_ReadPDID), (8 bytes).
    Removing sys.o(i.SYS_ResetCPU), (18 bytes).
    Removing sys.o(i.SYS_ResetChip), (18 bytes).
    Removing timer.o(.rev16_text), (4 bytes).
    Removing timer.o(.revsh_text), (4 bytes).
    Removing timer.o(i.TIMER_Close), (8 bytes).
    Removing timer.o(i.TIMER_Delay), (272 bytes).
    Removing timer.o(i.TIMER_DisableCapture), (10 bytes).
    Removing timer.o(i.TIMER_DisableEventCounter), (12 bytes).
    Removing timer.o(i.TIMER_EnableCapture), (20 bytes).
    Removing timer.o(i.TIMER_EnableEventCounter), (22 bytes).
    Removing timer.o(i.TIMER_GetModuleClock), (132 bytes).
    Removing timer.o(i.TIMER_Open), (124 bytes).
    Removing timer.o(.constdata), (32 bytes).
    Removing usere84.o(.rev16_text), (4 bytes).
    Removing usere84.o(.revsh_text), (4 bytes).
    Removing userfmc.o(.rev16_text), (4 bytes).
    Removing userfmc.o(.revsh_text), (4 bytes).
    Removing userfmc.o(i.FMC_Erase), (56 bytes).
    Removing userfmc.o(i.FMC_R), (108 bytes).
    Removing userfmc.o(i.FMC_W), (92 bytes).
    Removing userfmc.o(i.FillDataPattern), (64 bytes).
    Removing userfmc.o(i.SYS_UnlockReg), (32 bytes).
    Removing userfmc.o(i.SetDataFlashBase), (84 bytes).
    Removing userpwm0.o(.rev16_text), (4 bytes).
    Removing userpwm0.o(.revsh_text), (4 bytes).
    Removing userpwm1.o(.rev16_text), (4 bytes).
    Removing userpwm1.o(.revsh_text), (4 bytes).
    Removing userpwm1.o(i.Period_Buffer), (48 bytes).
    Removing userpwm1.o(.bss), (512 bytes).
    Removing usersystem.o(.rev16_text), (4 bytes).
    Removing usersystem.o(.revsh_text), (4 bytes).
    Removing usertimer1.o(.rev16_text), (4 bytes).
    Removing usertimer1.o(.revsh_text), (4 bytes).
    Removing usertimer1.o(i.Delay_1ms), (20 bytes).
    Removing usertimer2.o(.rev16_text), (4 bytes).
    Removing usertimer2.o(.revsh_text), (4 bytes).
    Removing userwdt.o(.rev16_text), (4 bytes).
    Removing userwdt.o(.revsh_text), (4 bytes).
    Removing userwdt.o(i.UserWDT_Reset), (52 bytes).
    Removing userwdt.o(i.UserWDT_init), (168 bytes).
    Removing usere84_c.o(.rev16_text), (4 bytes).
    Removing usere84_c.o(.revsh_text), (4 bytes).
    Removing usere84_c.o(i.DBG_CodeStop), (8 bytes).
    Removing usere84_c.o(i.E84_Info_Print), (164 bytes).

133 unused section(s) (total 5039 bytes) removed from the image.

==============================================================================

Image Symbol Table

    Local Symbols

    Symbol Name                              Value     Ov Type        Size  Object(Section)

    RESET                                    0x00000000   Section      192  startup_m0518.o(RESET)
    ../clib/angel/boardlib.s                 0x00000000   Number         0  boardinit1.o ABSOLUTE
    ../clib/angel/boardlib.s                 0x00000000   Number         0  boardinit2.o ABSOLUTE
    ../clib/angel/boardlib.s                 0x00000000   Number         0  boardinit3.o ABSOLUTE
    ../clib/angel/boardlib.s                 0x00000000   Number         0  boardshut.o ABSOLUTE
    ../clib/angel/handlers.s                 0x00000000   Number         0  __scatter_zi.o ABSOLUTE
    ../clib/angel/handlers.s                 0x00000000   Number         0  __scatter_copy.o ABSOLUTE
    ../clib/angel/kernel.s                   0x00000000   Number         0  rtexit.o ABSOLUTE
    ../clib/angel/kernel.s                   0x00000000   Number         0  rtexit2.o ABSOLUTE
    ../clib/angel/kernel.s                   0x00000000   Number         0  __rtentry2.o ABSOLUTE
    ../clib/angel/kernel.s                   0x00000000   Number         0  __rtentry.o ABSOLUTE
    ../clib/angel/kernel.s                   0x00000000   Number         0  __rtentry4.o ABSOLUTE
    ../clib/angel/rt.s                       0x00000000   Number         0  aeabi_idiv0.o ABSOLUTE
    ../clib/angel/rt.s                       0x00000000   Number         0  aeabi_idiv0_sigfpe.o ABSOLUTE
    ../clib/angel/rt.s                       0x00000000   Number         0  rt_raise.o ABSOLUTE
    ../clib/angel/rt.s                       0x00000000   Number         0  rt_div0.o ABSOLUTE
    ../clib/angel/scatterp.s                 0x00000000   Number         0  __scatter.o ABSOLUTE
    ../clib/angel/startup.s                  0x00000000   Number         0  __main.o ABSOLUTE
    ../clib/angel/sys.s                      0x00000000   Number         0  use_no_semi.o ABSOLUTE
    ../clib/angel/sys.s                      0x00000000   Number         0  indicate_semi.o ABSOLUTE
    ../clib/angel/sys.s                      0x00000000   Number         0  libspace.o ABSOLUTE
    ../clib/angel/sys.s                      0x00000000   Number         0  tempstk.o ABSOLUTE
    ../clib/angel/sys.s                      0x00000000   Number         0  sys_stackheap_outer.o ABSOLUTE
    ../clib/angel/sysapp.c                   0x00000000   Number         0  sys_exit.o ABSOLUTE
    ../clib/angel/sysapp.c                   0x00000000   Number         0  sys_command.o ABSOLUTE
    ../clib/armsys.c                         0x00000000   Number         0  _get_argv_nomalloc.o ABSOLUTE
    ../clib/armsys.c                         0x00000000   Number         0  argv_veneer.o ABSOLUTE
    ../clib/armsys.c                         0x00000000   Number         0  no_argv.o ABSOLUTE
    ../clib/division.c                       0x00000000   Number         0  rtudiv10.o ABSOLUTE
    ../clib/division.s                       0x00000000   Number         0  aeabi_sdiv_div0.o ABSOLUTE
    ../clib/division.s                       0x00000000   Number         0  aeabi_sdiv.o ABSOLUTE
    ../clib/heapalloc.c                      0x00000000   Number         0  hrguard.o ABSOLUTE
    ../clib/heapaux.c                        0x00000000   Number         0  heapauxi.o ABSOLUTE
    ../clib/libinit.s                        0x00000000   Number         0  libshutdown2.o ABSOLUTE
    ../clib/libinit.s                        0x00000000   Number         0  libshutdown.o ABSOLUTE
    ../clib/libinit.s                        0x00000000   Number         0  libinit.o ABSOLUTE
    ../clib/libinit.s                        0x00000000   Number         0  libinit2.o ABSOLUTE
    ../clib/memcpset.c                       0x00000000   Number         0  rt_memcpy.o ABSOLUTE
    ../clib/memcpset.c                       0x00000000   Number         0  rt_memcpy.o ABSOLUTE
    ../clib/misc.s                           0x00000000   Number         0  printf_stubs.o ABSOLUTE
    ../clib/printf.c                         0x00000000   Number         0  __printf_ss.o ABSOLUTE
    ../clib/printf.c                         0x00000000   Number         0  _printf_hex_ll_ptr.o ABSOLUTE
    ../clib/printf.c                         0x00000000   Number         0  __printf_flags_ss_wp.o ABSOLUTE
    ../clib/printf.c                         0x00000000   Number         0  __printf_ss_wp.o ABSOLUTE
    ../clib/printf.c                         0x00000000   Number         0  __printf_flags_wp.o ABSOLUTE
    ../clib/printf.c                         0x00000000   Number         0  __printf_wp.o ABSOLUTE
    ../clib/printf.c                         0x00000000   Number         0  __2printf.o ABSOLUTE
    ../clib/printf.c                         0x00000000   Number         0  noretval__2printf.o ABSOLUTE
    ../clib/printf.c                         0x00000000   Number         0  __printf_flags_ss.o ABSOLUTE
    ../clib/printf.c                         0x00000000   Number         0  __printf.o ABSOLUTE
    ../clib/printf.c                         0x00000000   Number         0  _printf_hex_ll.o ABSOLUTE
    ../clib/printf.c                         0x00000000   Number         0  _printf_hex_int.o ABSOLUTE
    ../clib/printf.c                         0x00000000   Number         0  _printf_hex_int_ll_ptr.o ABSOLUTE
    ../clib/printf.c                         0x00000000   Number         0  _printf_dec.o ABSOLUTE
    ../clib/printf.c                         0x00000000   Number         0  __printf_flags.o ABSOLUTE
    ../clib/printf.c                         0x00000000   Number         0  _printf_hex_int_ptr.o ABSOLUTE
    ../clib/printf.c                         0x00000000   Number         0  __printf_nopercent.o ABSOLUTE
    ../clib/printf.c                         0x00000000   Number         0  _printf_char_common.o ABSOLUTE
    ../clib/printf.c                         0x00000000   Number         0  _printf_hex_ptr.o ABSOLUTE
    ../clib/printf.c                         0x00000000   Number         0  _printf_char_file.o ABSOLUTE
    ../clib/printf.c                         0x00000000   Number         0  _printf_intcommon.o ABSOLUTE
    ../clib/printf.c                         0x00000000   Number         0  _printf_hex_int_ll.o ABSOLUTE
    ../clib/printf_percent.s                 0x00000000   Number         0  _printf_x.o ABSOLUTE
    ../clib/printf_percent.s                 0x00000000   Number         0  _printf_percent_end.o ABSOLUTE
    ../clib/printf_percent.s                 0x00000000   Number         0  _printf_percent.o ABSOLUTE
    ../clib/printf_percent.s                 0x00000000   Number         0  _printf_u.o ABSOLUTE
    ../clib/printf_percent.s                 0x00000000   Number         0  _printf_d.o ABSOLUTE
    ../clib/signal.c                         0x00000000   Number         0  __raise.o ABSOLUTE
    ../clib/signal.c                         0x00000000   Number         0  defsig_rtred_inner.o ABSOLUTE
    ../clib/signal.c                         0x00000000   Number         0  defsig_abrt_inner.o ABSOLUTE
    ../clib/signal.c                         0x00000000   Number         0  defsig_rtmem_inner.o ABSOLUTE
    ../clib/signal.c                         0x00000000   Number         0  defsig_rtmem_outer.o ABSOLUTE
    ../clib/signal.c                         0x00000000   Number         0  defsig_rtmem_formal.o ABSOLUTE
    ../clib/signal.c                         0x00000000   Number         0  defsig_stak_inner.o ABSOLUTE
    ../clib/signal.c                         0x00000000   Number         0  defsig_pvfn_inner.o ABSOLUTE
    ../clib/signal.c                         0x00000000   Number         0  defsig_cppl_inner.o ABSOLUTE
    ../clib/signal.c                         0x00000000   Number         0  defsig_general.o ABSOLUTE
    ../clib/signal.c                         0x00000000   Number         0  defsig_segv_inner.o ABSOLUTE
    ../clib/signal.c                         0x00000000   Number         0  defsig_other.o ABSOLUTE
    ../clib/signal.c                         0x00000000   Number         0  defsig_exit.o ABSOLUTE
    ../clib/signal.c                         0x00000000   Number         0  defsig_fpe_outer.o ABSOLUTE
    ../clib/signal.c                         0x00000000   Number         0  defsig_fpe_formal.o ABSOLUTE
    ../clib/signal.c                         0x00000000   Number         0  defsig_fpe_inner.o ABSOLUTE
    ../clib/signal.s                         0x00000000   Number         0  defsig.o ABSOLUTE
    ../clib/stdlib.c                         0x00000000   Number         0  exit.o ABSOLUTE
    ../fplib/cfplib/fpinit.c                 0x00000000   Number         0  fpinit.o ABSOLUTE
    BRDriver\UserE84.c                       0x00000000   Number         0  usere84.o ABSOLUTE
    BRDriver\UserE84_C.c                     0x00000000   Number         0  usere84_c.o ABSOLUTE
    BRDriver\UserFMC.c                       0x00000000   Number         0  userfmc.o ABSOLUTE
    BRDriver\UserPWM0.c                      0x00000000   Number         0  userpwm0.o ABSOLUTE
    BRDriver\UserPWM1.c                      0x00000000   Number         0  userpwm1.o ABSOLUTE
    BRDriver\UserSystem.c                    0x00000000   Number         0  usersystem.o ABSOLUTE
    BRDriver\UserTimer1.c                    0x00000000   Number         0  usertimer1.o ABSOLUTE
    BRDriver\UserTimer2.c                    0x00000000   Number         0  usertimer2.o ABSOLUTE
    BRDriver\UserWDT.c                       0x00000000   Number         0  userwdt.o ABSOLUTE
    BRDriver\\UserE84.c                      0x00000000   Number         0  usere84.o ABSOLUTE
    BRDriver\\UserE84_C.c                    0x00000000   Number         0  usere84_c.o ABSOLUTE
    BRDriver\\UserFMC.c                      0x00000000   Number         0  userfmc.o ABSOLUTE
    BRDriver\\UserPWM0.c                     0x00000000   Number         0  userpwm0.o ABSOLUTE
    BRDriver\\UserPWM1.c                     0x00000000   Number         0  userpwm1.o ABSOLUTE
    BRDriver\\UserSystem.c                   0x00000000   Number         0  usersystem.o ABSOLUTE
    BRDriver\\UserTimer1.c                   0x00000000   Number         0  usertimer1.o ABSOLUTE
    BRDriver\\UserTimer2.c                   0x00000000   Number         0  usertimer2.o ABSOLUTE
    BRDriver\\UserWDT.c                      0x00000000   Number         0  userwdt.o ABSOLUTE
    StdDriver\\src\\clk.c                    0x00000000   Number         0  clk.o ABSOLUTE
    StdDriver\\src\\fmc.c                    0x00000000   Number         0  fmc.o ABSOLUTE
    StdDriver\\src\\gpio.c                   0x00000000   Number         0  gpio.o ABSOLUTE
    StdDriver\\src\\pwm.c                    0x00000000   Number         0  pwm.o ABSOLUTE
    StdDriver\\src\\retarget.c               0x00000000   Number         0  retarget.o ABSOLUTE
    StdDriver\\src\\sys.c                    0x00000000   Number         0  sys.o ABSOLUTE
    StdDriver\\src\\timer.c                  0x00000000   Number         0  timer.o ABSOLUTE
    StdDriver\src\clk.c                      0x00000000   Number         0  clk.o ABSOLUTE
    StdDriver\src\fmc.c                      0x00000000   Number         0  fmc.o ABSOLUTE
    StdDriver\src\gpio.c                     0x00000000   Number         0  gpio.o ABSOLUTE
    StdDriver\src\pwm.c                      0x00000000   Number         0  pwm.o ABSOLUTE
    StdDriver\src\retarget.c                 0x00000000   Number         0  retarget.o ABSOLUTE
    StdDriver\src\sys.c                      0x00000000   Number         0  sys.o ABSOLUTE
    StdDriver\src\timer.c                    0x00000000   Number         0  timer.o ABSOLUTE
    dc.s                                     0x00000000   Number         0  dc.o ABSOLUTE
    source\\main.c                           0x00000000   Number         0  main.o ABSOLUTE
    source\main.c                            0x00000000   Number         0  main.o ABSOLUTE
    system\\core_cm0.c                       0x00000000   Number         0  core_cm0.o ABSOLUTE
    system\\system_M0518.c                   0x00000000   Number         0  system_m0518.o ABSOLUTE
    system\core_cm0.c                        0x00000000   Number         0  core_cm0.o ABSOLUTE
    system\startup_M0518.s                   0x00000000   Number         0  startup_m0518.o ABSOLUTE
    system\system_M0518.c                    0x00000000   Number         0  system_m0518.o ABSOLUTE
    !!!main                                  0x000000c0   Section        8  __main.o(!!!main)
    !!!scatter                               0x000000c8   Section       60  __scatter.o(!!!scatter)
    !!handler_copy                           0x00000104   Section       26  __scatter_copy.o(!!handler_copy)
    !!handler_zi                             0x00000120   Section       28  __scatter_zi.o(!!handler_zi)
    .ARM.Collect$$_printf_percent$$00000000  0x0000013c   Section        2  _printf_percent.o(.ARM.Collect$$_printf_percent$$00000000)
    .ARM.Collect$$_printf_percent$$0000000C  0x0000013e   Section       10  _printf_x.o(.ARM.Collect$$_printf_percent$$0000000C)
    .ARM.Collect$$_printf_percent$$00000017  0x00000148   Section        4  _printf_percent_end.o(.ARM.Collect$$_printf_percent$$00000017)
    .ARM.Collect$$libinit$$00000000          0x0000014c   Section        2  libinit.o(.ARM.Collect$$libinit$$00000000)
    .ARM.Collect$$libinit$$00000002          0x0000014e   Section        0  libinit2.o(.ARM.Collect$$libinit$$00000002)
    .ARM.Collect$$libinit$$00000004          0x0000014e   Section        0  libinit2.o(.ARM.Collect$$libinit$$00000004)
    .ARM.Collect$$libinit$$0000000A          0x0000014e   Section        0  libinit2.o(.ARM.Collect$$libinit$$0000000A)
    .ARM.Collect$$libinit$$0000000C          0x0000014e   Section        0  libinit2.o(.ARM.Collect$$libinit$$0000000C)
    .ARM.Collect$$libinit$$0000000E          0x0000014e   Section        0  libinit2.o(.ARM.Collect$$libinit$$0000000E)
    .ARM.Collect$$libinit$$00000011          0x0000014e   Section        0  libinit2.o(.ARM.Collect$$libinit$$00000011)
    .ARM.Collect$$libinit$$00000013          0x0000014e   Section        0  libinit2.o(.ARM.Collect$$libinit$$00000013)
    .ARM.Collect$$libinit$$00000015          0x0000014e   Section        0  libinit2.o(.ARM.Collect$$libinit$$00000015)
    .ARM.Collect$$libinit$$00000017          0x0000014e   Section        0  libinit2.o(.ARM.Collect$$libinit$$00000017)
    .ARM.Collect$$libinit$$00000019          0x0000014e   Section        0  libinit2.o(.ARM.Collect$$libinit$$00000019)
    .ARM.Collect$$libinit$$0000001B          0x0000014e   Section        0  libinit2.o(.ARM.Collect$$libinit$$0000001B)
    .ARM.Collect$$libinit$$0000001D          0x0000014e   Section        0  libinit2.o(.ARM.Collect$$libinit$$0000001D)
    .ARM.Collect$$libinit$$0000001F          0x0000014e   Section        0  libinit2.o(.ARM.Collect$$libinit$$0000001F)
    .ARM.Collect$$libinit$$00000021          0x0000014e   Section        0  libinit2.o(.ARM.Collect$$libinit$$00000021)
    .ARM.Collect$$libinit$$00000023          0x0000014e   Section        0  libinit2.o(.ARM.Collect$$libinit$$00000023)
    .ARM.Collect$$libinit$$00000025          0x0000014e   Section        0  libinit2.o(.ARM.Collect$$libinit$$00000025)
    .ARM.Collect$$libinit$$0000002C          0x0000014e   Section        0  libinit2.o(.ARM.Collect$$libinit$$0000002C)
    .ARM.Collect$$libinit$$0000002E          0x0000014e   Section        0  libinit2.o(.ARM.Collect$$libinit$$0000002E)
    .ARM.Collect$$libinit$$00000030          0x0000014e   Section        0  libinit2.o(.ARM.Collect$$libinit$$00000030)
    .ARM.Collect$$libinit$$00000032          0x0000014e   Section        0  libinit2.o(.ARM.Collect$$libinit$$00000032)
    .ARM.Collect$$libinit$$00000033          0x0000014e   Section        2  libinit2.o(.ARM.Collect$$libinit$$00000033)
    .ARM.Collect$$libshutdown$$00000000      0x00000150   Section        2  libshutdown.o(.ARM.Collect$$libshutdown$$00000000)
    .ARM.Collect$$libshutdown$$00000002      0x00000152   Section        0  libshutdown2.o(.ARM.Collect$$libshutdown$$00000002)
    .ARM.Collect$$libshutdown$$00000004      0x00000152   Section        0  libshutdown2.o(.ARM.Collect$$libshutdown$$00000004)
    .ARM.Collect$$libshutdown$$00000006      0x00000152   Section        0  libshutdown2.o(.ARM.Collect$$libshutdown$$00000006)
    .ARM.Collect$$libshutdown$$00000009      0x00000152   Section        0  libshutdown2.o(.ARM.Collect$$libshutdown$$00000009)
    .ARM.Collect$$libshutdown$$0000000C      0x00000152   Section        0  libshutdown2.o(.ARM.Collect$$libshutdown$$0000000C)
    .ARM.Collect$$libshutdown$$0000000E      0x00000152   Section        0  libshutdown2.o(.ARM.Collect$$libshutdown$$0000000E)
    .ARM.Collect$$libshutdown$$00000011      0x00000152   Section        0  libshutdown2.o(.ARM.Collect$$libshutdown$$00000011)
    .ARM.Collect$$libshutdown$$00000012      0x00000152   Section        2  libshutdown2.o(.ARM.Collect$$libshutdown$$00000012)
    .ARM.Collect$$rtentry$$00000000          0x00000154   Section        0  __rtentry.o(.ARM.Collect$$rtentry$$00000000)
    .ARM.Collect$$rtentry$$00000002          0x00000154   Section        0  __rtentry2.o(.ARM.Collect$$rtentry$$00000002)
    .ARM.Collect$$rtentry$$00000004          0x00000154   Section        6  __rtentry4.o(.ARM.Collect$$rtentry$$00000004)
    .ARM.Collect$$rtentry$$00000009          0x0000015a   Section        0  __rtentry2.o(.ARM.Collect$$rtentry$$00000009)
    .ARM.Collect$$rtentry$$0000000A          0x0000015a   Section        4  __rtentry2.o(.ARM.Collect$$rtentry$$0000000A)
    .ARM.Collect$$rtentry$$0000000C          0x0000015e   Section        0  __rtentry2.o(.ARM.Collect$$rtentry$$0000000C)
    .ARM.Collect$$rtentry$$0000000D          0x0000015e   Section        8  __rtentry2.o(.ARM.Collect$$rtentry$$0000000D)
    .ARM.Collect$$rtexit$$00000000           0x00000166   Section        2  rtexit.o(.ARM.Collect$$rtexit$$00000000)
    .ARM.Collect$$rtexit$$00000002           0x00000168   Section        0  rtexit2.o(.ARM.Collect$$rtexit$$00000002)
    .ARM.Collect$$rtexit$$00000003           0x00000168   Section        4  rtexit2.o(.ARM.Collect$$rtexit$$00000003)
    .ARM.Collect$$rtexit$$00000004           0x0000016c   Section        6  rtexit2.o(.ARM.Collect$$rtexit$$00000004)
    .text                                    0x00000174   Section      100  startup_m0518.o(.text)
    Default_Handler                          0x0000019f   Thumb Code     2  startup_m0518.o(.text)
    .text                                    0x000001d8   Section        0  noretval__2printf.o(.text)
    .text                                    0x000001f4   Section        0  _printf_hex_int.o(.text)
    .text                                    0x0000024c   Section        0  __printf_ss_wp.o(.text)
    .text                                    0x000003ac   Section      346  aeabi_sdiv.o(.text)
    .text                                    0x00000506   Section        0  heapauxi.o(.text)
    .text                                    0x0000050c   Section        0  _printf_intcommon.o(.text)
    .text                                    0x000005bc   Section        0  _printf_char_file.o(.text)
    .text                                    0x000005e4   Section        0  _printf_char_common.o(.text)
    _printf_input_char                       0x000005e5   Thumb Code    10  _printf_char_common.o(.text)
    .text                                    0x00000614   Section       62  sys_stackheap_outer.o(.text)
    .text                                    0x00000652   Section        0  exit.o(.text)
    .text                                    0x00000664   Section        8  libspace.o(.text)
    .text                                    0x0000066c   Section        0  sys_exit.o(.text)
    .text                                    0x00000678   Section        2  use_no_semi.o(.text)
    .text                                    0x0000067a   Section        0  indicate_semi.o(.text)
    i.CLK_EnableModuleClock                  0x0000067c   Section        0  clk.o(i.CLK_EnableModuleClock)
    i.CLK_EnablePLL                          0x000006b8   Section        0  clk.o(i.CLK_EnablePLL)
    i.CLK_EnableXtalRC                       0x00000864   Section        0  clk.o(i.CLK_EnableXtalRC)
    i.CLK_GetPLLClockFreq                    0x00000874   Section        0  system_m0518.o(i.CLK_GetPLLClockFreq)
    CLK_GetPLLClockFreq                      0x00000875   Thumb Code   112  system_m0518.o(i.CLK_GetPLLClockFreq)
    i.CLK_GetPLLClockFreq                    0x000008f0   Section        0  clk.o(i.CLK_GetPLLClockFreq)
    CLK_GetPLLClockFreq                      0x000008f1   Thumb Code   112  clk.o(i.CLK_GetPLLClockFreq)
    i.CLK_GetPLLClockFreq                    0x0000096c   Section        0  pwm.o(i.CLK_GetPLLClockFreq)
    CLK_GetPLLClockFreq                      0x0000096d   Thumb Code   112  pwm.o(i.CLK_GetPLLClockFreq)
    i.CLK_SetCoreClock                       0x000009e8   Section        0  clk.o(i.CLK_SetCoreClock)
    i.CLK_SetHCLK                            0x00000a84   Section        0  clk.o(i.CLK_SetHCLK)
    i.CLK_SetModuleClock                     0x00000ae4   Section        0  clk.o(i.CLK_SetModuleClock)
    i.CLK_SetSysTickClockSrc                 0x00000b58   Section        0  clk.o(i.CLK_SetSysTickClockSrc)
    i.CLK_WaitClockReady                     0x00000b6c   Section        0  clk.o(i.CLK_WaitClockReady)
    i.CheckE84Step                           0x00000b94   Section        0  usere84_c.o(i.CheckE84Step)
    i.Delay_10us                             0x00000ff8   Section        0  usertimer2.o(i.Delay_10us)
    i.E84_Controller                         0x0000100c   Section        0  usere84_c.o(i.E84_Controller)
    i.E84_IR_PWM_Trans                       0x000010d4   Section        0  userpwm0.o(i.E84_IR_PWM_Trans)
    i.E84_PWM_Waveform                       0x00001108   Section        0  userpwm0.o(i.E84_PWM_Waveform)
    i.GPIO_SetMode                           0x000011c6   Section        0  gpio.o(i.GPIO_SetMode)
    i.InitE84_C_Signal                       0x000011f4   Section        0  usere84_c.o(i.InitE84_C_Signal)
    i.Init_E84_IN                            0x00001220   Section        0  usere84.o(i.Init_E84_IN)
    i.Init_E84_OUT                           0x00001244   Section        0  usere84.o(i.Init_E84_OUT)
    i.PWM0_IRQHandler                        0x0000129c   Section        0  userpwm0.o(i.PWM0_IRQHandler)
    i.PWM1_IRQHandler                        0x000012e0   Section        0  userpwm1.o(i.PWM1_IRQHandler)
    i.PWM1_PulseCntReset                     0x000015c8   Section        0  userpwm1.o(i.PWM1_PulseCntReset)
    i.PWM_ClearCaptureIntFlag                0x000015ec   Section        0  pwm.o(i.PWM_ClearCaptureIntFlag)
    i.PWM_ClearPeriodIntFlag                 0x000015fa   Section        0  pwm.o(i.PWM_ClearPeriodIntFlag)
    i.PWM_ConfigCaptureChannel               0x0000160c   Section        0  pwm.o(i.PWM_ConfigCaptureChannel)
    i.PWM_ConfigOutputChannel                0x000016ec   Section        0  pwm.o(i.PWM_ConfigOutputChannel)
    i.PWM_DisableCaptureInt                  0x00001874   Section        0  pwm.o(i.PWM_DisableCaptureInt)
    i.PWM_DisableDutyInt                     0x0000188c   Section        0  pwm.o(i.PWM_DisableDutyInt)
    i.PWM_DisablePeriodInt                   0x000018a0   Section        0  pwm.o(i.PWM_DisablePeriodInt)
    i.PWM_EnableCapture                      0x000018b8   Section        0  pwm.o(i.PWM_EnableCapture)
    i.PWM_EnableCaptureInt                   0x000018d2   Section        0  pwm.o(i.PWM_EnableCaptureInt)
    i.PWM_EnableOutput                       0x000018e8   Section        0  pwm.o(i.PWM_EnableOutput)
    i.PWM_EnablePeriodInt                    0x000018f4   Section        0  pwm.o(i.PWM_EnablePeriodInt)
    i.PWM_GetCaptureIntFlag                  0x0000190c   Section        0  pwm.o(i.PWM_GetCaptureIntFlag)
    i.PWM_GetPeriodIntFlag                   0x00001944   Section        0  pwm.o(i.PWM_GetPeriodIntFlag)
    i.PWM_Start                              0x00001964   Section        0  pwm.o(i.PWM_Start)
    i.PWM_Stop                               0x0000198c   Section        0  pwm.o(i.PWM_Stop)
    i.PWM_Waveform                           0x000019b8   Section        0  userpwm0.o(i.PWM_Waveform)
    i.SYS_ResetModule                        0x00001a80   Section        0  sys.o(i.SYS_ResetModule)
    i.SendChar                               0x00001ab0   Section        0  retarget.o(i.SendChar)
    i.SendChar_ToUART                        0x00001abc   Section        0  retarget.o(i.SendChar_ToUART)
    i.SystemCoreClockUpdate                  0x00001af0   Section        0  system_m0518.o(i.SystemCoreClockUpdate)
    i.SystemInit                             0x00001b54   Section        0  system_m0518.o(i.SystemInit)
    i.TMR1_IRQHandler                        0x00001b58   Section        0  usertimer1.o(i.TMR1_IRQHandler)
    i.TMR2_IRQHandler                        0x00001bbc   Section        0  usertimer2.o(i.TMR2_IRQHandler)
    i.Timer1_Init                            0x00001be0   Section        0  usertimer1.o(i.Timer1_Init)
    i.Timer2_Init                            0x00001c74   Section        0  usertimer2.o(i.Timer2_Init)
    i.UserPWM1_CHK                           0x00001d14   Section        0  userpwm1.o(i.UserPWM1_CHK)
    i.UserPWM1_Capture_Start                 0x00001e18   Section        0  userpwm1.o(i.UserPWM1_Capture_Start)
    i.UserPWM1_Init                          0x00001e84   Section        0  userpwm1.o(i.UserPWM1_Init)
    i.UserPWM_Init                           0x00001ee4   Section        0  userpwm0.o(i.UserPWM_Init)
    i.UserSystemClk                          0x00001f70   Section        0  usersystem.o(i.UserSystemClk)
    i.__ARM_common_switch8                   0x00001fb4   Section        0  userpwm1.o(i.__ARM_common_switch8)
    i._is_digit                              0x00001fd0   Section        0  __printf_wp.o(i._is_digit)
    i.ferror                                 0x00001fde   Section        0  retarget.o(i.ferror)
    i.fputc                                  0x00001fe6   Section        0  retarget.o(i.fputc)
    i.main                                   0x00001ff8   Section        0  main.o(i.main)
    .constdata                               0x00002558   Section       48  clk.o(.constdata)
    .constdata                               0x00002588   Section       40  _printf_hex_int.o(.constdata)
    uc_hextab                                0x00002588   Data          20  _printf_hex_int.o(.constdata)
    lc_hextab                                0x0000259c   Data          20  _printf_hex_int.o(.constdata)
    .data                                    0x20000000   Section       44  system_m0518.o(.data)
    .data                                    0x2000002c   Section        8  retarget.o(.data)
    .data                                    0x20000034   Section       13  userpwm0.o(.data)
    cnt                                      0x20000036   Data           1  userpwm0.o(.data)
    Frequency                                0x20000038   Data           4  userpwm0.o(.data)
    duty                                     0x2000003c   Data           4  userpwm0.o(.data)
    .data                                    0x20000042   Section       16  userpwm1.o(.data)
    d0_cnt                                   0x20000044   Data           1  userpwm1.o(.data)
    d1_cnt                                   0x20000045   Data           1  userpwm1.o(.data)
    s_cnt                                    0x20000046   Data           1  userpwm1.o(.data)
    e_cnt                                    0x20000047   Data           1  userpwm1.o(.data)
    p_cnt                                    0x20000048   Data           1  userpwm1.o(.data)
    p_gap                                    0x20000049   Data           1  userpwm1.o(.data)
    .data                                    0x20000052   Section        8  usertimer1.o(.data)
    .data                                    0x2000005a   Section        2  usertimer2.o(.data)
    .data                                    0x2000005c   Section        5  usere84_c.o(.data)
    E84Step                                  0x2000005c   Data           1  usere84_c.o(.data)
    TACount                                  0x2000005e   Data           2  usere84_c.o(.data)
    FgE84Test                                0x20000060   Data           1  usere84_c.o(.data)
    .bss                                     0x20000064   Section       96  libspace.o(.bss)
    HEAP                                     0x200000c8   Section        0  startup_m0518.o(HEAP)
    STACK                                    0x200000c8   Section     1024  startup_m0518.o(STACK)
    Heap_Mem                                 0x200000c8   Data           0  startup_m0518.o(HEAP)
    Stack_Mem                                0x200000c8   Data        1024  startup_m0518.o(STACK)
    __initial_sp                             0x200004c8   Data           0  startup_m0518.o(STACK)

    Global Symbols

    Symbol Name                              Value     Ov Type        Size  Object(Section)

    BuildAttributes$$THM_ISAv3M$S$PE$A:L22$X:L11$S22$IEEE1$IW$USESV6$~STKCKD$USESV7$~SHL$OSPACE$ROPI$EBA8$UX$STANDARDLIB$REQ8$PRES8$EABIv2 0x00000000   Number         0  anon$$obj.o ABSOLUTE
    __ARM_use_no_argv                        0x00000000   Number         0  main.o ABSOLUTE
    __Vectors                                0x00000000   Data           4  startup_m0518.o(RESET)
    _printf_flags                            0x00000000   Number         0  printf_stubs.o ABSOLUTE
    _printf_return_value                     0x00000000   Number         0  printf_stubs.o ABSOLUTE
    _printf_sizespec                         0x00000000   Number         0  printf_stubs.o ABSOLUTE
    _printf_widthprec                        0x00000000   Number         0  printf_stubs.o ABSOLUTE
    __ARM_exceptions_init                     - Undefined Weak Reference
    __alloca_initialize                       - Undefined Weak Reference
    __arm_fini_                               - Undefined Weak Reference
    __arm_preinit_                            - Undefined Weak Reference
    __cpp_initialize__aeabi_                  - Undefined Weak Reference
    __cxa_finalize                            - Undefined Weak Reference
    __rt_locale                               - Undefined Weak Reference
    __sigvec_lookup                           - Undefined Weak Reference
    _atexit_init                              - Undefined Weak Reference
    _call_atexit_fns                          - Undefined Weak Reference
    _clock_init                               - Undefined Weak Reference
    _fp_trap_init                             - Undefined Weak Reference
    _fp_trap_shutdown                         - Undefined Weak Reference
    _get_lc_collate                           - Undefined Weak Reference
    _get_lc_ctype                             - Undefined Weak Reference
    _get_lc_monetary                          - Undefined Weak Reference
    _get_lc_numeric                           - Undefined Weak Reference
    _get_lc_time                              - Undefined Weak Reference
    _getenv_init                              - Undefined Weak Reference
    _handle_redirection                       - Undefined Weak Reference
    _init_alloc                               - Undefined Weak Reference
    _init_user_alloc                          - Undefined Weak Reference
    _initio                                   - Undefined Weak Reference
    _printf_post_padding                      - Undefined Weak Reference
    _printf_pre_padding                       - Undefined Weak Reference
    _printf_truncate_signed                   - Undefined Weak Reference
    _printf_truncate_unsigned                 - Undefined Weak Reference
    _rand_init                                - Undefined Weak Reference
    _signal_finish                            - Undefined Weak Reference
    _signal_init                              - Undefined Weak Reference
    _terminate_alloc                          - Undefined Weak Reference
    _terminate_user_alloc                     - Undefined Weak Reference
    _terminateio                              - Undefined Weak Reference
    __main                                   0x000000c1   Thumb Code     8  __main.o(!!!main)
    __scatterload                            0x000000c9   Thumb Code     0  __scatter.o(!!!scatter)
    __scatterload_rt2                        0x000000c9   Thumb Code    52  __scatter.o(!!!scatter)
    __scatterload_rt2_thumb_only             0x000000c9   Thumb Code     0  __scatter.o(!!!scatter)
    __scatterload_null                       0x000000d9   Thumb Code     0  __scatter.o(!!!scatter)
    __scatterload_copy                       0x00000105   Thumb Code    26  __scatter_copy.o(!!handler_copy)
    __scatterload_zeroinit                   0x00000121   Thumb Code    28  __scatter_zi.o(!!handler_zi)
    _printf_percent                          0x0000013d   Thumb Code     0  _printf_percent.o(.ARM.Collect$$_printf_percent$$00000000)
    _printf_x                                0x0000013f   Thumb Code     0  _printf_x.o(.ARM.Collect$$_printf_percent$$0000000C)
    _printf_percent_end                      0x00000149   Thumb Code     0  _printf_percent_end.o(.ARM.Collect$$_printf_percent$$00000017)
    __rt_lib_init                            0x0000014d   Thumb Code     0  libinit.o(.ARM.Collect$$libinit$$00000000)
    __rt_lib_init_alloca_1                   0x0000014f   Thumb Code     0  libinit2.o(.ARM.Collect$$libinit$$0000002E)
    __rt_lib_init_argv_1                     0x0000014f   Thumb Code     0  libinit2.o(.ARM.Collect$$libinit$$0000002C)
    __rt_lib_init_atexit_1                   0x0000014f   Thumb Code     0  libinit2.o(.ARM.Collect$$libinit$$0000001B)
    __rt_lib_init_clock_1                    0x0000014f   Thumb Code     0  libinit2.o(.ARM.Collect$$libinit$$00000021)
    __rt_lib_init_cpp_1                      0x0000014f   Thumb Code     0  libinit2.o(.ARM.Collect$$libinit$$00000032)
    __rt_lib_init_exceptions_1               0x0000014f   Thumb Code     0  libinit2.o(.ARM.Collect$$libinit$$00000030)
    __rt_lib_init_fp_1                       0x0000014f   Thumb Code     0  libinit2.o(.ARM.Collect$$libinit$$00000002)
    __rt_lib_init_fp_trap_1                  0x0000014f   Thumb Code     0  libinit2.o(.ARM.Collect$$libinit$$0000001F)
    __rt_lib_init_getenv_1                   0x0000014f   Thumb Code     0  libinit2.o(.ARM.Collect$$libinit$$00000023)
    __rt_lib_init_heap_1                     0x0000014f   Thumb Code     0  libinit2.o(.ARM.Collect$$libinit$$0000000A)
    __rt_lib_init_lc_collate_1               0x0000014f   Thumb Code     0  libinit2.o(.ARM.Collect$$libinit$$00000011)
    __rt_lib_init_lc_ctype_1                 0x0000014f   Thumb Code     0  libinit2.o(.ARM.Collect$$libinit$$00000013)
    __rt_lib_init_lc_monetary_1              0x0000014f   Thumb Code     0  libinit2.o(.ARM.Collect$$libinit$$00000015)
    __rt_lib_init_lc_numeric_1               0x0000014f   Thumb Code     0  libinit2.o(.ARM.Collect$$libinit$$00000017)
    __rt_lib_init_lc_time_1                  0x0000014f   Thumb Code     0  libinit2.o(.ARM.Collect$$libinit$$00000019)
    __rt_lib_init_preinit_1                  0x0000014f   Thumb Code     0  libinit2.o(.ARM.Collect$$libinit$$00000004)
    __rt_lib_init_rand_1                     0x0000014f   Thumb Code     0  libinit2.o(.ARM.Collect$$libinit$$0000000E)
    __rt_lib_init_return                     0x0000014f   Thumb Code     0  libinit2.o(.ARM.Collect$$libinit$$00000033)
    __rt_lib_init_signal_1                   0x0000014f   Thumb Code     0  libinit2.o(.ARM.Collect$$libinit$$0000001D)
    __rt_lib_init_stdio_1                    0x0000014f   Thumb Code     0  libinit2.o(.ARM.Collect$$libinit$$00000025)
    __rt_lib_init_user_alloc_1               0x0000014f   Thumb Code     0  libinit2.o(.ARM.Collect$$libinit$$0000000C)
    __rt_lib_shutdown                        0x00000151   Thumb Code     0  libshutdown.o(.ARM.Collect$$libshutdown$$00000000)
    __rt_lib_shutdown_cpp_1                  0x00000153   Thumb Code     0  libshutdown2.o(.ARM.Collect$$libshutdown$$00000004)
    __rt_lib_shutdown_fini_1                 0x00000153   Thumb Code     0  libshutdown2.o(.ARM.Collect$$libshutdown$$00000002)
    __rt_lib_shutdown_fp_trap_1              0x00000153   Thumb Code     0  libshutdown2.o(.ARM.Collect$$libshutdown$$00000009)
    __rt_lib_shutdown_heap_1                 0x00000153   Thumb Code     0  libshutdown2.o(.ARM.Collect$$libshutdown$$00000011)
    __rt_lib_shutdown_return                 0x00000153   Thumb Code     0  libshutdown2.o(.ARM.Collect$$libshutdown$$00000012)
    __rt_lib_shutdown_signal_1               0x00000153   Thumb Code     0  libshutdown2.o(.ARM.Collect$$libshutdown$$0000000C)
    __rt_lib_shutdown_stdio_1                0x00000153   Thumb Code     0  libshutdown2.o(.ARM.Collect$$libshutdown$$00000006)
    __rt_lib_shutdown_user_alloc_1           0x00000153   Thumb Code     0  libshutdown2.o(.ARM.Collect$$libshutdown$$0000000E)
    __rt_entry                               0x00000155   Thumb Code     0  __rtentry.o(.ARM.Collect$$rtentry$$00000000)
    __rt_entry_presh_1                       0x00000155   Thumb Code     0  __rtentry2.o(.ARM.Collect$$rtentry$$00000002)
    __rt_entry_sh                            0x00000155   Thumb Code     0  __rtentry4.o(.ARM.Collect$$rtentry$$00000004)
    __rt_entry_li                            0x0000015b   Thumb Code     0  __rtentry2.o(.ARM.Collect$$rtentry$$0000000A)
    __rt_entry_postsh_1                      0x0000015b   Thumb Code     0  __rtentry2.o(.ARM.Collect$$rtentry$$00000009)
    __rt_entry_main                          0x0000015f   Thumb Code     0  __rtentry2.o(.ARM.Collect$$rtentry$$0000000D)
    __rt_entry_postli_1                      0x0000015f   Thumb Code     0  __rtentry2.o(.ARM.Collect$$rtentry$$0000000C)
    __rt_exit                                0x00000167   Thumb Code     0  rtexit.o(.ARM.Collect$$rtexit$$00000000)
    __rt_exit_ls                             0x00000169   Thumb Code     0  rtexit2.o(.ARM.Collect$$rtexit$$00000003)
    __rt_exit_prels_1                        0x00000169   Thumb Code     0  rtexit2.o(.ARM.Collect$$rtexit$$00000002)
    __rt_exit_exit                           0x0000016d   Thumb Code     0  rtexit2.o(.ARM.Collect$$rtexit$$00000004)
    Reset_Handler                            0x00000175   Thumb Code    32  startup_m0518.o(.text)
    NMI_Handler                              0x00000195   Thumb Code     2  startup_m0518.o(.text)
    HardFault_Handler                        0x00000197   Thumb Code     2  startup_m0518.o(.text)
    SVC_Handler                              0x00000199   Thumb Code     2  startup_m0518.o(.text)
    PendSV_Handler                           0x0000019b   Thumb Code     2  startup_m0518.o(.text)
    SysTick_Handler                          0x0000019d   Thumb Code     2  startup_m0518.o(.text)
    ADC_IRQHandler                           0x0000019f   Thumb Code     0  startup_m0518.o(.text)
    BOD_IRQHandler                           0x0000019f   Thumb Code     0  startup_m0518.o(.text)
    BPWM0_IRQHandler                         0x0000019f   Thumb Code     0  startup_m0518.o(.text)
    BPWM1_IRQHandler                         0x0000019f   Thumb Code     0  startup_m0518.o(.text)
    BRAKE0_IRQHandler                        0x0000019f   Thumb Code     0  startup_m0518.o(.text)
    BRAKE1_IRQHandler                        0x0000019f   Thumb Code     0  startup_m0518.o(.text)
    CAN0_IRQHandler                          0x0000019f   Thumb Code     0  startup_m0518.o(.text)
    CAN1_IRQHandler                          0x0000019f   Thumb Code     0  startup_m0518.o(.text)
    EINT0_IRQHandler                         0x0000019f   Thumb Code     0  startup_m0518.o(.text)
    EINT1_IRQHandler                         0x0000019f   Thumb Code     0  startup_m0518.o(.text)
    GPAB_IRQHandler                          0x0000019f   Thumb Code     0  startup_m0518.o(.text)
    GPCDEF_IRQHandler                        0x0000019f   Thumb Code     0  startup_m0518.o(.text)
    I2C0_IRQHandler                          0x0000019f   Thumb Code     0  startup_m0518.o(.text)
    I2C1_IRQHandler                          0x0000019f   Thumb Code     0  startup_m0518.o(.text)
    PWRWU_IRQHandler                         0x0000019f   Thumb Code     0  startup_m0518.o(.text)
    RTC_IRQHandler                           0x0000019f   Thumb Code     0  startup_m0518.o(.text)
    SPI0_IRQHandler                          0x0000019f   Thumb Code     0  startup_m0518.o(.text)
    TMR0_IRQHandler                          0x0000019f   Thumb Code     0  startup_m0518.o(.text)
    TMR3_IRQHandler                          0x0000019f   Thumb Code     0  startup_m0518.o(.text)
    UART02_IRQHandler                        0x0000019f   Thumb Code     0  startup_m0518.o(.text)
    UART1_IRQHandler                         0x0000019f   Thumb Code     0  startup_m0518.o(.text)
    UART3_IRQHandler                         0x0000019f   Thumb Code     0  startup_m0518.o(.text)
    UART4_IRQHandler                         0x0000019f   Thumb Code     0  startup_m0518.o(.text)
    UART5_IRQHandler                         0x0000019f   Thumb Code     0  startup_m0518.o(.text)
    WDT_IRQHandler                           0x0000019f   Thumb Code     0  startup_m0518.o(.text)
    __user_initial_stackheap                 0x000001a1   Thumb Code     0  startup_m0518.o(.text)
    __2printf                                0x000001d9   Thumb Code    22  noretval__2printf.o(.text)
    _printf_int_hex                          0x000001f5   Thumb Code    84  _printf_hex_int.o(.text)
    _printf_longlong_hex                     0x000001f5   Thumb Code     0  _printf_hex_int.o(.text)
    __printf                                 0x0000024d   Thumb Code   352  __printf_ss_wp.o(.text)
    __aeabi_uidiv                            0x000003ad   Thumb Code     0  aeabi_sdiv.o(.text)
    __aeabi_uidivmod                         0x000003ad   Thumb Code    20  aeabi_sdiv.o(.text)
    __aeabi_idiv                             0x000003c1   Thumb Code     0  aeabi_sdiv.o(.text)
    __aeabi_idivmod                          0x000003c1   Thumb Code   326  aeabi_sdiv.o(.text)
    __use_two_region_memory                  0x00000507   Thumb Code     2  heapauxi.o(.text)
    __rt_heap_escrow$2region                 0x00000509   Thumb Code     2  heapauxi.o(.text)
    __rt_heap_expand$2region                 0x0000050b   Thumb Code     2  heapauxi.o(.text)
    _printf_int_common                       0x0000050d   Thumb Code   176  _printf_intcommon.o(.text)
    _printf_char_file                        0x000005bd   Thumb Code    34  _printf_char_file.o(.text)
    _printf_char_common                      0x000005ef   Thumb Code    32  _printf_char_common.o(.text)
    __user_setup_stackheap                   0x00000615   Thumb Code    62  sys_stackheap_outer.o(.text)
    exit                                     0x00000653   Thumb Code    16  exit.o(.text)
    __user_libspace                          0x00000665   Thumb Code     8  libspace.o(.text)
    __user_perproc_libspace                  0x00000665   Thumb Code     0  libspace.o(.text)
    __user_perthread_libspace                0x00000665   Thumb Code     0  libspace.o(.text)
    _sys_exit                                0x0000066d   Thumb Code     8  sys_exit.o(.text)
    __I$use$semihosting                      0x00000679   Thumb Code     0  use_no_semi.o(.text)
    __use_no_semihosting_swi                 0x00000679   Thumb Code     2  use_no_semi.o(.text)
    __semihosting_library_function           0x0000067b   Thumb Code     0  indicate_semi.o(.text)
    CLK_EnableModuleClock                    0x0000067d   Thumb Code    52  clk.o(i.CLK_EnableModuleClock)
    CLK_EnablePLL                            0x000006b9   Thumb Code   384  clk.o(i.CLK_EnablePLL)
    CLK_EnableXtalRC                         0x00000865   Thumb Code    12  clk.o(i.CLK_EnableXtalRC)
    CLK_SetCoreClock                         0x000009e9   Thumb Code   144  clk.o(i.CLK_SetCoreClock)
    CLK_SetHCLK                              0x00000a85   Thumb Code    92  clk.o(i.CLK_SetHCLK)
    CLK_SetModuleClock                       0x00000ae5   Thumb Code   108  clk.o(i.CLK_SetModuleClock)
    CLK_SetSysTickClockSrc                   0x00000b59   Thumb Code    16  clk.o(i.CLK_SetSysTickClockSrc)
    CLK_WaitClockReady                       0x00000b6d   Thumb Code    32  clk.o(i.CLK_WaitClockReady)
    CheckE84Step                             0x00000b95   Thumb Code   690  usere84_c.o(i.CheckE84Step)
    Delay_10us                               0x00000ff9   Thumb Code    16  usertimer2.o(i.Delay_10us)
    E84_Controller                           0x0000100d   Thumb Code   120  usere84_c.o(i.E84_Controller)
    E84_IR_PWM_Trans                         0x000010d5   Thumb Code    46  userpwm0.o(i.E84_IR_PWM_Trans)
    E84_PWM_Waveform                         0x00001109   Thumb Code   190  userpwm0.o(i.E84_PWM_Waveform)
    GPIO_SetMode                             0x000011c7   Thumb Code    46  gpio.o(i.GPIO_SetMode)
    InitE84_C_Signal                         0x000011f5   Thumb Code    36  usere84_c.o(i.InitE84_C_Signal)
    Init_E84_IN                              0x00001221   Thumb Code    30  usere84.o(i.Init_E84_IN)
    Init_E84_OUT                             0x00001245   Thumb Code    74  usere84.o(i.Init_E84_OUT)
    PWM0_IRQHandler                          0x0000129d   Thumb Code    58  userpwm0.o(i.PWM0_IRQHandler)
    PWM1_IRQHandler                          0x000012e1   Thumb Code   706  userpwm1.o(i.PWM1_IRQHandler)
    PWM1_PulseCntReset                       0x000015c9   Thumb Code    20  userpwm1.o(i.PWM1_PulseCntReset)
    PWM_ClearCaptureIntFlag                  0x000015ed   Thumb Code    14  pwm.o(i.PWM_ClearCaptureIntFlag)
    PWM_ClearPeriodIntFlag                   0x000015fb   Thumb Code    16  pwm.o(i.PWM_ClearPeriodIntFlag)
    PWM_ConfigCaptureChannel                 0x0000160d   Thumb Code   202  pwm.o(i.PWM_ConfigCaptureChannel)
    PWM_ConfigOutputChannel                  0x000016ed   Thumb Code   368  pwm.o(i.PWM_ConfigOutputChannel)
    PWM_DisableCaptureInt                    0x00001875   Thumb Code    22  pwm.o(i.PWM_DisableCaptureInt)
    PWM_DisableDutyInt                       0x0000188d   Thumb Code    16  pwm.o(i.PWM_DisableDutyInt)
    PWM_DisablePeriodInt                     0x000018a1   Thumb Code    24  pwm.o(i.PWM_DisablePeriodInt)
    PWM_EnableCapture                        0x000018b9   Thumb Code    26  pwm.o(i.PWM_EnableCapture)
    PWM_EnableCaptureInt                     0x000018d3   Thumb Code    22  pwm.o(i.PWM_EnableCaptureInt)
    PWM_EnableOutput                         0x000018e9   Thumb Code    12  pwm.o(i.PWM_EnableOutput)
    PWM_EnablePeriodInt                      0x000018f5   Thumb Code    24  pwm.o(i.PWM_EnablePeriodInt)
    PWM_GetCaptureIntFlag                    0x0000190d   Thumb Code    56  pwm.o(i.PWM_GetCaptureIntFlag)
    PWM_GetPeriodIntFlag                     0x00001945   Thumb Code    32  pwm.o(i.PWM_GetPeriodIntFlag)
    PWM_Start                                0x00001965   Thumb Code    40  pwm.o(i.PWM_Start)
    PWM_Stop                                 0x0000198d   Thumb Code    42  pwm.o(i.PWM_Stop)
    PWM_Waveform                             0x000019b9   Thumb Code   174  userpwm0.o(i.PWM_Waveform)
    SYS_ResetModule                          0x00001a81   Thumb Code    48  sys.o(i.SYS_ResetModule)
    SendChar                                 0x00001ab1   Thumb Code    12  retarget.o(i.SendChar)
    SendChar_ToUART                          0x00001abd   Thumb Code    48  retarget.o(i.SendChar_ToUART)
    SystemCoreClockUpdate                    0x00001af1   Thumb Code    76  system_m0518.o(i.SystemCoreClockUpdate)
    SystemInit                               0x00001b55   Thumb Code     2  system_m0518.o(i.SystemInit)
    TMR1_IRQHandler                          0x00001b59   Thumb Code    80  usertimer1.o(i.TMR1_IRQHandler)
    TMR2_IRQHandler                          0x00001bbd   Thumb Code    26  usertimer2.o(i.TMR2_IRQHandler)
    Timer1_Init                              0x00001be1   Thumb Code   136  usertimer1.o(i.Timer1_Init)
    Timer2_Init                              0x00001c75   Thumb Code   146  usertimer2.o(i.Timer2_Init)
    UserPWM1_CHK                             0x00001d15   Thumb Code   252  userpwm1.o(i.UserPWM1_CHK)
    UserPWM1_Capture_Start                   0x00001e19   Thumb Code    96  userpwm1.o(i.UserPWM1_Capture_Start)
    UserPWM1_Init                            0x00001e85   Thumb Code    82  userpwm1.o(i.UserPWM1_Init)
    UserPWM_Init                             0x00001ee5   Thumb Code   124  userpwm0.o(i.UserPWM_Init)
    UserSystemClk                            0x00001f71   Thumb Code    54  usersystem.o(i.UserSystemClk)
    __ARM_common_switch8                     0x00001fb5   Thumb Code    28  userpwm1.o(i.__ARM_common_switch8)
    _is_digit                                0x00001fd1   Thumb Code    14  __printf_wp.o(i._is_digit)
    ferror                                   0x00001fdf   Thumb Code     8  retarget.o(i.ferror)
    fputc                                    0x00001fe7   Thumb Code    16  retarget.o(i.fputc)
    main                                     0x00001ff9   Thumb Code  1364  main.o(i.main)
    Region$$Table$$Base                      0x000025b0   Number         0  anon$$obj.o(Region$$Table)
    Region$$Table$$Limit                     0x000025d0   Number         0  anon$$obj.o(Region$$Table)
    SystemCoreClock                          0x20000000   Data           4  system_m0518.o(.data)
    CyclesPerUs                              0x20000004   Data           4  system_m0518.o(.data)
    PllClock                                 0x20000008   Data           4  system_m0518.o(.data)
    gau32ClkSrcTbl                           0x2000000c   Data          32  system_m0518.o(.data)
    __stdout                                 0x2000002c   Data           4  retarget.o(.data)
    __stdin                                  0x20000030   Data           4  retarget.o(.data)
    E84                                      0x20000034   Data           2  userpwm0.o(.data)
    fgE84_IR_PWM_Trans                       0x20000040   Data           1  userpwm0.o(.data)
    E84_S                                    0x20000042   Data           2  userpwm1.o(.data)
    H_Period                                 0x2000004a   Data           2  userpwm1.o(.data)
    L_Period                                 0x2000004c   Data           2  userpwm1.o(.data)
    fgGotTrans                               0x2000004e   Data           2  userpwm1.o(.data)
    PB_idx                                   0x20000050   Data           2  userpwm1.o(.data)
    t1ms                                     0x20000052   Data           2  usertimer1.o(.data)
    t1ms_1                                   0x20000054   Data           2  usertimer1.o(.data)
    t1ms_2                                   0x20000056   Data           2  usertimer1.o(.data)
    t1ms_3                                   0x20000058   Data           2  usertimer1.o(.data)
    t1us                                     0x2000005a   Data           2  usertimer2.o(.data)
    __libspace_start                         0x20000064   Data          96  libspace.o(.bss)
    __temporary_stack_top$libspace           0x200000c4   Data           0  libspace.o(.bss)



==============================================================================

Memory Map of the image

  Image Entry point : 0x00000175

  Load Region LR_1 (Base: 0x00000000, Size: 0x00002634, Max: 0xffffffff, ABSOLUTE)

    Execution Region ER_RO (Exec base: 0x00000000, Load base: 0x00000000, Size: 0x000025d0, Max: 0xffffffff, ABSOLUTE)

    Exec Addr    Load Addr    Size         Type   Attr      Idx    E Section Name        Object

    0x00000000   0x00000000   0x000000c0   Data   RO           73    RESET               startup_m0518.o
    0x000000c0   0x000000c0   0x00000008   Code   RO         1394  * !!!main             c_p.l(__main.o)
    0x000000c8   0x000000c8   0x0000003c   Code   RO         1574    !!!scatter          c_p.l(__scatter.o)
    0x00000104   0x00000104   0x0000001a   Code   RO         1576    !!handler_copy      c_p.l(__scatter_copy.o)
    0x0000011e   0x0000011e   0x00000002   PAD
    0x00000120   0x00000120   0x0000001c   Code   RO         1578    !!handler_zi        c_p.l(__scatter_zi.o)
    0x0000013c   0x0000013c   0x00000002   Code   RO         1383    .ARM.Collect$$_printf_percent$$00000000  c_p.l(_printf_percent.o)
    0x0000013e   0x0000013e   0x0000000a   Code   RO         1380    .ARM.Collect$$_printf_percent$$0000000C  c_p.l(_printf_x.o)
    0x00000148   0x00000148   0x00000004   Code   RO         1405    .ARM.Collect$$_printf_percent$$00000017  c_p.l(_printf_percent_end.o)
    0x0000014c   0x0000014c   0x00000002   Code   RO         1443    .ARM.Collect$$libinit$$00000000  c_p.l(libinit.o)
    0x0000014e   0x0000014e   0x00000000   Code   RO         1457    .ARM.Collect$$libinit$$00000002  c_p.l(libinit2.o)
    0x0000014e   0x0000014e   0x00000000   Code   RO         1459    .ARM.Collect$$libinit$$00000004  c_p.l(libinit2.o)
    0x0000014e   0x0000014e   0x00000000   Code   RO         1462    .ARM.Collect$$libinit$$0000000A  c_p.l(libinit2.o)
    0x0000014e   0x0000014e   0x00000000   Code   RO         1464    .ARM.Collect$$libinit$$0000000C  c_p.l(libinit2.o)
    0x0000014e   0x0000014e   0x00000000   Code   RO         1466    .ARM.Collect$$libinit$$0000000E  c_p.l(libinit2.o)
    0x0000014e   0x0000014e   0x00000000   Code   RO         1469    .ARM.Collect$$libinit$$00000011  c_p.l(libinit2.o)
    0x0000014e   0x0000014e   0x00000000   Code   RO         1471    .ARM.Collect$$libinit$$00000013  c_p.l(libinit2.o)
    0x0000014e   0x0000014e   0x00000000   Code   RO         1473    .ARM.Collect$$libinit$$00000015  c_p.l(libinit2.o)
    0x0000014e   0x0000014e   0x00000000   Code   RO         1475    .ARM.Collect$$libinit$$00000017  c_p.l(libinit2.o)
    0x0000014e   0x0000014e   0x00000000   Code   RO         1477    .ARM.Collect$$libinit$$00000019  c_p.l(libinit2.o)
    0x0000014e   0x0000014e   0x00000000   Code   RO         1479    .ARM.Collect$$libinit$$0000001B  c_p.l(libinit2.o)
    0x0000014e   0x0000014e   0x00000000   Code   RO         1481    .ARM.Collect$$libinit$$0000001D  c_p.l(libinit2.o)
    0x0000014e   0x0000014e   0x00000000   Code   RO         1483    .ARM.Collect$$libinit$$0000001F  c_p.l(libinit2.o)
    0x0000014e   0x0000014e   0x00000000   Code   RO         1485    .ARM.Collect$$libinit$$00000021  c_p.l(libinit2.o)
    0x0000014e   0x0000014e   0x00000000   Code   RO         1487    .ARM.Collect$$libinit$$00000023  c_p.l(libinit2.o)
    0x0000014e   0x0000014e   0x00000000   Code   RO         1489    .ARM.Collect$$libinit$$00000025  c_p.l(libinit2.o)
    0x0000014e   0x0000014e   0x00000000   Code   RO         1493    .ARM.Collect$$libinit$$0000002C  c_p.l(libinit2.o)
    0x0000014e   0x0000014e   0x00000000   Code   RO         1495    .ARM.Collect$$libinit$$0000002E  c_p.l(libinit2.o)
    0x0000014e   0x0000014e   0x00000000   Code   RO         1497    .ARM.Collect$$libinit$$00000030  c_p.l(libinit2.o)
    0x0000014e   0x0000014e   0x00000000   Code   RO         1499    .ARM.Collect$$libinit$$00000032  c_p.l(libinit2.o)
    0x0000014e   0x0000014e   0x00000002   Code   RO         1500    .ARM.Collect$$libinit$$00000033  c_p.l(libinit2.o)
    0x00000150   0x00000150   0x00000002   Code   RO         1529    .ARM.Collect$$libshutdown$$00000000  c_p.l(libshutdown.o)
    0x00000152   0x00000152   0x00000000   Code   RO         1555    .ARM.Collect$$libshutdown$$00000002  c_p.l(libshutdown2.o)
    0x00000152   0x00000152   0x00000000   Code   RO         1557    .ARM.Collect$$libshutdown$$00000004  c_p.l(libshutdown2.o)
    0x00000152   0x00000152   0x00000000   Code   RO         1559    .ARM.Collect$$libshutdown$$00000006  c_p.l(libshutdown2.o)
    0x00000152   0x00000152   0x00000000   Code   RO         1562    .ARM.Collect$$libshutdown$$00000009  c_p.l(libshutdown2.o)
    0x00000152   0x00000152   0x00000000   Code   RO         1565    .ARM.Collect$$libshutdown$$0000000C  c_p.l(libshutdown2.o)
    0x00000152   0x00000152   0x00000000   Code   RO         1567    .ARM.Collect$$libshutdown$$0000000E  c_p.l(libshutdown2.o)
    0x00000152   0x00000152   0x00000000   Code   RO         1570    .ARM.Collect$$libshutdown$$00000011  c_p.l(libshutdown2.o)
    0x00000152   0x00000152   0x00000002   Code   RO         1571    .ARM.Collect$$libshutdown$$00000012  c_p.l(libshutdown2.o)
    0x00000154   0x00000154   0x00000000   Code   RO         1396    .ARM.Collect$$rtentry$$00000000  c_p.l(__rtentry.o)
    0x00000154   0x00000154   0x00000000   Code   RO         1409    .ARM.Collect$$rtentry$$00000002  c_p.l(__rtentry2.o)
    0x00000154   0x00000154   0x00000006   Code   RO         1421    .ARM.Collect$$rtentry$$00000004  c_p.l(__rtentry4.o)
    0x0000015a   0x0000015a   0x00000000   Code   RO         1411    .ARM.Collect$$rtentry$$00000009  c_p.l(__rtentry2.o)
    0x0000015a   0x0000015a   0x00000004   Code   RO         1412    .ARM.Collect$$rtentry$$0000000A  c_p.l(__rtentry2.o)
    0x0000015e   0x0000015e   0x00000000   Code   RO         1414    .ARM.Collect$$rtentry$$0000000C  c_p.l(__rtentry2.o)
    0x0000015e   0x0000015e   0x00000008   Code   RO         1415    .ARM.Collect$$rtentry$$0000000D  c_p.l(__rtentry2.o)
    0x00000166   0x00000166   0x00000002   Code   RO         1448    .ARM.Collect$$rtexit$$00000000  c_p.l(rtexit.o)
    0x00000168   0x00000168   0x00000000   Code   RO         1504    .ARM.Collect$$rtexit$$00000002  c_p.l(rtexit2.o)
    0x00000168   0x00000168   0x00000004   Code   RO         1505    .ARM.Collect$$rtexit$$00000003  c_p.l(rtexit2.o)
    0x0000016c   0x0000016c   0x00000006   Code   RO         1506    .ARM.Collect$$rtexit$$00000004  c_p.l(rtexit2.o)
    0x00000172   0x00000172   0x00000002   PAD
    0x00000174   0x00000174   0x00000064   Code   RO           74  * .text               startup_m0518.o
    0x000001d8   0x000001d8   0x0000001c   Code   RO         1333    .text               c_p.l(noretval__2printf.o)
    0x000001f4   0x000001f4   0x00000058   Code   RO         1342    .text               c_p.l(_printf_hex_int.o)
    0x0000024c   0x0000024c   0x00000160   Code   RO         1375    .text               c_p.l(__printf_ss_wp.o)
    0x000003ac   0x000003ac   0x0000015a   Code   RO         1388    .text               c_p.l(aeabi_sdiv.o)
    0x00000506   0x00000506   0x00000006   Code   RO         1392    .text               c_p.l(heapauxi.o)
    0x0000050c   0x0000050c   0x000000b0   Code   RO         1401    .text               c_p.l(_printf_intcommon.o)
    0x000005bc   0x000005bc   0x00000028   Code   RO         1403    .text               c_p.l(_printf_char_file.o)
    0x000005e4   0x000005e4   0x00000030   Code   RO         1425    .text               c_p.l(_printf_char_common.o)
    0x00000614   0x00000614   0x0000003e   Code   RO         1427    .text               c_p.l(sys_stackheap_outer.o)
    0x00000652   0x00000652   0x00000010   Code   RO         1432    .text               c_p.l(exit.o)
    0x00000662   0x00000662   0x00000002   PAD
    0x00000664   0x00000664   0x00000008   Code   RO         1444    .text               c_p.l(libspace.o)
    0x0000066c   0x0000066c   0x0000000c   Code   RO         1501    .text               c_p.l(sys_exit.o)
    0x00000678   0x00000678   0x00000002   Code   RO         1518    .text               c_p.l(use_no_semi.o)
    0x0000067a   0x0000067a   0x00000000   Code   RO         1520    .text               c_p.l(indicate_semi.o)
    0x0000067a   0x0000067a   0x00000002   PAD
    0x0000067c   0x0000067c   0x0000003c   Code   RO          390    i.CLK_EnableModuleClock  clk.o
    0x000006b8   0x000006b8   0x000001ac   Code   RO          391    i.CLK_EnablePLL     clk.o
    0x00000864   0x00000864   0x00000010   Code   RO          392    i.CLK_EnableXtalRC  clk.o
    0x00000874   0x00000874   0x0000007c   Code   RO            3    i.CLK_GetPLLClockFreq  system_m0518.o
    0x000008f0   0x000008f0   0x0000007c   Code   RO          397    i.CLK_GetPLLClockFreq  clk.o
    0x0000096c   0x0000096c   0x0000007c   Code   RO          519    i.CLK_GetPLLClockFreq  pwm.o
    0x000009e8   0x000009e8   0x0000009c   Code   RO          400    i.CLK_SetCoreClock  clk.o
    0x00000a84   0x00000a84   0x00000060   Code   RO          401    i.CLK_SetHCLK       clk.o
    0x00000ae4   0x00000ae4   0x00000074   Code   RO          402    i.CLK_SetModuleClock  clk.o
    0x00000b58   0x00000b58   0x00000014   Code   RO          403    i.CLK_SetSysTickClockSrc  clk.o
    0x00000b6c   0x00000b6c   0x00000028   Code   RO          404    i.CLK_WaitClockReady  clk.o
    0x00000b94   0x00000b94   0x00000464   Code   RO         1282    i.CheckE84Step      usere84_c.o
    0x00000ff8   0x00000ff8   0x00000014   Code   RO         1221    i.Delay_10us        usertimer2.o
    0x0000100c   0x0000100c   0x000000c8   Code   RO         1284    i.E84_Controller    usere84_c.o
    0x000010d4   0x000010d4   0x00000034   Code   RO         1042    i.E84_IR_PWM_Trans  userpwm0.o
    0x00001108   0x00001108   0x000000be   Code   RO         1043    i.E84_PWM_Waveform  userpwm0.o
    0x000011c6   0x000011c6   0x0000002e   Code   RO          355    i.GPIO_SetMode      gpio.o
    0x000011f4   0x000011f4   0x0000002c   Code   RO         1286    i.InitE84_C_Signal  usere84_c.o
    0x00001220   0x00001220   0x00000024   Code   RO          954    i.Init_E84_IN       usere84.o
    0x00001244   0x00001244   0x00000058   Code   RO          955    i.Init_E84_OUT      usere84.o
    0x0000129c   0x0000129c   0x00000044   Code   RO         1044    i.PWM0_IRQHandler   userpwm0.o
    0x000012e0   0x000012e0   0x000002e8   Code   RO         1103    i.PWM1_IRQHandler   userpwm1.o
    0x000015c8   0x000015c8   0x00000024   Code   RO         1104    i.PWM1_PulseCntReset  userpwm1.o
    0x000015ec   0x000015ec   0x0000000e   Code   RO          521    i.PWM_ClearCaptureIntFlag  pwm.o
    0x000015fa   0x000015fa   0x00000010   Code   RO          524    i.PWM_ClearPeriodIntFlag  pwm.o
    0x0000160a   0x0000160a   0x00000002   PAD
    0x0000160c   0x0000160c   0x000000e0   Code   RO          527    i.PWM_ConfigCaptureChannel  pwm.o
    0x000016ec   0x000016ec   0x00000188   Code   RO          528    i.PWM_ConfigOutputChannel  pwm.o
    0x00001874   0x00001874   0x00000016   Code   RO          533    i.PWM_DisableCaptureInt  pwm.o
    0x0000188a   0x0000188a   0x00000002   PAD
    0x0000188c   0x0000188c   0x00000014   Code   RO          535    i.PWM_DisableDutyInt  pwm.o
    0x000018a0   0x000018a0   0x00000018   Code   RO          539    i.PWM_DisablePeriodInt  pwm.o
    0x000018b8   0x000018b8   0x0000001a   Code   RO          544    i.PWM_EnableCapture  pwm.o
    0x000018d2   0x000018d2   0x00000016   Code   RO          545    i.PWM_EnableCaptureInt  pwm.o
    0x000018e8   0x000018e8   0x0000000c   Code   RO          551    i.PWM_EnableOutput  pwm.o
    0x000018f4   0x000018f4   0x00000018   Code   RO          552    i.PWM_EnablePeriodInt  pwm.o
    0x0000190c   0x0000190c   0x00000038   Code   RO          556    i.PWM_GetCaptureIntFlag  pwm.o
    0x00001944   0x00001944   0x00000020   Code   RO          559    i.PWM_GetPeriodIntFlag  pwm.o
    0x00001964   0x00001964   0x00000028   Code   RO          564    i.PWM_Start         pwm.o
    0x0000198c   0x0000198c   0x0000002a   Code   RO          565    i.PWM_Stop          pwm.o
    0x000019b6   0x000019b6   0x00000002   PAD
    0x000019b8   0x000019b8   0x000000c8   Code   RO         1045    i.PWM_Waveform      userpwm0.o
    0x00001a80   0x00001a80   0x00000030   Code   RO          826    i.SYS_ResetModule   sys.o
    0x00001ab0   0x00001ab0   0x0000000c   Code   RO           92    i.SendChar          retarget.o
    0x00001abc   0x00001abc   0x00000034   Code   RO           93    i.SendChar_ToUART   retarget.o
    0x00001af0   0x00001af0   0x00000064   Code   RO            4    i.SystemCoreClockUpdate  system_m0518.o
    0x00001b54   0x00001b54   0x00000002   Code   RO            5    i.SystemInit        system_m0518.o
    0x00001b56   0x00001b56   0x00000002   PAD
    0x00001b58   0x00001b58   0x00000064   Code   RO         1187    i.TMR1_IRQHandler   usertimer1.o
    0x00001bbc   0x00001bbc   0x00000024   Code   RO         1222    i.TMR2_IRQHandler   usertimer2.o
    0x00001be0   0x00001be0   0x00000094   Code   RO         1188    i.Timer1_Init       usertimer1.o
    0x00001c74   0x00001c74   0x000000a0   Code   RO         1223    i.Timer2_Init       usertimer2.o
    0x00001d14   0x00001d14   0x00000104   Code   RO         1106    i.UserPWM1_CHK      userpwm1.o
    0x00001e18   0x00001e18   0x0000006c   Code   RO         1107    i.UserPWM1_Capture_Start  userpwm1.o
    0x00001e84   0x00001e84   0x00000060   Code   RO         1108    i.UserPWM1_Init     userpwm1.o
    0x00001ee4   0x00001ee4   0x0000008c   Code   RO         1046    i.UserPWM_Init      userpwm0.o
    0x00001f70   0x00001f70   0x00000044   Code   RO         1166    i.UserSystemClk     usersystem.o
    0x00001fb4   0x00001fb4   0x0000001c   Code   RO         1152    i.__ARM_common_switch8  userpwm1.o
    0x00001fd0   0x00001fd0   0x0000000e   Code   RO         1370    i._is_digit         c_p.l(__printf_wp.o)
    0x00001fde   0x00001fde   0x00000008   Code   RO           95    i.ferror            retarget.o
    0x00001fe6   0x00001fe6   0x00000010   Code   RO           97    i.fputc             retarget.o
    0x00001ff6   0x00001ff6   0x00000002   PAD
    0x00001ff8   0x00001ff8   0x00000560   Code   RO          181    i.main              main.o
    0x00002558   0x00002558   0x00000030   Data   RO          405    .constdata          clk.o
    0x00002588   0x00002588   0x00000028   Data   RO         1343    .constdata          c_p.l(_printf_hex_int.o)
    0x000025b0   0x000025b0   0x00000020   Data   RO         1572    Region$$Table       anon$$obj.o


    Execution Region ER_RW (Exec base: 0x20000000, Load base: 0x000025d0, Size: 0x00000064, Max: 0xffffffff, ABSOLUTE)

    Exec Addr    Load Addr    Size         Type   Attr      Idx    E Section Name        Object

    0x20000000   0x000025d0   0x0000002c   Data   RW            6    .data               system_m0518.o
    0x2000002c   0x000025fc   0x00000008   Data   RW           99    .data               retarget.o
    0x20000034   0x00002604   0x0000000d   Data   RW         1047    .data               userpwm0.o
    0x20000041   0x00002611   0x00000001   PAD
    0x20000042   0x00002612   0x00000010   Data   RW         1110    .data               userpwm1.o
    0x20000052   0x00002622   0x00000008   Data   RW         1189    .data               usertimer1.o
    0x2000005a   0x0000262a   0x00000002   Data   RW         1224    .data               usertimer2.o
    0x2000005c   0x0000262c   0x00000005   Data   RW         1287    .data               usere84_c.o


    Execution Region ER_ZI (Exec base: 0x20000064, Load base: 0x00002634, Size: 0x00000464, Max: 0xffffffff, ABSOLUTE)

    Exec Addr    Load Addr    Size         Type   Attr      Idx    E Section Name        Object

    0x20000064        -       0x00000060   Zero   RW         1445    .bss                c_p.l(libspace.o)
    0x200000c4   0x00002634   0x00000004   PAD
    0x200000c8        -       0x00000000   Zero   RW           72    HEAP                startup_m0518.o
    0x200000c8        -       0x00000400   Zero   RW           71    STACK               startup_m0518.o


==============================================================================

Image component sizes


      Code (inc. data)   RO Data    RW Data    ZI Data      Debug   Object Name

      1056        104         48          0          0       6215   clk.o
        46          0          0          0          0        887   gpio.o
      1376         40          0          0          0     150715   main.o
      1090         62          0          0          0      10262   pwm.o
        88          4          0          8          0       3932   retarget.o
       100         46        192          0       1024        632   startup_m0518.o
        48          0          0          0          0        474   sys.o
       226         36          0         44          0      18083   system_m0518.o
       124         20          0          0          0       2845   usere84.o
      1368        538          0          5          0       2583   usere84_c.o
       650         58          0         13          0       9227   userpwm0.o
      1272        100          0         16          0       3945   userpwm1.o
        68         14          0          0          0        484   usersystem.o
       248         32          0          8          0       1632   usertimer1.o
       216         28          0          2          0       1960   usertimer2.o

    ----------------------------------------------------------------------
      7986       1082        272        100       1024     213876   Object Totals
         0          0         32          0          0          0   (incl. Generated)
        10          0          0          4          0          0   (incl. Padding)

    ----------------------------------------------------------------------

      Code (inc. data)   RO Data    RW Data    ZI Data      Debug   Library Member Name

         8          0          0          0          0         68   __main.o
       352          0          0          0          0         76   __printf_ss_wp.o
        14          0          0          0          0         60   __printf_wp.o
         0          0          0          0          0          0   __rtentry.o
        12          0          0          0          0          0   __rtentry2.o
         6          0          0          0          0          0   __rtentry4.o
        60          8          0          0          0          0   __scatter.o
        26          0          0          0          0          0   __scatter_copy.o
        28          0          0          0          0          0   __scatter_zi.o
        48          6          0          0          0         88   _printf_char_common.o
        40          6          0          0          0         72   _printf_char_file.o
        88          4         40          0          0         72   _printf_hex_int.o
       176          0          0          0          0         84   _printf_intcommon.o
         2          0          0          0          0          0   _printf_percent.o
         4          0          0          0          0          0   _printf_percent_end.o
        10          0          0          0          0          0   _printf_x.o
       346          0          0          0          0         92   aeabi_sdiv.o
        16          0          0          0          0         68   exit.o
         6          0          0          0          0        136   heapauxi.o
         0          0          0          0          0          0   indicate_semi.o
         2          0          0          0          0          0   libinit.o
         2          0          0          0          0          0   libinit2.o
         2          0          0          0          0          0   libshutdown.o
         2          0          0          0          0          0   libshutdown2.o
         8          4          0          0         96         68   libspace.o
        28          6          0          0          0         84   noretval__2printf.o
         2          0          0          0          0          0   rtexit.o
        10          0          0          0          0          0   rtexit2.o
        12          4          0          0          0         60   sys_exit.o
        62          0          0          0          0         80   sys_stackheap_outer.o
         2          0          0          0          0         68   use_no_semi.o

    ----------------------------------------------------------------------
      1382         38         40          0        100       1176   Library Totals
         8          0          0          0          4          0   (incl. Padding)

    ----------------------------------------------------------------------

      Code (inc. data)   RO Data    RW Data    ZI Data      Debug   Library Name

      1374         38         40          0         96       1176   c_p.l

    ----------------------------------------------------------------------
      1382         38         40          0        100       1176   Library Totals

    ----------------------------------------------------------------------

==============================================================================


      Code (inc. data)   RO Data    RW Data    ZI Data      Debug   

      9368       1120        312        100       1124     212224   Grand Totals
      9368       1120        312        100       1124     212224   ELF Image Totals
      9368       1120        312        100          0          0   ROM Totals

==============================================================================

    Total RO  Size (Code + RO Data)                 9680 (   9.45kB)
    Total RW  Size (RW Data + ZI Data)              1224 (   1.20kB)
    Total ROM Size (Code + RO Data + RW Data)       9780 (   9.55kB)

==============================================================================

