<html>
<body>
<pre>
<h1>µVision Build Log</h1>
<h2>Tool Versions:</h2>
IDE-Version: £gVision V5.26.2.0
Copyright (C) 2018 ARM Ltd and ARM Germany GmbH. All rights reserved.
License Information: YaoTsung Wu Brillian Flex license: MDK-ARM Essential: 1 user(s) (mdk_essential) Support: Sep 2019
 
Tool Versions:
Toolchain:       MDK-ARM Essential: 1 user(s)  Version: 5.26.2.0
Toolchain Path:  C:\Keil_v5\ARM\ARMCC\Bin
C Compiler:      Armcc.exe V5.06 update 6 (build 750)
Assembler:       Armasm.exe V5.06 update 6 (build 750)
Linker/Locator:  ArmLink.exe V5.06 update 6 (build 750)
Library Manager: ArmAr.exe V5.06 update 6 (build 750)
Hex Converter:   FromElf.exe V5.06 update 6 (build 750)
CPU DLL:         SARMCM3.DLL V5.26.2.0
Dialog DLL:      DARMCM1.DLL V1.19.1.0
Target DLL:      Nu_Link.dll V2.04
Dialog DLL:      TARMCM1.DLL V1.14.0.0
 
<h2>Project:</h2>
D:\Brillian\Project\BR\BR E84\BR404\Release\BR404 - V28\BR_E84.uvprojx
Project File Date:  10/13/2020

<h2>Output:</h2>
*** Using Compiler 'V5.06 update 6 (build 750)', folder: 'C:\Keil_v5\ARM\ARMCC\Bin'
Rebuild target 'Target 1'
assembling startup_M0518.s...
compiling core_cm0.c...
compiling retarget.c...
compiling gpio.c...
compiling fmc.c...
compiling system_M0518.c...
compiling main.c...
compiling clk.c...
compiling sys.c...
compiling pwm.c...
compiling timer.c...
compiling UserE84.c...
compiling UserFMC.c...
BRDriver\UserFMC.c(82): warning:  #550-D: variable "u32Data"  was set but never used
      uint32_t u32Data;
BRDriver\UserFMC.c: 1 warning, 0 errors
compiling UserPWM0.c...
compiling UserPWM1.c...
compiling UserSystem.c...
compiling UserTimer1.c...
compiling UserTimer2.c...
compiling UserWDT.c...
compiling UserE84_C.c...
linking...
Program Size: Code=9384 RO-data=312 RW-data=100 ZI-data=1124  
FromELF: creating hex file...
After Build - User command #1: fromelf --bin ".\Objects\E84_P.axf" --output ".\Objects\E84_P.bin"
".\Objects\E84_P.axf" - 0 Error(s), 1 Warning(s).

<h2>Software Packages used:</h2>

Package Vendor: ARM
                http://www.keil.com/pack/ARM.CMSIS.5.4.0.pack
                ARM.CMSIS.5.4.0
                CMSIS (Cortex Microcontroller Software Interface Standard)
   * Component: CORE Version: 5.1.2

Package Vendor: Nuvoton
                http://www.nuvoton.com/hq/enu/Documents/KEILSoftwarePack/Nuvoton.NuMicro_DFP.1.2.1.pack
                Nuvoton.NuMicro_DFP.1.2.1
                Nuvoton ARM Cortex-M NuMicro Family Device Support

<h2>Collection of Component include folders:</h2>
  .\RTE\_Target_1
  C:\Keil_v5\ARM\PACK\ARM\CMSIS\5.4.0\CMSIS\Core\Include
  C:\Keil_v5\ARM\PACK\Nuvoton\NuMicro_DFP\1.2.1\Device\M0518\Include

<h2>Collection of Component Files used:</h2>

   * Component: ARM::CMSIS:CORE:5.1.2
Build Time Elapsed:  00:00:03
</pre>
</body>
</html>
