<!doctype html public "-//w3c//dtd html 4.0 transitional//en">
<html><head>
<title>Static Call Graph - [.\Objects\E84_Connector_A.axf]</title></head>
<body><HR>
<H1>Static Call Graph for image .\Objects\E84_Connector_A.axf</H1><HR>
<BR><P>#&#060CALLGRAPH&#062# ARM Linker, 5060750: Last Updated: Sat Sep 23 15:20:41 2023
<BR><P>
<H3>Maximum Stack Usage =        120 bytes + Unknown(Functions without stacksize, Cycles, Untraceable Function Pointers)</H3><H3>
Call chain for Maximum Stack Depth:</H3>
__rt_entry_main &rArr; main &rArr; UserSystemClk &rArr; CLK_SetCoreClock &rArr; CLK_EnablePLL &rArr; CLK_GetPLLClockFreq
<P>
<H3>
Functions with no stack information
</H3><UL>
 <LI><a href="#[2d]">__user_initial_stackheap</a>
</UL>
</UL>
<P>
<H3>
Mutually Recursive functions
</H3> <LI><a href="#[6]">NMI_Handler</a>&nbsp;&nbsp;&nbsp;&rArr;&nbsp;&nbsp;&nbsp;<a href="#[6]">NMI_Handler</a><BR>
 <LI><a href="#[7]">HardFault_Handler</a>&nbsp;&nbsp;&nbsp;&rArr;&nbsp;&nbsp;&nbsp;<a href="#[7]">HardFault_Handler</a><BR>
 <LI><a href="#[8]">SVC_Handler</a>&nbsp;&nbsp;&nbsp;&rArr;&nbsp;&nbsp;&nbsp;<a href="#[8]">SVC_Handler</a><BR>
 <LI><a href="#[9]">PendSV_Handler</a>&nbsp;&nbsp;&nbsp;&rArr;&nbsp;&nbsp;&nbsp;<a href="#[9]">PendSV_Handler</a><BR>
 <LI><a href="#[a]">SysTick_Handler</a>&nbsp;&nbsp;&nbsp;&rArr;&nbsp;&nbsp;&nbsp;<a href="#[a]">SysTick_Handler</a><BR>
 <LI><a href="#[11]">Default_Handler</a>&nbsp;&nbsp;&nbsp;&rArr;&nbsp;&nbsp;&nbsp;<a href="#[11]">Default_Handler</a><BR>
</UL>
<P>
<H3>
Function Pointers
</H3><UL>
 <LI><a href="#[27]">ADC_IRQHandler</a> from startup_m0518.o(.text) referenced from startup_m0518.o(RESET)
 <LI><a href="#[b]">BOD_IRQHandler</a> from startup_m0518.o(.text) referenced from startup_m0518.o(RESET)
 <LI><a href="#[22]">BPWM0_IRQHandler</a> from startup_m0518.o(.text) referenced from startup_m0518.o(RESET)
 <LI><a href="#[23]">BPWM1_IRQHandler</a> from startup_m0518.o(.text) referenced from startup_m0518.o(RESET)
 <LI><a href="#[24]">BRAKE0_IRQHandler</a> from startup_m0518.o(.text) referenced from startup_m0518.o(RESET)
 <LI><a href="#[25]">BRAKE1_IRQHandler</a> from startup_m0518.o(.text) referenced from startup_m0518.o(RESET)
 <LI><a href="#[1e]">CAN0_IRQHandler</a> from startup_m0518.o(.text) referenced from startup_m0518.o(RESET)
 <LI><a href="#[1f]">CAN1_IRQHandler</a> from startup_m0518.o(.text) referenced from startup_m0518.o(RESET)
 <LI><a href="#[11]">Default_Handler</a> from startup_m0518.o(.text) referenced 3 times from startup_m0518.o(RESET)
 <LI><a href="#[d]">EINT0_IRQHandler</a> from startup_m0518.o(.text) referenced from startup_m0518.o(RESET)
 <LI><a href="#[e]">EINT1_IRQHandler</a> from startup_m0518.o(.text) referenced from startup_m0518.o(RESET)
 <LI><a href="#[f]">GPAB_IRQHandler</a> from startup_m0518.o(.text) referenced from startup_m0518.o(RESET)
 <LI><a href="#[10]">GPCDEF_IRQHandler</a> from startup_m0518.o(.text) referenced from startup_m0518.o(RESET)
 <LI><a href="#[7]">HardFault_Handler</a> from startup_m0518.o(.text) referenced from startup_m0518.o(RESET)
 <LI><a href="#[1c]">I2C0_IRQHandler</a> from startup_m0518.o(.text) referenced from startup_m0518.o(RESET)
 <LI><a href="#[1d]">I2C1_IRQHandler</a> from startup_m0518.o(.text) referenced from startup_m0518.o(RESET)
 <LI><a href="#[6]">NMI_Handler</a> from startup_m0518.o(.text) referenced from startup_m0518.o(RESET)
 <LI><a href="#[20]">PWM0_IRQHandler</a> from userpwm0.o(i.PWM0_IRQHandler) referenced from startup_m0518.o(RESET)
 <LI><a href="#[21]">PWM1_IRQHandler</a> from userpwm1.o(i.PWM1_IRQHandler) referenced from startup_m0518.o(RESET)
 <LI><a href="#[26]">PWRWU_IRQHandler</a> from startup_m0518.o(.text) referenced from startup_m0518.o(RESET)
 <LI><a href="#[9]">PendSV_Handler</a> from startup_m0518.o(.text) referenced from startup_m0518.o(RESET)
 <LI><a href="#[28]">RTC_IRQHandler</a> from startup_m0518.o(.text) referenced from startup_m0518.o(RESET)
 <LI><a href="#[2b]">Reset_Handler</a> from startup_m0518.o(.text) referenced from startup_m0518.o(RESET)
 <LI><a href="#[18]">SPI0_IRQHandler</a> from startup_m0518.o(.text) referenced from startup_m0518.o(RESET)
 <LI><a href="#[8]">SVC_Handler</a> from startup_m0518.o(.text) referenced from startup_m0518.o(RESET)
 <LI><a href="#[a]">SysTick_Handler</a> from startup_m0518.o(.text) referenced from startup_m0518.o(RESET)
 <LI><a href="#[29]">SystemInit</a> from system_m0518.o(i.SystemInit) referenced from startup_m0518.o(.text)
 <LI><a href="#[12]">TMR0_IRQHandler</a> from startup_m0518.o(.text) referenced from startup_m0518.o(RESET)
 <LI><a href="#[13]">TMR1_IRQHandler</a> from usertimer1.o(i.TMR1_IRQHandler) referenced from startup_m0518.o(RESET)
 <LI><a href="#[14]">TMR2_IRQHandler</a> from usertimer2.o(i.TMR2_IRQHandler) referenced from startup_m0518.o(RESET)
 <LI><a href="#[15]">TMR3_IRQHandler</a> from startup_m0518.o(.text) referenced from startup_m0518.o(RESET)
 <LI><a href="#[16]">UART02_IRQHandler</a> from startup_m0518.o(.text) referenced from startup_m0518.o(RESET)
 <LI><a href="#[17]">UART1_IRQHandler</a> from useruart.o(i.UART1_IRQHandler) referenced from startup_m0518.o(RESET)
 <LI><a href="#[19]">UART3_IRQHandler</a> from startup_m0518.o(.text) referenced from startup_m0518.o(RESET)
 <LI><a href="#[1a]">UART4_IRQHandler</a> from startup_m0518.o(.text) referenced from startup_m0518.o(RESET)
 <LI><a href="#[1b]">UART5_IRQHandler</a> from startup_m0518.o(.text) referenced from startup_m0518.o(RESET)
 <LI><a href="#[c]">WDT_IRQHandler</a> from startup_m0518.o(.text) referenced from startup_m0518.o(RESET)
 <LI><a href="#[2c]">__main</a> from __main.o(!!!main) referenced from startup_m0518.o(.text)
</UL>
<P>
<H3>
Global Symbols
</H3>
<P><STRONG><a name="[2c]"></a>__main</STRONG> (Thumb, 8 bytes, Stack size 0 bytes, __main.o(!!!main))
<BR><BR>[Calls]<UL><LI><a href="#[2e]">&gt;&gt;</a>&nbsp;&nbsp;&nbsp;__scatterload
<LI><a href="#[2f]">&gt;&gt;</a>&nbsp;&nbsp;&nbsp;__rt_entry
</UL>

<P><STRONG><a name="[2e]"></a>__scatterload</STRONG> (Thumb, 0 bytes, Stack size unknown bytes, __scatter.o(!!!scatter))
<BR><BR>[Called By]<UL><LI><a href="#[2c]">&gt;&gt;</a>&nbsp;&nbsp;&nbsp;__main
</UL>

<P><STRONG><a name="[30]"></a>__scatterload_rt2</STRONG> (Thumb, 52 bytes, Stack size unknown bytes, __scatter.o(!!!scatter), UNUSED)
<BR><BR>[Calls]<UL><LI><a href="#[2f]">&gt;&gt;</a>&nbsp;&nbsp;&nbsp;__rt_entry
</UL>

<P><STRONG><a name="[6d]"></a>__scatterload_rt2_thumb_only</STRONG> (Thumb, 0 bytes, Stack size unknown bytes, __scatter.o(!!!scatter), UNUSED)

<P><STRONG><a name="[6e]"></a>__scatterload_null</STRONG> (Thumb, 0 bytes, Stack size unknown bytes, __scatter.o(!!!scatter), UNUSED)

<P><STRONG><a name="[31]"></a>__scatterload_copy</STRONG> (Thumb, 26 bytes, Stack size unknown bytes, __scatter_copy.o(!!handler_copy), UNUSED)
<BR><BR>[Calls]<UL><LI><a href="#[31]">&gt;&gt;</a>&nbsp;&nbsp;&nbsp;__scatterload_copy
</UL>
<BR>[Called By]<UL><LI><a href="#[31]">&gt;&gt;</a>&nbsp;&nbsp;&nbsp;__scatterload_copy
</UL>

<P><STRONG><a name="[6f]"></a>__scatterload_zeroinit</STRONG> (Thumb, 28 bytes, Stack size unknown bytes, __scatter_zi.o(!!handler_zi), UNUSED)

<P><STRONG><a name="[35]"></a>__rt_lib_init</STRONG> (Thumb, 0 bytes, Stack size unknown bytes, libinit.o(.ARM.Collect$$libinit$$00000000))
<BR><BR>[Called By]<UL><LI><a href="#[34]">&gt;&gt;</a>&nbsp;&nbsp;&nbsp;__rt_entry_li
</UL>

<P><STRONG><a name="[70]"></a>__rt_lib_init_alloca_1</STRONG> (Thumb, 0 bytes, Stack size unknown bytes, libinit2.o(.ARM.Collect$$libinit$$0000002E))

<P><STRONG><a name="[71]"></a>__rt_lib_init_argv_1</STRONG> (Thumb, 0 bytes, Stack size unknown bytes, libinit2.o(.ARM.Collect$$libinit$$0000002C))

<P><STRONG><a name="[72]"></a>__rt_lib_init_atexit_1</STRONG> (Thumb, 0 bytes, Stack size unknown bytes, libinit2.o(.ARM.Collect$$libinit$$0000001B))

<P><STRONG><a name="[73]"></a>__rt_lib_init_clock_1</STRONG> (Thumb, 0 bytes, Stack size unknown bytes, libinit2.o(.ARM.Collect$$libinit$$00000021))

<P><STRONG><a name="[74]"></a>__rt_lib_init_cpp_1</STRONG> (Thumb, 0 bytes, Stack size unknown bytes, libinit2.o(.ARM.Collect$$libinit$$00000032))

<P><STRONG><a name="[75]"></a>__rt_lib_init_exceptions_1</STRONG> (Thumb, 0 bytes, Stack size unknown bytes, libinit2.o(.ARM.Collect$$libinit$$00000030))

<P><STRONG><a name="[76]"></a>__rt_lib_init_fp_1</STRONG> (Thumb, 0 bytes, Stack size unknown bytes, libinit2.o(.ARM.Collect$$libinit$$00000002))

<P><STRONG><a name="[77]"></a>__rt_lib_init_fp_trap_1</STRONG> (Thumb, 0 bytes, Stack size unknown bytes, libinit2.o(.ARM.Collect$$libinit$$0000001F))

<P><STRONG><a name="[78]"></a>__rt_lib_init_getenv_1</STRONG> (Thumb, 0 bytes, Stack size unknown bytes, libinit2.o(.ARM.Collect$$libinit$$00000023))

<P><STRONG><a name="[79]"></a>__rt_lib_init_heap_1</STRONG> (Thumb, 0 bytes, Stack size unknown bytes, libinit2.o(.ARM.Collect$$libinit$$0000000A))

<P><STRONG><a name="[7a]"></a>__rt_lib_init_lc_collate_1</STRONG> (Thumb, 0 bytes, Stack size unknown bytes, libinit2.o(.ARM.Collect$$libinit$$00000011))

<P><STRONG><a name="[7b]"></a>__rt_lib_init_lc_ctype_1</STRONG> (Thumb, 0 bytes, Stack size unknown bytes, libinit2.o(.ARM.Collect$$libinit$$00000013))

<P><STRONG><a name="[7c]"></a>__rt_lib_init_lc_monetary_1</STRONG> (Thumb, 0 bytes, Stack size unknown bytes, libinit2.o(.ARM.Collect$$libinit$$00000015))

<P><STRONG><a name="[7d]"></a>__rt_lib_init_lc_numeric_1</STRONG> (Thumb, 0 bytes, Stack size unknown bytes, libinit2.o(.ARM.Collect$$libinit$$00000017))

<P><STRONG><a name="[7e]"></a>__rt_lib_init_lc_time_1</STRONG> (Thumb, 0 bytes, Stack size unknown bytes, libinit2.o(.ARM.Collect$$libinit$$00000019))

<P><STRONG><a name="[7f]"></a>__rt_lib_init_preinit_1</STRONG> (Thumb, 0 bytes, Stack size unknown bytes, libinit2.o(.ARM.Collect$$libinit$$00000004))

<P><STRONG><a name="[80]"></a>__rt_lib_init_rand_1</STRONG> (Thumb, 0 bytes, Stack size unknown bytes, libinit2.o(.ARM.Collect$$libinit$$0000000E))

<P><STRONG><a name="[81]"></a>__rt_lib_init_return</STRONG> (Thumb, 0 bytes, Stack size unknown bytes, libinit2.o(.ARM.Collect$$libinit$$00000033))

<P><STRONG><a name="[82]"></a>__rt_lib_init_signal_1</STRONG> (Thumb, 0 bytes, Stack size unknown bytes, libinit2.o(.ARM.Collect$$libinit$$0000001D))

<P><STRONG><a name="[83]"></a>__rt_lib_init_stdio_1</STRONG> (Thumb, 0 bytes, Stack size unknown bytes, libinit2.o(.ARM.Collect$$libinit$$00000025))

<P><STRONG><a name="[84]"></a>__rt_lib_init_user_alloc_1</STRONG> (Thumb, 0 bytes, Stack size unknown bytes, libinit2.o(.ARM.Collect$$libinit$$0000000C))

<P><STRONG><a name="[3a]"></a>__rt_lib_shutdown</STRONG> (Thumb, 0 bytes, Stack size unknown bytes, libshutdown.o(.ARM.Collect$$libshutdown$$00000000))
<BR><BR>[Called By]<UL><LI><a href="#[39]">&gt;&gt;</a>&nbsp;&nbsp;&nbsp;__rt_exit_ls
</UL>

<P><STRONG><a name="[85]"></a>__rt_lib_shutdown_cpp_1</STRONG> (Thumb, 0 bytes, Stack size unknown bytes, libshutdown2.o(.ARM.Collect$$libshutdown$$00000002))

<P><STRONG><a name="[86]"></a>__rt_lib_shutdown_fp_trap_1</STRONG> (Thumb, 0 bytes, Stack size unknown bytes, libshutdown2.o(.ARM.Collect$$libshutdown$$00000007))

<P><STRONG><a name="[87]"></a>__rt_lib_shutdown_heap_1</STRONG> (Thumb, 0 bytes, Stack size unknown bytes, libshutdown2.o(.ARM.Collect$$libshutdown$$0000000F))

<P><STRONG><a name="[88]"></a>__rt_lib_shutdown_return</STRONG> (Thumb, 0 bytes, Stack size unknown bytes, libshutdown2.o(.ARM.Collect$$libshutdown$$00000010))

<P><STRONG><a name="[89]"></a>__rt_lib_shutdown_signal_1</STRONG> (Thumb, 0 bytes, Stack size unknown bytes, libshutdown2.o(.ARM.Collect$$libshutdown$$0000000A))

<P><STRONG><a name="[8a]"></a>__rt_lib_shutdown_stdio_1</STRONG> (Thumb, 0 bytes, Stack size unknown bytes, libshutdown2.o(.ARM.Collect$$libshutdown$$00000004))

<P><STRONG><a name="[8b]"></a>__rt_lib_shutdown_user_alloc_1</STRONG> (Thumb, 0 bytes, Stack size unknown bytes, libshutdown2.o(.ARM.Collect$$libshutdown$$0000000C))

<P><STRONG><a name="[2f]"></a>__rt_entry</STRONG> (Thumb, 0 bytes, Stack size unknown bytes, __rtentry.o(.ARM.Collect$$rtentry$$00000000))
<BR><BR>[Called By]<UL><LI><a href="#[30]">&gt;&gt;</a>&nbsp;&nbsp;&nbsp;__scatterload_rt2
<LI><a href="#[2c]">&gt;&gt;</a>&nbsp;&nbsp;&nbsp;__main
</UL>

<P><STRONG><a name="[8c]"></a>__rt_entry_presh_1</STRONG> (Thumb, 0 bytes, Stack size unknown bytes, __rtentry2.o(.ARM.Collect$$rtentry$$00000002))

<P><STRONG><a name="[32]"></a>__rt_entry_sh</STRONG> (Thumb, 0 bytes, Stack size unknown bytes, __rtentry4.o(.ARM.Collect$$rtentry$$00000004))
<BR><BR>[Stack]<UL><LI>Max Depth = 8 + Unknown Stack Size
<LI>Call Chain = __rt_entry_sh &rArr; __user_setup_stackheap
</UL>
<BR>[Calls]<UL><LI><a href="#[33]">&gt;&gt;</a>&nbsp;&nbsp;&nbsp;__user_setup_stackheap
</UL>

<P><STRONG><a name="[34]"></a>__rt_entry_li</STRONG> (Thumb, 0 bytes, Stack size unknown bytes, __rtentry2.o(.ARM.Collect$$rtentry$$0000000A))
<BR><BR>[Calls]<UL><LI><a href="#[35]">&gt;&gt;</a>&nbsp;&nbsp;&nbsp;__rt_lib_init
</UL>

<P><STRONG><a name="[8d]"></a>__rt_entry_postsh_1</STRONG> (Thumb, 0 bytes, Stack size unknown bytes, __rtentry2.o(.ARM.Collect$$rtentry$$00000009))

<P><STRONG><a name="[36]"></a>__rt_entry_main</STRONG> (Thumb, 0 bytes, Stack size unknown bytes, __rtentry2.o(.ARM.Collect$$rtentry$$0000000D))
<BR><BR>[Stack]<UL><LI>Max Depth = 120 + Unknown Stack Size
<LI>Call Chain = __rt_entry_main &rArr; main &rArr; UserSystemClk &rArr; CLK_SetCoreClock &rArr; CLK_EnablePLL &rArr; CLK_GetPLLClockFreq
</UL>
<BR>[Calls]<UL><LI><a href="#[37]">&gt;&gt;</a>&nbsp;&nbsp;&nbsp;main
<LI><a href="#[38]">&gt;&gt;</a>&nbsp;&nbsp;&nbsp;exit
</UL>

<P><STRONG><a name="[8e]"></a>__rt_entry_postli_1</STRONG> (Thumb, 0 bytes, Stack size unknown bytes, __rtentry2.o(.ARM.Collect$$rtentry$$0000000C))

<P><STRONG><a name="[3f]"></a>__rt_exit</STRONG> (Thumb, 0 bytes, Stack size unknown bytes, rtexit.o(.ARM.Collect$$rtexit$$00000000))
<BR><BR>[Called By]<UL><LI><a href="#[38]">&gt;&gt;</a>&nbsp;&nbsp;&nbsp;exit
</UL>

<P><STRONG><a name="[39]"></a>__rt_exit_ls</STRONG> (Thumb, 0 bytes, Stack size unknown bytes, rtexit2.o(.ARM.Collect$$rtexit$$00000003))
<BR><BR>[Calls]<UL><LI><a href="#[3a]">&gt;&gt;</a>&nbsp;&nbsp;&nbsp;__rt_lib_shutdown
</UL>

<P><STRONG><a name="[8f]"></a>__rt_exit_prels_1</STRONG> (Thumb, 0 bytes, Stack size unknown bytes, rtexit2.o(.ARM.Collect$$rtexit$$00000002))

<P><STRONG><a name="[3b]"></a>__rt_exit_exit</STRONG> (Thumb, 0 bytes, Stack size unknown bytes, rtexit2.o(.ARM.Collect$$rtexit$$00000004))
<BR><BR>[Calls]<UL><LI><a href="#[3c]">&gt;&gt;</a>&nbsp;&nbsp;&nbsp;_sys_exit
</UL>

<P><STRONG><a name="[2b]"></a>Reset_Handler</STRONG> (Thumb, 32 bytes, Stack size 0 bytes, startup_m0518.o(.text))

<P><STRONG><a name="[6]"></a>NMI_Handler</STRONG> (Thumb, 2 bytes, Stack size 0 bytes, startup_m0518.o(.text))
<BR><BR>[Calls]<UL><LI><a href="#[6]">&gt;&gt;</a>&nbsp;&nbsp;&nbsp;NMI_Handler
</UL>
<BR>[Called By]<UL><LI><a href="#[6]">&gt;&gt;</a>&nbsp;&nbsp;&nbsp;NMI_Handler
</UL>
<BR>[Address Reference Count : 1]<UL><LI> startup_m0518.o(RESET)
</UL>
<P><STRONG><a name="[7]"></a>HardFault_Handler</STRONG> (Thumb, 2 bytes, Stack size 0 bytes, startup_m0518.o(.text))
<BR><BR>[Calls]<UL><LI><a href="#[7]">&gt;&gt;</a>&nbsp;&nbsp;&nbsp;HardFault_Handler
</UL>
<BR>[Called By]<UL><LI><a href="#[7]">&gt;&gt;</a>&nbsp;&nbsp;&nbsp;HardFault_Handler
</UL>
<BR>[Address Reference Count : 1]<UL><LI> startup_m0518.o(RESET)
</UL>
<P><STRONG><a name="[8]"></a>SVC_Handler</STRONG> (Thumb, 2 bytes, Stack size 0 bytes, startup_m0518.o(.text))
<BR><BR>[Calls]<UL><LI><a href="#[8]">&gt;&gt;</a>&nbsp;&nbsp;&nbsp;SVC_Handler
</UL>
<BR>[Called By]<UL><LI><a href="#[8]">&gt;&gt;</a>&nbsp;&nbsp;&nbsp;SVC_Handler
</UL>
<BR>[Address Reference Count : 1]<UL><LI> startup_m0518.o(RESET)
</UL>
<P><STRONG><a name="[9]"></a>PendSV_Handler</STRONG> (Thumb, 2 bytes, Stack size 0 bytes, startup_m0518.o(.text))
<BR><BR>[Calls]<UL><LI><a href="#[9]">&gt;&gt;</a>&nbsp;&nbsp;&nbsp;PendSV_Handler
</UL>
<BR>[Called By]<UL><LI><a href="#[9]">&gt;&gt;</a>&nbsp;&nbsp;&nbsp;PendSV_Handler
</UL>
<BR>[Address Reference Count : 1]<UL><LI> startup_m0518.o(RESET)
</UL>
<P><STRONG><a name="[a]"></a>SysTick_Handler</STRONG> (Thumb, 2 bytes, Stack size 0 bytes, startup_m0518.o(.text))
<BR><BR>[Calls]<UL><LI><a href="#[a]">&gt;&gt;</a>&nbsp;&nbsp;&nbsp;SysTick_Handler
</UL>
<BR>[Called By]<UL><LI><a href="#[a]">&gt;&gt;</a>&nbsp;&nbsp;&nbsp;SysTick_Handler
</UL>
<BR>[Address Reference Count : 1]<UL><LI> startup_m0518.o(RESET)
</UL>
<P><STRONG><a name="[27]"></a>ADC_IRQHandler</STRONG> (Thumb, 0 bytes, Stack size 0 bytes, startup_m0518.o(.text))
<BR>[Address Reference Count : 1]<UL><LI> startup_m0518.o(RESET)
</UL>
<P><STRONG><a name="[b]"></a>BOD_IRQHandler</STRONG> (Thumb, 0 bytes, Stack size 0 bytes, startup_m0518.o(.text))
<BR>[Address Reference Count : 1]<UL><LI> startup_m0518.o(RESET)
</UL>
<P><STRONG><a name="[22]"></a>BPWM0_IRQHandler</STRONG> (Thumb, 0 bytes, Stack size 0 bytes, startup_m0518.o(.text))
<BR>[Address Reference Count : 1]<UL><LI> startup_m0518.o(RESET)
</UL>
<P><STRONG><a name="[23]"></a>BPWM1_IRQHandler</STRONG> (Thumb, 0 bytes, Stack size 0 bytes, startup_m0518.o(.text))
<BR>[Address Reference Count : 1]<UL><LI> startup_m0518.o(RESET)
</UL>
<P><STRONG><a name="[24]"></a>BRAKE0_IRQHandler</STRONG> (Thumb, 0 bytes, Stack size 0 bytes, startup_m0518.o(.text))
<BR>[Address Reference Count : 1]<UL><LI> startup_m0518.o(RESET)
</UL>
<P><STRONG><a name="[25]"></a>BRAKE1_IRQHandler</STRONG> (Thumb, 0 bytes, Stack size 0 bytes, startup_m0518.o(.text))
<BR>[Address Reference Count : 1]<UL><LI> startup_m0518.o(RESET)
</UL>
<P><STRONG><a name="[1e]"></a>CAN0_IRQHandler</STRONG> (Thumb, 0 bytes, Stack size 0 bytes, startup_m0518.o(.text))
<BR>[Address Reference Count : 1]<UL><LI> startup_m0518.o(RESET)
</UL>
<P><STRONG><a name="[1f]"></a>CAN1_IRQHandler</STRONG> (Thumb, 0 bytes, Stack size 0 bytes, startup_m0518.o(.text))
<BR>[Address Reference Count : 1]<UL><LI> startup_m0518.o(RESET)
</UL>
<P><STRONG><a name="[d]"></a>EINT0_IRQHandler</STRONG> (Thumb, 0 bytes, Stack size 0 bytes, startup_m0518.o(.text))
<BR>[Address Reference Count : 1]<UL><LI> startup_m0518.o(RESET)
</UL>
<P><STRONG><a name="[e]"></a>EINT1_IRQHandler</STRONG> (Thumb, 0 bytes, Stack size 0 bytes, startup_m0518.o(.text))
<BR>[Address Reference Count : 1]<UL><LI> startup_m0518.o(RESET)
</UL>
<P><STRONG><a name="[f]"></a>GPAB_IRQHandler</STRONG> (Thumb, 0 bytes, Stack size 0 bytes, startup_m0518.o(.text))
<BR>[Address Reference Count : 1]<UL><LI> startup_m0518.o(RESET)
</UL>
<P><STRONG><a name="[10]"></a>GPCDEF_IRQHandler</STRONG> (Thumb, 0 bytes, Stack size 0 bytes, startup_m0518.o(.text))
<BR>[Address Reference Count : 1]<UL><LI> startup_m0518.o(RESET)
</UL>
<P><STRONG><a name="[1c]"></a>I2C0_IRQHandler</STRONG> (Thumb, 0 bytes, Stack size 0 bytes, startup_m0518.o(.text))
<BR>[Address Reference Count : 1]<UL><LI> startup_m0518.o(RESET)
</UL>
<P><STRONG><a name="[1d]"></a>I2C1_IRQHandler</STRONG> (Thumb, 0 bytes, Stack size 0 bytes, startup_m0518.o(.text))
<BR>[Address Reference Count : 1]<UL><LI> startup_m0518.o(RESET)
</UL>
<P><STRONG><a name="[26]"></a>PWRWU_IRQHandler</STRONG> (Thumb, 0 bytes, Stack size 0 bytes, startup_m0518.o(.text))
<BR>[Address Reference Count : 1]<UL><LI> startup_m0518.o(RESET)
</UL>
<P><STRONG><a name="[28]"></a>RTC_IRQHandler</STRONG> (Thumb, 0 bytes, Stack size 0 bytes, startup_m0518.o(.text))
<BR>[Address Reference Count : 1]<UL><LI> startup_m0518.o(RESET)
</UL>
<P><STRONG><a name="[18]"></a>SPI0_IRQHandler</STRONG> (Thumb, 0 bytes, Stack size 0 bytes, startup_m0518.o(.text))
<BR>[Address Reference Count : 1]<UL><LI> startup_m0518.o(RESET)
</UL>
<P><STRONG><a name="[12]"></a>TMR0_IRQHandler</STRONG> (Thumb, 0 bytes, Stack size 0 bytes, startup_m0518.o(.text))
<BR>[Address Reference Count : 1]<UL><LI> startup_m0518.o(RESET)
</UL>
<P><STRONG><a name="[15]"></a>TMR3_IRQHandler</STRONG> (Thumb, 0 bytes, Stack size 0 bytes, startup_m0518.o(.text))
<BR>[Address Reference Count : 1]<UL><LI> startup_m0518.o(RESET)
</UL>
<P><STRONG><a name="[16]"></a>UART02_IRQHandler</STRONG> (Thumb, 0 bytes, Stack size 0 bytes, startup_m0518.o(.text))
<BR>[Address Reference Count : 1]<UL><LI> startup_m0518.o(RESET)
</UL>
<P><STRONG><a name="[19]"></a>UART3_IRQHandler</STRONG> (Thumb, 0 bytes, Stack size 0 bytes, startup_m0518.o(.text))
<BR>[Address Reference Count : 1]<UL><LI> startup_m0518.o(RESET)
</UL>
<P><STRONG><a name="[1a]"></a>UART4_IRQHandler</STRONG> (Thumb, 0 bytes, Stack size 0 bytes, startup_m0518.o(.text))
<BR>[Address Reference Count : 1]<UL><LI> startup_m0518.o(RESET)
</UL>
<P><STRONG><a name="[1b]"></a>UART5_IRQHandler</STRONG> (Thumb, 0 bytes, Stack size 0 bytes, startup_m0518.o(.text))
<BR>[Address Reference Count : 1]<UL><LI> startup_m0518.o(RESET)
</UL>
<P><STRONG><a name="[c]"></a>WDT_IRQHandler</STRONG> (Thumb, 0 bytes, Stack size 0 bytes, startup_m0518.o(.text))
<BR>[Address Reference Count : 1]<UL><LI> startup_m0518.o(RESET)
</UL>
<P><STRONG><a name="[2d]"></a>__user_initial_stackheap</STRONG> (Thumb, 0 bytes, Stack size unknown bytes, startup_m0518.o(.text))
<BR><BR>[Called By]<UL><LI><a href="#[33]">&gt;&gt;</a>&nbsp;&nbsp;&nbsp;__user_setup_stackheap
</UL>

<P><STRONG><a name="[4a]"></a>strcpy</STRONG> (Thumb, 70 bytes, Stack size 16 bytes, strcpy.o(.text))
<BR><BR>[Stack]<UL><LI>Max Depth = 16<LI>Call Chain = strcpy
</UL>
<BR>[Called By]<UL><LI><a href="#[49]">&gt;&gt;</a>&nbsp;&nbsp;&nbsp;ExecuteCommand
</UL>

<P><STRONG><a name="[4b]"></a>strncmp</STRONG> (Thumb, 154 bytes, Stack size 20 bytes, strncmp.o(.text))
<BR><BR>[Stack]<UL><LI>Max Depth = 20<LI>Call Chain = strncmp
</UL>
<BR>[Called By]<UL><LI><a href="#[49]">&gt;&gt;</a>&nbsp;&nbsp;&nbsp;ExecuteCommand
</UL>

<P><STRONG><a name="[90]"></a>__aeabi_uidiv</STRONG> (Thumb, 0 bytes, Stack size 0 bytes, aeabi_sdiv.o(.text), UNUSED)

<P><STRONG><a name="[42]"></a>__aeabi_uidivmod</STRONG> (Thumb, 20 bytes, Stack size 0 bytes, aeabi_sdiv.o(.text))
<BR><BR>[Called By]<UL><LI><a href="#[40]">&gt;&gt;</a>&nbsp;&nbsp;&nbsp;CLK_EnablePLL
<LI><a href="#[43]">&gt;&gt;</a>&nbsp;&nbsp;&nbsp;CLK_GetPLLClockFreq
<LI><a href="#[48]">&gt;&gt;</a>&nbsp;&nbsp;&nbsp;SystemCoreClockUpdate
<LI><a href="#[44]">&gt;&gt;</a>&nbsp;&nbsp;&nbsp;CLK_GetPLLClockFreq
<LI><a href="#[66]">&gt;&gt;</a>&nbsp;&nbsp;&nbsp;UART_Open
<LI><a href="#[45]">&gt;&gt;</a>&nbsp;&nbsp;&nbsp;CLK_GetPLLClockFreq
</UL>

<P><STRONG><a name="[91]"></a>__aeabi_idiv</STRONG> (Thumb, 0 bytes, Stack size 8 bytes, aeabi_sdiv.o(.text), UNUSED)

<P><STRONG><a name="[92]"></a>__aeabi_idivmod</STRONG> (Thumb, 326 bytes, Stack size 8 bytes, aeabi_sdiv.o(.text), UNUSED)

<P><STRONG><a name="[93]"></a>__use_two_region_memory</STRONG> (Thumb, 2 bytes, Stack size 0 bytes, heapauxi.o(.text), UNUSED)

<P><STRONG><a name="[94]"></a>__rt_heap_escrow$2region</STRONG> (Thumb, 2 bytes, Stack size 0 bytes, heapauxi.o(.text), UNUSED)

<P><STRONG><a name="[95]"></a>__rt_heap_expand$2region</STRONG> (Thumb, 2 bytes, Stack size 0 bytes, heapauxi.o(.text), UNUSED)

<P><STRONG><a name="[33]"></a>__user_setup_stackheap</STRONG> (Thumb, 62 bytes, Stack size 8 bytes, sys_stackheap_outer.o(.text))
<BR><BR>[Stack]<UL><LI>Max Depth = 8 + Unknown Stack Size
<LI>Call Chain = __user_setup_stackheap
</UL>
<BR>[Calls]<UL><LI><a href="#[2d]">&gt;&gt;</a>&nbsp;&nbsp;&nbsp;__user_initial_stackheap
<LI><a href="#[3d]">&gt;&gt;</a>&nbsp;&nbsp;&nbsp;__user_perproc_libspace
</UL>
<BR>[Called By]<UL><LI><a href="#[32]">&gt;&gt;</a>&nbsp;&nbsp;&nbsp;__rt_entry_sh
</UL>

<P><STRONG><a name="[38]"></a>exit</STRONG> (Thumb, 16 bytes, Stack size 8 bytes, exit.o(.text))
<BR><BR>[Stack]<UL><LI>Max Depth = 8 + Unknown Stack Size
<LI>Call Chain = exit
</UL>
<BR>[Calls]<UL><LI><a href="#[3f]">&gt;&gt;</a>&nbsp;&nbsp;&nbsp;__rt_exit
<LI><a href="#[3e]">&gt;&gt;</a>&nbsp;&nbsp;&nbsp;_call_atexit_fns (Weak Reference)
</UL>
<BR>[Called By]<UL><LI><a href="#[36]">&gt;&gt;</a>&nbsp;&nbsp;&nbsp;__rt_entry_main
</UL>

<P><STRONG><a name="[96]"></a>__user_libspace</STRONG> (Thumb, 8 bytes, Stack size 0 bytes, libspace.o(.text), UNUSED)

<P><STRONG><a name="[3d]"></a>__user_perproc_libspace</STRONG> (Thumb, 0 bytes, Stack size 0 bytes, libspace.o(.text))
<BR><BR>[Called By]<UL><LI><a href="#[33]">&gt;&gt;</a>&nbsp;&nbsp;&nbsp;__user_setup_stackheap
</UL>

<P><STRONG><a name="[97]"></a>__user_perthread_libspace</STRONG> (Thumb, 0 bytes, Stack size 0 bytes, libspace.o(.text), UNUSED)

<P><STRONG><a name="[3c]"></a>_sys_exit</STRONG> (Thumb, 8 bytes, Stack size 0 bytes, sys_exit.o(.text))
<BR><BR>[Called By]<UL><LI><a href="#[3b]">&gt;&gt;</a>&nbsp;&nbsp;&nbsp;__rt_exit_exit
</UL>

<P><STRONG><a name="[98]"></a>__I$use$semihosting</STRONG> (Thumb, 0 bytes, Stack size 0 bytes, use_no_semi.o(.text), UNUSED)

<P><STRONG><a name="[99]"></a>__use_no_semihosting_swi</STRONG> (Thumb, 2 bytes, Stack size 0 bytes, use_no_semi.o(.text), UNUSED)

<P><STRONG><a name="[9a]"></a>__semihosting_library_function</STRONG> (Thumb, 0 bytes, Stack size unknown bytes, indicate_semi.o(.text), UNUSED)

<P><STRONG><a name="[63]"></a>CLK_EnableModuleClock</STRONG> (Thumb, 52 bytes, Stack size 24 bytes, clk.o(i.CLK_EnableModuleClock))
<BR><BR>[Stack]<UL><LI>Max Depth = 24<LI>Call Chain = CLK_EnableModuleClock
</UL>
<BR>[Called By]<UL><LI><a href="#[67]">&gt;&gt;</a>&nbsp;&nbsp;&nbsp;UserSystemClk
<LI><a href="#[62]">&gt;&gt;</a>&nbsp;&nbsp;&nbsp;UART_Init
</UL>

<P><STRONG><a name="[40]"></a>CLK_EnablePLL</STRONG> (Thumb, 384 bytes, Stack size 64 bytes, clk.o(i.CLK_EnablePLL))
<BR><BR>[Stack]<UL><LI>Max Depth = 96<LI>Call Chain = CLK_EnablePLL &rArr; CLK_GetPLLClockFreq
</UL>
<BR>[Calls]<UL><LI><a href="#[41]">&gt;&gt;</a>&nbsp;&nbsp;&nbsp;CLK_WaitClockReady
<LI><a href="#[43]">&gt;&gt;</a>&nbsp;&nbsp;&nbsp;CLK_GetPLLClockFreq
<LI><a href="#[42]">&gt;&gt;</a>&nbsp;&nbsp;&nbsp;__aeabi_uidivmod
</UL>
<BR>[Called By]<UL><LI><a href="#[46]">&gt;&gt;</a>&nbsp;&nbsp;&nbsp;CLK_SetCoreClock
</UL>

<P><STRONG><a name="[68]"></a>CLK_EnableXtalRC</STRONG> (Thumb, 12 bytes, Stack size 0 bytes, clk.o(i.CLK_EnableXtalRC))
<BR><BR>[Called By]<UL><LI><a href="#[67]">&gt;&gt;</a>&nbsp;&nbsp;&nbsp;UserSystemClk
</UL>

<P><STRONG><a name="[46]"></a>CLK_SetCoreClock</STRONG> (Thumb, 144 bytes, Stack size 16 bytes, clk.o(i.CLK_SetCoreClock))
<BR><BR>[Stack]<UL><LI>Max Depth = 112<LI>Call Chain = CLK_SetCoreClock &rArr; CLK_EnablePLL &rArr; CLK_GetPLLClockFreq
</UL>
<BR>[Calls]<UL><LI><a href="#[41]">&gt;&gt;</a>&nbsp;&nbsp;&nbsp;CLK_WaitClockReady
<LI><a href="#[47]">&gt;&gt;</a>&nbsp;&nbsp;&nbsp;CLK_SetHCLK
<LI><a href="#[40]">&gt;&gt;</a>&nbsp;&nbsp;&nbsp;CLK_EnablePLL
</UL>
<BR>[Called By]<UL><LI><a href="#[67]">&gt;&gt;</a>&nbsp;&nbsp;&nbsp;UserSystemClk
</UL>

<P><STRONG><a name="[47]"></a>CLK_SetHCLK</STRONG> (Thumb, 92 bytes, Stack size 16 bytes, clk.o(i.CLK_SetHCLK))
<BR><BR>[Stack]<UL><LI>Max Depth = 64<LI>Call Chain = CLK_SetHCLK &rArr; SystemCoreClockUpdate &rArr; CLK_GetPLLClockFreq
</UL>
<BR>[Calls]<UL><LI><a href="#[41]">&gt;&gt;</a>&nbsp;&nbsp;&nbsp;CLK_WaitClockReady
<LI><a href="#[48]">&gt;&gt;</a>&nbsp;&nbsp;&nbsp;SystemCoreClockUpdate
</UL>
<BR>[Called By]<UL><LI><a href="#[46]">&gt;&gt;</a>&nbsp;&nbsp;&nbsp;CLK_SetCoreClock
</UL>

<P><STRONG><a name="[64]"></a>CLK_SetModuleClock</STRONG> (Thumb, 108 bytes, Stack size 48 bytes, clk.o(i.CLK_SetModuleClock))
<BR><BR>[Stack]<UL><LI>Max Depth = 48<LI>Call Chain = CLK_SetModuleClock
</UL>
<BR>[Called By]<UL><LI><a href="#[67]">&gt;&gt;</a>&nbsp;&nbsp;&nbsp;UserSystemClk
<LI><a href="#[62]">&gt;&gt;</a>&nbsp;&nbsp;&nbsp;UART_Init
</UL>

<P><STRONG><a name="[69]"></a>CLK_SetSysTickClockSrc</STRONG> (Thumb, 16 bytes, Stack size 0 bytes, clk.o(i.CLK_SetSysTickClockSrc))
<BR><BR>[Called By]<UL><LI><a href="#[67]">&gt;&gt;</a>&nbsp;&nbsp;&nbsp;UserSystemClk
</UL>

<P><STRONG><a name="[41]"></a>CLK_WaitClockReady</STRONG> (Thumb, 32 bytes, Stack size 0 bytes, clk.o(i.CLK_WaitClockReady))
<BR><BR>[Called By]<UL><LI><a href="#[47]">&gt;&gt;</a>&nbsp;&nbsp;&nbsp;CLK_SetHCLK
<LI><a href="#[46]">&gt;&gt;</a>&nbsp;&nbsp;&nbsp;CLK_SetCoreClock
<LI><a href="#[40]">&gt;&gt;</a>&nbsp;&nbsp;&nbsp;CLK_EnablePLL
<LI><a href="#[67]">&gt;&gt;</a>&nbsp;&nbsp;&nbsp;UserSystemClk
</UL>

<P><STRONG><a name="[6c]"></a>CommandDecode</STRONG> (Thumb, 232 bytes, Stack size 16 bytes, useruart.o(i.CommandDecode))
<BR><BR>[Stack]<UL><LI>Max Depth = 16<LI>Call Chain = CommandDecode
</UL>
<BR>[Called By]<UL><LI><a href="#[37]">&gt;&gt;</a>&nbsp;&nbsp;&nbsp;main
</UL>

<P><STRONG><a name="[5c]"></a>Delay_1ms</STRONG> (Thumb, 16 bytes, Stack size 0 bytes, usertimer1.o(i.Delay_1ms))
<BR><BR>[Called By]<UL><LI><a href="#[4d]">&gt;&gt;</a>&nbsp;&nbsp;&nbsp;RS485_SwitchRx
</UL>

<P><STRONG><a name="[49]"></a>ExecuteCommand</STRONG> (Thumb, 564 bytes, Stack size 32 bytes, useruart.o(i.ExecuteCommand))
<BR><BR>[Stack]<UL><LI>Max Depth = 64<LI>Call Chain = ExecuteCommand &rArr; SendInPut &rArr; Uart_Send
</UL>
<BR>[Calls]<UL><LI><a href="#[4c]">&gt;&gt;</a>&nbsp;&nbsp;&nbsp;SendInPut
<LI><a href="#[4d]">&gt;&gt;</a>&nbsp;&nbsp;&nbsp;RS485_SwitchRx
<LI><a href="#[4b]">&gt;&gt;</a>&nbsp;&nbsp;&nbsp;strncmp
<LI><a href="#[4a]">&gt;&gt;</a>&nbsp;&nbsp;&nbsp;strcpy
</UL>
<BR>[Called By]<UL><LI><a href="#[37]">&gt;&gt;</a>&nbsp;&nbsp;&nbsp;main
</UL>

<P><STRONG><a name="[52]"></a>GPIO_SetMode</STRONG> (Thumb, 46 bytes, Stack size 16 bytes, gpio.o(i.GPIO_SetMode))
<BR><BR>[Stack]<UL><LI>Max Depth = 16<LI>Call Chain = GPIO_SetMode
</UL>
<BR>[Called By]<UL><LI><a href="#[53]">&gt;&gt;</a>&nbsp;&nbsp;&nbsp;Init_E84_OUT
<LI><a href="#[51]">&gt;&gt;</a>&nbsp;&nbsp;&nbsp;Init_E84_IN
</UL>

<P><STRONG><a name="[4e]"></a>GetCommandFromRS485</STRONG> (Thumb, 152 bytes, Stack size 20 bytes, useruart.o(i.GetCommandFromRS485))
<BR><BR>[Stack]<UL><LI>Max Depth = 32<LI>Call Chain = GetCommandFromRS485 &rArr; GetDataByteFromBuffer &rArr; __ARM_common_switch8
</UL>
<BR>[Calls]<UL><LI><a href="#[4f]">&gt;&gt;</a>&nbsp;&nbsp;&nbsp;GetDataByteFromBuffer
</UL>
<BR>[Called By]<UL><LI><a href="#[37]">&gt;&gt;</a>&nbsp;&nbsp;&nbsp;main
</UL>

<P><STRONG><a name="[4f]"></a>GetDataByteFromBuffer</STRONG> (Thumb, 230 bytes, Stack size 4 bytes, useruart.o(i.GetDataByteFromBuffer))
<BR><BR>[Stack]<UL><LI>Max Depth = 12<LI>Call Chain = GetDataByteFromBuffer &rArr; __ARM_common_switch8
</UL>
<BR>[Calls]<UL><LI><a href="#[50]">&gt;&gt;</a>&nbsp;&nbsp;&nbsp;__ARM_common_switch8
</UL>
<BR>[Called By]<UL><LI><a href="#[4e]">&gt;&gt;</a>&nbsp;&nbsp;&nbsp;GetCommandFromRS485
</UL>

<P><STRONG><a name="[5e]"></a>HexToAsciiH</STRONG> (Thumb, 26 bytes, Stack size 0 bytes, useruart.o(i.HexToAsciiH))
<BR><BR>[Called By]<UL><LI><a href="#[4c]">&gt;&gt;</a>&nbsp;&nbsp;&nbsp;SendInPut
</UL>

<P><STRONG><a name="[5f]"></a>HexToAsciiL</STRONG> (Thumb, 32 bytes, Stack size 0 bytes, useruart.o(i.HexToAsciiL))
<BR><BR>[Called By]<UL><LI><a href="#[4c]">&gt;&gt;</a>&nbsp;&nbsp;&nbsp;SendInPut
</UL>

<P><STRONG><a name="[51]"></a>Init_E84_IN</STRONG> (Thumb, 54 bytes, Stack size 8 bytes, usere84.o(i.Init_E84_IN))
<BR><BR>[Stack]<UL><LI>Max Depth = 24<LI>Call Chain = Init_E84_IN &rArr; GPIO_SetMode
</UL>
<BR>[Calls]<UL><LI><a href="#[52]">&gt;&gt;</a>&nbsp;&nbsp;&nbsp;GPIO_SetMode
</UL>
<BR>[Called By]<UL><LI><a href="#[37]">&gt;&gt;</a>&nbsp;&nbsp;&nbsp;main
</UL>

<P><STRONG><a name="[53]"></a>Init_E84_OUT</STRONG> (Thumb, 82 bytes, Stack size 8 bytes, usere84.o(i.Init_E84_OUT))
<BR><BR>[Stack]<UL><LI>Max Depth = 24<LI>Call Chain = Init_E84_OUT &rArr; GPIO_SetMode
</UL>
<BR>[Calls]<UL><LI><a href="#[52]">&gt;&gt;</a>&nbsp;&nbsp;&nbsp;GPIO_SetMode
</UL>
<BR>[Called By]<UL><LI><a href="#[37]">&gt;&gt;</a>&nbsp;&nbsp;&nbsp;main
</UL>

<P><STRONG><a name="[20]"></a>PWM0_IRQHandler</STRONG> (Thumb, 58 bytes, Stack size 8 bytes, userpwm0.o(i.PWM0_IRQHandler))
<BR><BR>[Stack]<UL><LI>Max Depth = 20<LI>Call Chain = PWM0_IRQHandler &rArr; PWM_Stop
</UL>
<BR>[Calls]<UL><LI><a href="#[56]">&gt;&gt;</a>&nbsp;&nbsp;&nbsp;PWM_Stop
<LI><a href="#[54]">&gt;&gt;</a>&nbsp;&nbsp;&nbsp;PWM_GetPeriodIntFlag
<LI><a href="#[57]">&gt;&gt;</a>&nbsp;&nbsp;&nbsp;PWM_DisablePeriodInt
<LI><a href="#[55]">&gt;&gt;</a>&nbsp;&nbsp;&nbsp;PWM_ClearPeriodIntFlag
</UL>
<BR>[Address Reference Count : 1]<UL><LI> startup_m0518.o(RESET)
</UL>
<P><STRONG><a name="[21]"></a>PWM1_IRQHandler</STRONG> (Thumb, 706 bytes, Stack size 8 bytes, userpwm1.o(i.PWM1_IRQHandler))
<BR><BR>[Stack]<UL><LI>Max Depth = 16<LI>Call Chain = PWM1_IRQHandler &rArr; __ARM_common_switch8
</UL>
<BR>[Calls]<UL><LI><a href="#[50]">&gt;&gt;</a>&nbsp;&nbsp;&nbsp;__ARM_common_switch8
<LI><a href="#[5a]">&gt;&gt;</a>&nbsp;&nbsp;&nbsp;UserPWM1_CHK
<LI><a href="#[5b]">&gt;&gt;</a>&nbsp;&nbsp;&nbsp;PWM1_PulseCntReset
<LI><a href="#[58]">&gt;&gt;</a>&nbsp;&nbsp;&nbsp;PWM_GetCaptureIntFlag
<LI><a href="#[59]">&gt;&gt;</a>&nbsp;&nbsp;&nbsp;PWM_ClearCaptureIntFlag
</UL>
<BR>[Address Reference Count : 1]<UL><LI> startup_m0518.o(RESET)
</UL>
<P><STRONG><a name="[5b]"></a>PWM1_PulseCntReset</STRONG> (Thumb, 20 bytes, Stack size 0 bytes, userpwm1.o(i.PWM1_PulseCntReset))
<BR><BR>[Called By]<UL><LI><a href="#[21]">&gt;&gt;</a>&nbsp;&nbsp;&nbsp;PWM1_IRQHandler
</UL>

<P><STRONG><a name="[59]"></a>PWM_ClearCaptureIntFlag</STRONG> (Thumb, 14 bytes, Stack size 8 bytes, pwm.o(i.PWM_ClearCaptureIntFlag))
<BR><BR>[Stack]<UL><LI>Max Depth = 8<LI>Call Chain = PWM_ClearCaptureIntFlag
</UL>
<BR>[Called By]<UL><LI><a href="#[21]">&gt;&gt;</a>&nbsp;&nbsp;&nbsp;PWM1_IRQHandler
</UL>

<P><STRONG><a name="[55]"></a>PWM_ClearPeriodIntFlag</STRONG> (Thumb, 16 bytes, Stack size 0 bytes, pwm.o(i.PWM_ClearPeriodIntFlag))
<BR><BR>[Called By]<UL><LI><a href="#[20]">&gt;&gt;</a>&nbsp;&nbsp;&nbsp;PWM0_IRQHandler
</UL>

<P><STRONG><a name="[57]"></a>PWM_DisablePeriodInt</STRONG> (Thumb, 24 bytes, Stack size 8 bytes, pwm.o(i.PWM_DisablePeriodInt))
<BR><BR>[Stack]<UL><LI>Max Depth = 8<LI>Call Chain = PWM_DisablePeriodInt
</UL>
<BR>[Called By]<UL><LI><a href="#[20]">&gt;&gt;</a>&nbsp;&nbsp;&nbsp;PWM0_IRQHandler
</UL>

<P><STRONG><a name="[58]"></a>PWM_GetCaptureIntFlag</STRONG> (Thumb, 56 bytes, Stack size 8 bytes, pwm.o(i.PWM_GetCaptureIntFlag))
<BR><BR>[Stack]<UL><LI>Max Depth = 8<LI>Call Chain = PWM_GetCaptureIntFlag
</UL>
<BR>[Called By]<UL><LI><a href="#[21]">&gt;&gt;</a>&nbsp;&nbsp;&nbsp;PWM1_IRQHandler
</UL>

<P><STRONG><a name="[54]"></a>PWM_GetPeriodIntFlag</STRONG> (Thumb, 32 bytes, Stack size 8 bytes, pwm.o(i.PWM_GetPeriodIntFlag))
<BR><BR>[Stack]<UL><LI>Max Depth = 8<LI>Call Chain = PWM_GetPeriodIntFlag
</UL>
<BR>[Called By]<UL><LI><a href="#[20]">&gt;&gt;</a>&nbsp;&nbsp;&nbsp;PWM0_IRQHandler
</UL>

<P><STRONG><a name="[56]"></a>PWM_Stop</STRONG> (Thumb, 42 bytes, Stack size 12 bytes, pwm.o(i.PWM_Stop))
<BR><BR>[Stack]<UL><LI>Max Depth = 12<LI>Call Chain = PWM_Stop
</UL>
<BR>[Called By]<UL><LI><a href="#[20]">&gt;&gt;</a>&nbsp;&nbsp;&nbsp;PWM0_IRQHandler
</UL>

<P><STRONG><a name="[4d]"></a>RS485_SwitchRx</STRONG> (Thumb, 32 bytes, Stack size 8 bytes, useruart.o(i.RS485_SwitchRx))
<BR><BR>[Stack]<UL><LI>Max Depth = 8<LI>Call Chain = RS485_SwitchRx
</UL>
<BR>[Calls]<UL><LI><a href="#[5c]">&gt;&gt;</a>&nbsp;&nbsp;&nbsp;Delay_1ms
</UL>
<BR>[Called By]<UL><LI><a href="#[49]">&gt;&gt;</a>&nbsp;&nbsp;&nbsp;ExecuteCommand
<LI><a href="#[37]">&gt;&gt;</a>&nbsp;&nbsp;&nbsp;main
</UL>

<P><STRONG><a name="[65]"></a>SYS_ResetModule</STRONG> (Thumb, 48 bytes, Stack size 0 bytes, sys.o(i.SYS_ResetModule))
<BR><BR>[Called By]<UL><LI><a href="#[67]">&gt;&gt;</a>&nbsp;&nbsp;&nbsp;UserSystemClk
<LI><a href="#[62]">&gt;&gt;</a>&nbsp;&nbsp;&nbsp;UART_Init
</UL>

<P><STRONG><a name="[4c]"></a>SendInPut</STRONG> (Thumb, 310 bytes, Stack size 24 bytes, useruart.o(i.SendInPut))
<BR><BR>[Stack]<UL><LI>Max Depth = 32<LI>Call Chain = SendInPut &rArr; Uart_Send
</UL>
<BR>[Calls]<UL><LI><a href="#[5d]">&gt;&gt;</a>&nbsp;&nbsp;&nbsp;Uart_Send
<LI><a href="#[5f]">&gt;&gt;</a>&nbsp;&nbsp;&nbsp;HexToAsciiL
<LI><a href="#[5e]">&gt;&gt;</a>&nbsp;&nbsp;&nbsp;HexToAsciiH
</UL>
<BR>[Called By]<UL><LI><a href="#[49]">&gt;&gt;</a>&nbsp;&nbsp;&nbsp;ExecuteCommand
<LI><a href="#[37]">&gt;&gt;</a>&nbsp;&nbsp;&nbsp;main
</UL>

<P><STRONG><a name="[48]"></a>SystemCoreClockUpdate</STRONG> (Thumb, 76 bytes, Stack size 16 bytes, system_m0518.o(i.SystemCoreClockUpdate))
<BR><BR>[Stack]<UL><LI>Max Depth = 48<LI>Call Chain = SystemCoreClockUpdate &rArr; CLK_GetPLLClockFreq
</UL>
<BR>[Calls]<UL><LI><a href="#[44]">&gt;&gt;</a>&nbsp;&nbsp;&nbsp;CLK_GetPLLClockFreq
<LI><a href="#[42]">&gt;&gt;</a>&nbsp;&nbsp;&nbsp;__aeabi_uidivmod
</UL>
<BR>[Called By]<UL><LI><a href="#[47]">&gt;&gt;</a>&nbsp;&nbsp;&nbsp;CLK_SetHCLK
<LI><a href="#[67]">&gt;&gt;</a>&nbsp;&nbsp;&nbsp;UserSystemClk
</UL>

<P><STRONG><a name="[29]"></a>SystemInit</STRONG> (Thumb, 2 bytes, Stack size 0 bytes, system_m0518.o(i.SystemInit))
<BR>[Address Reference Count : 1]<UL><LI> startup_m0518.o(.text)
</UL>
<P><STRONG><a name="[13]"></a>TMR1_IRQHandler</STRONG> (Thumb, 116 bytes, Stack size 0 bytes, usertimer1.o(i.TMR1_IRQHandler))
<BR>[Address Reference Count : 1]<UL><LI> startup_m0518.o(RESET)
</UL>
<P><STRONG><a name="[14]"></a>TMR2_IRQHandler</STRONG> (Thumb, 26 bytes, Stack size 0 bytes, usertimer2.o(i.TMR2_IRQHandler))
<BR>[Address Reference Count : 1]<UL><LI> startup_m0518.o(RESET)
</UL>
<P><STRONG><a name="[6a]"></a>Timer1_Init</STRONG> (Thumb, 136 bytes, Stack size 0 bytes, usertimer1.o(i.Timer1_Init))
<BR><BR>[Called By]<UL><LI><a href="#[37]">&gt;&gt;</a>&nbsp;&nbsp;&nbsp;main
</UL>

<P><STRONG><a name="[6b]"></a>Timer2_Init</STRONG> (Thumb, 146 bytes, Stack size 0 bytes, usertimer2.o(i.Timer2_Init))
<BR><BR>[Called By]<UL><LI><a href="#[37]">&gt;&gt;</a>&nbsp;&nbsp;&nbsp;main
</UL>

<P><STRONG><a name="[17]"></a>UART1_IRQHandler</STRONG> (Thumb, 78 bytes, Stack size 0 bytes, useruart.o(i.UART1_IRQHandler))
<BR>[Address Reference Count : 1]<UL><LI> startup_m0518.o(RESET)
</UL>
<P><STRONG><a name="[60]"></a>UART_EnableInt</STRONG> (Thumb, 90 bytes, Stack size 16 bytes, uart.o(i.UART_EnableInt))
<BR><BR>[Stack]<UL><LI>Max Depth = 16<LI>Call Chain = UART_EnableInt
</UL>
<BR>[Calls]<UL><LI><a href="#[61]">&gt;&gt;</a>&nbsp;&nbsp;&nbsp;NVIC_EnableIRQ
</UL>
<BR>[Called By]<UL><LI><a href="#[62]">&gt;&gt;</a>&nbsp;&nbsp;&nbsp;UART_Init
</UL>

<P><STRONG><a name="[62]"></a>UART_Init</STRONG> (Thumb, 106 bytes, Stack size 8 bytes, useruart.o(i.UART_Init))
<BR><BR>[Stack]<UL><LI>Max Depth = 88<LI>Call Chain = UART_Init &rArr; UART_Open &rArr; CLK_GetPLLClockFreq
</UL>
<BR>[Calls]<UL><LI><a href="#[64]">&gt;&gt;</a>&nbsp;&nbsp;&nbsp;CLK_SetModuleClock
<LI><a href="#[63]">&gt;&gt;</a>&nbsp;&nbsp;&nbsp;CLK_EnableModuleClock
<LI><a href="#[66]">&gt;&gt;</a>&nbsp;&nbsp;&nbsp;UART_Open
<LI><a href="#[60]">&gt;&gt;</a>&nbsp;&nbsp;&nbsp;UART_EnableInt
<LI><a href="#[65]">&gt;&gt;</a>&nbsp;&nbsp;&nbsp;SYS_ResetModule
</UL>
<BR>[Called By]<UL><LI><a href="#[37]">&gt;&gt;</a>&nbsp;&nbsp;&nbsp;main
</UL>

<P><STRONG><a name="[66]"></a>UART_Open</STRONG> (Thumb, 166 bytes, Stack size 48 bytes, uart.o(i.UART_Open))
<BR><BR>[Stack]<UL><LI>Max Depth = 80<LI>Call Chain = UART_Open &rArr; CLK_GetPLLClockFreq
</UL>
<BR>[Calls]<UL><LI><a href="#[42]">&gt;&gt;</a>&nbsp;&nbsp;&nbsp;__aeabi_uidivmod
<LI><a href="#[45]">&gt;&gt;</a>&nbsp;&nbsp;&nbsp;CLK_GetPLLClockFreq
</UL>
<BR>[Called By]<UL><LI><a href="#[62]">&gt;&gt;</a>&nbsp;&nbsp;&nbsp;UART_Init
</UL>

<P><STRONG><a name="[5d]"></a>Uart_Send</STRONG> (Thumb, 46 bytes, Stack size 8 bytes, useruart.o(i.Uart_Send))
<BR><BR>[Stack]<UL><LI>Max Depth = 8<LI>Call Chain = Uart_Send
</UL>
<BR>[Called By]<UL><LI><a href="#[4c]">&gt;&gt;</a>&nbsp;&nbsp;&nbsp;SendInPut
</UL>

<P><STRONG><a name="[5a]"></a>UserPWM1_CHK</STRONG> (Thumb, 278 bytes, Stack size 8 bytes, userpwm1.o(i.UserPWM1_CHK))
<BR><BR>[Stack]<UL><LI>Max Depth = 8<LI>Call Chain = UserPWM1_CHK
</UL>
<BR>[Called By]<UL><LI><a href="#[21]">&gt;&gt;</a>&nbsp;&nbsp;&nbsp;PWM1_IRQHandler
</UL>

<P><STRONG><a name="[67]"></a>UserSystemClk</STRONG> (Thumb, 54 bytes, Stack size 8 bytes, usersystem.o(i.UserSystemClk))
<BR><BR>[Stack]<UL><LI>Max Depth = 120<LI>Call Chain = UserSystemClk &rArr; CLK_SetCoreClock &rArr; CLK_EnablePLL &rArr; CLK_GetPLLClockFreq
</UL>
<BR>[Calls]<UL><LI><a href="#[41]">&gt;&gt;</a>&nbsp;&nbsp;&nbsp;CLK_WaitClockReady
<LI><a href="#[69]">&gt;&gt;</a>&nbsp;&nbsp;&nbsp;CLK_SetSysTickClockSrc
<LI><a href="#[64]">&gt;&gt;</a>&nbsp;&nbsp;&nbsp;CLK_SetModuleClock
<LI><a href="#[46]">&gt;&gt;</a>&nbsp;&nbsp;&nbsp;CLK_SetCoreClock
<LI><a href="#[68]">&gt;&gt;</a>&nbsp;&nbsp;&nbsp;CLK_EnableXtalRC
<LI><a href="#[63]">&gt;&gt;</a>&nbsp;&nbsp;&nbsp;CLK_EnableModuleClock
<LI><a href="#[48]">&gt;&gt;</a>&nbsp;&nbsp;&nbsp;SystemCoreClockUpdate
<LI><a href="#[65]">&gt;&gt;</a>&nbsp;&nbsp;&nbsp;SYS_ResetModule
</UL>
<BR>[Called By]<UL><LI><a href="#[37]">&gt;&gt;</a>&nbsp;&nbsp;&nbsp;main
</UL>

<P><STRONG><a name="[50]"></a>__ARM_common_switch8</STRONG> (Thumb, 28 bytes, Stack size 8 bytes, userpwm1.o(i.__ARM_common_switch8))
<BR><BR>[Stack]<UL><LI>Max Depth = 8<LI>Call Chain = __ARM_common_switch8
</UL>
<BR>[Called By]<UL><LI><a href="#[4f]">&gt;&gt;</a>&nbsp;&nbsp;&nbsp;GetDataByteFromBuffer
<LI><a href="#[21]">&gt;&gt;</a>&nbsp;&nbsp;&nbsp;PWM1_IRQHandler
</UL>

<P><STRONG><a name="[37]"></a>main</STRONG> (Thumb, 194 bytes, Stack size 0 bytes, main.o(i.main))
<BR><BR>[Stack]<UL><LI>Max Depth = 120<LI>Call Chain = main &rArr; UserSystemClk &rArr; CLK_SetCoreClock &rArr; CLK_EnablePLL &rArr; CLK_GetPLLClockFreq
</UL>
<BR>[Calls]<UL><LI><a href="#[67]">&gt;&gt;</a>&nbsp;&nbsp;&nbsp;UserSystemClk
<LI><a href="#[62]">&gt;&gt;</a>&nbsp;&nbsp;&nbsp;UART_Init
<LI><a href="#[6b]">&gt;&gt;</a>&nbsp;&nbsp;&nbsp;Timer2_Init
<LI><a href="#[6a]">&gt;&gt;</a>&nbsp;&nbsp;&nbsp;Timer1_Init
<LI><a href="#[4c]">&gt;&gt;</a>&nbsp;&nbsp;&nbsp;SendInPut
<LI><a href="#[4d]">&gt;&gt;</a>&nbsp;&nbsp;&nbsp;RS485_SwitchRx
<LI><a href="#[53]">&gt;&gt;</a>&nbsp;&nbsp;&nbsp;Init_E84_OUT
<LI><a href="#[51]">&gt;&gt;</a>&nbsp;&nbsp;&nbsp;Init_E84_IN
<LI><a href="#[4e]">&gt;&gt;</a>&nbsp;&nbsp;&nbsp;GetCommandFromRS485
<LI><a href="#[49]">&gt;&gt;</a>&nbsp;&nbsp;&nbsp;ExecuteCommand
<LI><a href="#[6c]">&gt;&gt;</a>&nbsp;&nbsp;&nbsp;CommandDecode
</UL>
<BR>[Called By]<UL><LI><a href="#[36]">&gt;&gt;</a>&nbsp;&nbsp;&nbsp;__rt_entry_main
</UL>
<P>
<H3>
Local Symbols
</H3>
<P><STRONG><a name="[44]"></a>CLK_GetPLLClockFreq</STRONG> (Thumb, 112 bytes, Stack size 32 bytes, system_m0518.o(i.CLK_GetPLLClockFreq))
<BR><BR>[Stack]<UL><LI>Max Depth = 32<LI>Call Chain = CLK_GetPLLClockFreq
</UL>
<BR>[Calls]<UL><LI><a href="#[42]">&gt;&gt;</a>&nbsp;&nbsp;&nbsp;__aeabi_uidivmod
</UL>
<BR>[Called By]<UL><LI><a href="#[48]">&gt;&gt;</a>&nbsp;&nbsp;&nbsp;SystemCoreClockUpdate
</UL>

<P><STRONG><a name="[11]"></a>Default_Handler</STRONG> (Thumb, 2 bytes, Stack size 0 bytes, startup_m0518.o(.text))
<BR><BR>[Calls]<UL><LI><a href="#[11]">&gt;&gt;</a>&nbsp;&nbsp;&nbsp;Default_Handler
</UL>
<BR>[Called By]<UL><LI><a href="#[11]">&gt;&gt;</a>&nbsp;&nbsp;&nbsp;Default_Handler
</UL>
<BR>[Address Reference Count : 1]<UL><LI> startup_m0518.o(RESET)
</UL>
<P><STRONG><a name="[43]"></a>CLK_GetPLLClockFreq</STRONG> (Thumb, 112 bytes, Stack size 32 bytes, clk.o(i.CLK_GetPLLClockFreq))
<BR><BR>[Stack]<UL><LI>Max Depth = 32<LI>Call Chain = CLK_GetPLLClockFreq
</UL>
<BR>[Calls]<UL><LI><a href="#[42]">&gt;&gt;</a>&nbsp;&nbsp;&nbsp;__aeabi_uidivmod
</UL>
<BR>[Called By]<UL><LI><a href="#[40]">&gt;&gt;</a>&nbsp;&nbsp;&nbsp;CLK_EnablePLL
</UL>

<P><STRONG><a name="[45]"></a>CLK_GetPLLClockFreq</STRONG> (Thumb, 112 bytes, Stack size 32 bytes, uart.o(i.CLK_GetPLLClockFreq))
<BR><BR>[Stack]<UL><LI>Max Depth = 32<LI>Call Chain = CLK_GetPLLClockFreq
</UL>
<BR>[Calls]<UL><LI><a href="#[42]">&gt;&gt;</a>&nbsp;&nbsp;&nbsp;__aeabi_uidivmod
</UL>
<BR>[Called By]<UL><LI><a href="#[66]">&gt;&gt;</a>&nbsp;&nbsp;&nbsp;UART_Open
</UL>

<P><STRONG><a name="[61]"></a>NVIC_EnableIRQ</STRONG> (Thumb, 14 bytes, Stack size 0 bytes, uart.o(i.NVIC_EnableIRQ))
<BR><BR>[Called By]<UL><LI><a href="#[60]">&gt;&gt;</a>&nbsp;&nbsp;&nbsp;UART_EnableInt
</UL>
<P>
<H3>
Undefined Global Symbols
</H3>
<P><STRONG><a name="[3e]"></a>_call_atexit_fns</STRONG> (ARM, 0 bytes, Stack size 0 bytes, UNDEFINED)
<BR><BR>[Called By]<UL><LI><a href="#[38]">&gt;&gt;</a>&nbsp;&nbsp;&nbsp;exit
</UL>
<HR></body></html>
