<html>
<body>
<pre>
<h1>µVision Build Log</h1>
<h2>Tool Versions:</h2>
IDE-Version: £gVision V5.38.0.0
Copyright (C) 2022 ARM Ltd and ARM Germany GmbH. All rights reserved.
License Information: abc abc, abc, LIC=5QQ8P-M3M6Z-1DCEK-CB2C4-SR479-UQXGC
 
Tool Versions:
Toolchain:       MDK-ARM Cortex-M0/M23 for Nuvoton  Version: 5.38.0.0
Toolchain Path:  C:\Keil_v538A\ARM\ARM_Compiler_5.06u7\Bin
C Compiler:      Armcc.exe V5.06 update 7 (build 960)
Assembler:       Armasm.exe V5.06 update 7 (build 960)
Linker/Locator:  ArmLink.exe V5.06 update 7 (build 960)
Library Manager: ArmAr.exe V5.06 update 7 (build 960)
Hex Converter:   FromElf.exe V5.06 update 7 (build 960)
CPU DLL:         SARMCM3.DLL V5.38.0.0
Dialog DLL:      DARMCM1.DLL V1.19.6.0
Target DLL:      Nu_Link.dll V3.13
Dialog DLL:      TARMCM1.DLL V1.14.6.0
 
<h2>Project:</h2>
D:\Z_Brillian\Z68_FW\E84_RJ11\E84_RJ11_Rev_1001\E84_Head_Active\BR_E84_Active.uvprojx
Project File Date:  04/11/2024

<h2>Output:</h2>
*** Using Compiler 'V5.06 update 7 (build 960)', folder: 'C:\Keil_v538A\ARM\ARM_Compiler_5.06u7\Bin'
Rebuild target 'Target 1'
assembling startup_M0518.s...
compiling core_cm0.c...
compiling main.c...
source\logrecord.h(43): warning:  #1-D: last line of file ends without a newline
  #endif
source\main.c(28): warning:  #177-D: variable "RS485_check"  was declared but never referenced
    uint8_t RS485_check;  	
source\main.c: 2 warnings, 0 errors
compiling retarget.c...
compiling system_M0518.c...
compiling gpio.c...
compiling clk.c...
compiling fmc.c...
compiling logrecord.c...
source\logrecord.h(43): warning:  #1-D: last line of file ends without a newline
  #endif
source\logrecord.c(33): warning:  #177-D: variable "j"  was declared but never referenced
  	uint8_t i,j;
source\logrecord.c(75): warning:  #177-D: variable "address"  was declared but never referenced
  	uint16_t address;
source\logrecord.c(76): warning:  #177-D: variable "L_bit"  was declared but never referenced
  	uint8_t i,L_bit,M_bit,H_bit;
source\logrecord.c(76): warning:  #177-D: variable "M_bit"  was declared but never referenced
  	uint8_t i,L_bit,M_bit,H_bit;
source\logrecord.c(76): warning:  #177-D: variable "H_bit"  was declared but never referenced
  	uint8_t i,L_bit,M_bit,H_bit;
source\logrecord.c(77): warning:  #177-D: variable "head_data_r"  was declared but never referenced
  	uint8_t head_data_r[16];
source\logrecord.c(339): warning:  #1-D: last line of file ends without a newline
  }
source\logrecord.c(328): warning:  #177-D: variable "address"  was declared but never referenced
  	uint16_t address;
source\logrecord.c(329): warning:  #177-D: variable "L_bit"  was declared but never referenced
  	uint8_t i,L_bit,M_bit,H_bit;
source\logrecord.c(329): warning:  #177-D: variable "M_bit"  was declared but never referenced
  	uint8_t i,L_bit,M_bit,H_bit;
source\logrecord.c(329): warning:  #177-D: variable "H_bit"  was declared but never referenced
  	uint8_t i,L_bit,M_bit,H_bit;
source\logrecord.c: 12 warnings, 0 errors
compiling pwm.c...
compiling sys.c...
compiling timer.c...
compiling spi.c...
compiling uart.c...
compiling UserE84.c...
compiling UserFMC.c...
BRDriver\UserFMC.c(82): warning:  #550-D: variable "u32Data"  was set but never used
      uint32_t u32Data;
BRDriver\UserFMC.c: 1 warning, 0 errors
compiling UserPWM0.c...
compiling UserPWM1.c...
compiling UserSystem.c...
compiling UserTimer1.c...
compiling UserSpi.c...
BRDriver\UserSpi.c(96): warning:  #177-D: variable "index"  was declared but never referenced
  	uint8_t  index, datalength;
BRDriver\UserSpi.c(96): warning:  #177-D: variable "datalength"  was declared but never referenced
  	uint8_t  index, datalength;
BRDriver\UserSpi.c(97): warning:  #177-D: variable "checksum"  was declared but never referenced
    uint16_t checksum, checksumtarget;
BRDriver\UserSpi.c(97): warning:  #177-D: variable "checksumtarget"  was declared but never referenced
    uint16_t checksum, checksumtarget;
BRDriver\UserSpi.c(98): warning:  #177-D: variable "receivecount"  was declared but never referenced
    uint16_t receivecount;
BRDriver\UserSpi.c(136): warning:  #177-D: variable "datalength"  was declared but never referenced
  		uint8_t  i, datalength;
BRDriver\UserSpi.c(138): warning:  #177-D: variable "checksum"  was declared but never referenced
  		uint16_t checksum, checksumtarget;
BRDriver\UserSpi.c(138): warning:  #177-D: variable "checksumtarget"  was declared but never referenced
  		uint16_t checksum, checksumtarget;
BRDriver\UserSpi.c(139): warning:  #177-D: variable "receivecount"  was declared but never referenced
  		uint16_t receivecount;
BRDriver\UserSpi.c(180): warning:  #177-D: variable "Local_8"  was declared but never referenced
  	uint32_t Local_8=0;
BRDriver\UserSpi.c(210): warning:  #177-D: variable "i"  was declared but never referenced
  	uint8_t i =0;
BRDriver\UserSpi.c: 11 warnings, 0 errors
compiling UserUart.c...
.\source\logrecord.h(43): warning:  #1-D: last line of file ends without a newline
  #endif
BRDriver\UserUart.c(448): warning:  #550-D: variable "tempSetData"  was set but never used
  	uint32_t tempSetData;
BRDriver\UserUart.c(449): warning:  #177-D: variable "Result"  was declared but never referenced
  	uint8_t Result=1;//0:Finish		1:Undefined
BRDriver\UserUart.c(643): warning:  #177-D: variable "IOHex"  was declared but never referenced
  	char IOHex;
BRDriver\UserUart.c(726): warning:  #177-D: variable "IOHex"  was declared but never referenced
    char IOHex;
BRDriver\UserUart.c(727): warning:  #550-D: variable "tempstatus"  was set but never used
    uint32_t tempstatus;
BRDriver\UserUart.c(809): warning:  #177-D: variable "IOHex"  was declared but never referenced
    char IOHex;
BRDriver\UserUart.c: 7 warnings, 0 errors
compiling UserWDT.c...
compiling UserE84_C.c...
compiling UserTimer2.c...
linking...
Program Size: Code=10888 RO-data=320 RW-data=204 ZI-data=2556  
FromELF: creating hex file...
After Build - User command #1: fromelf --bin ".\Objects\E84_Head_A_0411_2024.axf" --output ".\Objects\E84_Head_A_0411_2024.bin"
".\Objects\E84_Head_A_0411_2024.axf" - 0 Error(s), 33 Warning(s).

<h2>Software Packages used:</h2>

Package Vendor: ARM
                http://www.keil.com/pack/ARM.CMSIS.5.9.0.pack
                ARM.CMSIS.5.9.0
                CMSIS (Common Microcontroller Software Interface Standard)
   * Component: CORE Version: 5.6.0

Package Vendor: Nuvoton
                https://github.com/OpenNuvoton/cmsis-packs/raw/master/Nuvoton_DFP/Nuvoton.NuMicro_DFP.1.3.21.pack
                Nuvoton.NuMicro_DFP.1.3.21
                Nuvoton ARM Cortex-M NuMicro Family Device Support

<h2>Collection of Component include folders:</h2>
  ./RTE/_Target_1
  C:/Users/cywang/AppData/Local/Arm/Packs_538A/ARM/CMSIS/5.9.0/CMSIS/Core/Include
  C:/Users/cywang/AppData/Local/Arm/Packs_538A/Nuvoton/NuMicro_DFP/1.3.21/Device/M0518/Include

<h2>Collection of Component Files used:</h2>

   * Component: ARM::CMSIS:CORE:5.6.0
Build Time Elapsed:  00:00:08
</pre>
</body>
</html>
