<html>
<body>
<pre>
<h1>µVision Build Log</h1>
<h2>Tool Versions:</h2>
IDE-Version: ¦ÌVision V5.24.2.0
Copyright (C) 2017 ARM Ltd and ARM Germany GmbH. All rights reserved.
License Information: a Microsoft, Microsoft, LIC=QF801-C92RL-444SX-HGHD8-NI0FL-H15CL
 
Tool Versions:
Toolchain:       MDK-ARM Plus  Version: 5.24.1
Toolchain Path:  C:\Keil_v5\ARM\ARMCC\Bin
C Compiler:      Armcc.exe V5.06 update 5 (build 528)
Assembler:       Armasm.exe V5.06 update 5 (build 528)
Linker/Locator:  ArmLink.exe V5.06 update 5 (build 528)
Library Manager: ArmAr.exe V5.06 update 5 (build 528)
Hex Converter:   FromElf.exe V5.06 update 5 (build 528)
CPU DLL:         SARMCM3.DLL V5.24.1
Dialog DLL:      DARMCM1.DLL V1.18.0.0
Target DLL:      NULink\Nu_Link.dll V2.02
Dialog DLL:      TARMCM1.DLL V1.13.0.0
 
<h2>Project:</h2>
E:\UTS\UTS_V3\KEIL_20171211\UTS.uvproj
Project File Date:  11/10/2017

<h2>Output:</h2>
*** Using Compiler 'V5.06 update 5 (build 528)', folder: 'C:\Keil_v5\ARM\ARMCC\Bin'
Rebuild target 'Target 1'
assembling startup_M0518.s...
compiling core_cm0.c...
compiling system_M0518.c...
compiling main.c...
compiling init.c...
compiling timer0.c...
compiling uart1.c...
compiling sht.c...
source\sht.c(133): warning:  #550-D: variable "checksum"  was set but never used
  	unsigned char checksum,p_value_h,p_value_l;
source\sht.c: 1 warning, 0 errors
compiling fun.c...
compiling read.c...
compiling uart3.c...
compiling adc.c...
linking...
Program Size: Code=12212 RO-data=224 RW-data=28 ZI-data=1772  
FromELF: creating hex file...
".\Objects\UTS.axf" - 0 Error(s), 1 Warning(s).
Build Time Elapsed:  00:00:05
</pre>
</body>
</html>
