Component: ARM Compiler 5.06 update 6 (build 750) Tool: armlink [4d35ed]

==============================================================================

Section Cross References

    system_m0518.o(i.CLK_GetPLLClockFreq) refers to aeabi_sdiv.o(.text) for __aeabi_uidivmod
    system_m0518.o(i.SystemCoreClockUpdate) refers to system_m0518.o(i.CLK_GetPLLClockFreq) for CLK_GetPLLClockFreq
    system_m0518.o(i.SystemCoreClockUpdate) refers to aeabi_sdiv.o(.text) for __aeabi_uidivmod
    system_m0518.o(i.SystemCoreClockUpdate) refers to system_m0518.o(.data) for PllClock
    startup_m0518.o(STACK) refers (Special) to heapauxi.o(.text) for __use_two_region_memory
    startup_m0518.o(HEAP) refers (Special) to heapauxi.o(.text) for __use_two_region_memory
    startup_m0518.o(RESET) refers (Special) to heapauxi.o(.text) for __use_two_region_memory
    startup_m0518.o(RESET) refers to startup_m0518.o(STACK) for __initial_sp
    startup_m0518.o(RESET) refers to startup_m0518.o(.text) for Reset_Handler
    startup_m0518.o(RESET) refers to usertimer1.o(i.TMR1_IRQHandler) for TMR1_IRQHandler
    startup_m0518.o(RESET) refers to usertimer2.o(i.TMR2_IRQHandler) for TMR2_IRQHandler
    startup_m0518.o(RESET) refers to useruart.o(i.UART1_IRQHandler) for UART1_IRQHandler
    startup_m0518.o(RESET) refers to userpwm0.o(i.PWM0_IRQHandler) for PWM0_IRQHandler
    startup_m0518.o(RESET) refers to userpwm1.o(i.PWM1_IRQHandler) for PWM1_IRQHandler
    startup_m0518.o(.text) refers (Special) to heapauxi.o(.text) for __use_two_region_memory
    startup_m0518.o(.text) refers to system_m0518.o(i.SystemInit) for SystemInit
    startup_m0518.o(.text) refers to __main.o(!!!main) for __main
    startup_m0518.o(.text) refers to startup_m0518.o(HEAP) for Heap_Mem
    startup_m0518.o(.text) refers to startup_m0518.o(STACK) for Stack_Mem
    retarget.o(i.SendChar) refers to retarget.o(i.SendChar_ToUART) for SendChar_ToUART
    retarget.o(i._ttywrch) refers to retarget.o(i.SendChar) for SendChar
    retarget.o(i.fgetc) refers to retarget.o(i.GetChar) for GetChar
    retarget.o(i.fputc) refers to retarget.o(i.SendChar) for SendChar
    main.o(i.main) refers to usersystem.o(i.UserSystemClk) for UserSystemClk
    main.o(i.main) refers to usertimer1.o(i.Timer1_Init) for Timer1_Init
    main.o(i.main) refers to usertimer2.o(i.Timer2_Init) for Timer2_Init
    main.o(i.main) refers to useruart.o(i.UART_Init) for UART_Init
    main.o(i.main) refers to usere84.o(i.Init_E84_IN) for Init_E84_IN
    main.o(i.main) refers to usere84.o(i.Init_E84_OUT) for Init_E84_OUT
    main.o(i.main) refers to useruart.o(i.RS485_SwitchRx) for RS485_SwitchRx
    main.o(i.main) refers to useruart.o(i.GetCommandFromRS485) for GetCommandFromRS485
    main.o(i.main) refers to useruart.o(i.CommandDecode) for CommandDecode
    main.o(i.main) refers to useruart.o(i.ExecuteCommand) for ExecuteCommand
    main.o(i.main) refers to useruart.o(i.SendInPut) for SendInPut
    main.o(i.main) refers to usertimer1.o(.data) for t1ms_3
    main.o(i.main) refers to useruart.o(.data) for gToolNumber
    fmc.o(i.FMC_ReadConfig) refers to fmc.o(i.FMC_Read) for FMC_Read
    fmc.o(i.FMC_WriteConfig) refers to fmc.o(i.FMC_Read) for FMC_Read
    clk.o(i.CLK_DisableCKO) refers to clk.o(i.CLK_DisableModuleClock) for CLK_DisableModuleClock
    clk.o(i.CLK_DisableModuleClock) refers to clk.o(.constdata) for .constdata
    clk.o(i.CLK_EnableCKO) refers to clk.o(i.CLK_EnableModuleClock) for CLK_EnableModuleClock
    clk.o(i.CLK_EnableCKO) refers to clk.o(i.CLK_SetModuleClock) for CLK_SetModuleClock
    clk.o(i.CLK_EnableModuleClock) refers to clk.o(.constdata) for .constdata
    clk.o(i.CLK_EnablePLL) refers to clk.o(i.CLK_WaitClockReady) for CLK_WaitClockReady
    clk.o(i.CLK_EnablePLL) refers to aeabi_sdiv.o(.text) for __aeabi_uidivmod
    clk.o(i.CLK_EnablePLL) refers to clk.o(i.CLK_GetPLLClockFreq) for CLK_GetPLLClockFreq
    clk.o(i.CLK_GetCPUFreq) refers to system_m0518.o(i.SystemCoreClockUpdate) for SystemCoreClockUpdate
    clk.o(i.CLK_GetCPUFreq) refers to system_m0518.o(.data) for SystemCoreClock
    clk.o(i.CLK_GetHCLKFreq) refers to system_m0518.o(i.SystemCoreClockUpdate) for SystemCoreClockUpdate
    clk.o(i.CLK_GetHCLKFreq) refers to system_m0518.o(.data) for SystemCoreClock
    clk.o(i.CLK_GetPCLKFreq) refers to system_m0518.o(i.SystemCoreClockUpdate) for SystemCoreClockUpdate
    clk.o(i.CLK_GetPCLKFreq) refers to system_m0518.o(.data) for SystemCoreClock
    clk.o(i.CLK_GetPLLClockFreq) refers to aeabi_sdiv.o(.text) for __aeabi_uidivmod
    clk.o(i.CLK_SetCoreClock) refers to clk.o(i.CLK_WaitClockReady) for CLK_WaitClockReady
    clk.o(i.CLK_SetCoreClock) refers to clk.o(i.CLK_EnablePLL) for CLK_EnablePLL
    clk.o(i.CLK_SetCoreClock) refers to clk.o(i.CLK_SetHCLK) for CLK_SetHCLK
    clk.o(i.CLK_SetHCLK) refers to clk.o(i.CLK_WaitClockReady) for CLK_WaitClockReady
    clk.o(i.CLK_SetHCLK) refers to system_m0518.o(i.SystemCoreClockUpdate) for SystemCoreClockUpdate
[...]
    userpwm0.o(i.E84_IR_PWM_Trans) refers to pwm.o(i.PWM_DisableCaptureInt) for PWM_DisableCaptureInt
    userpwm0.o(i.E84_IR_PWM_Trans) refers to userpwm1.o(i.PWM1_PulseCntReset) for PWM1_PulseCntReset
    userpwm0.o(i.E84_IR_PWM_Trans) refers to usertimer2.o(i.Delay_10us) for Delay_10us
    userpwm0.o(i.E84_IR_PWM_Trans) refers to userpwm0.o(i.E84_PWM_Waveform) for E84_PWM_Waveform
    userpwm0.o(i.E84_IR_PWM_Trans) refers to pwm.o(i.PWM_EnableCaptureInt) for PWM_EnableCaptureInt
    userpwm0.o(i.E84_PWM_Waveform) refers to userpwm0.o(i.PWM_Waveform) for PWM_Waveform
    userpwm0.o(i.E84_PWM_Waveform) refers to usertimer2.o(i.Delay_10us) for Delay_10us
    userpwm0.o(i.PWM0_IRQHandler) refers to pwm.o(i.PWM_GetPeriodIntFlag) for PWM_GetPeriodIntFlag
    userpwm0.o(i.PWM0_IRQHandler) refers to pwm.o(i.PWM_ClearPeriodIntFlag) for PWM_ClearPeriodIntFlag
    userpwm0.o(i.PWM0_IRQHandler) refers to pwm.o(i.PWM_Stop) for PWM_Stop
    userpwm0.o(i.PWM0_IRQHandler) refers to pwm.o(i.PWM_DisablePeriodInt) for PWM_DisablePeriodInt
    userpwm0.o(i.PWM0_IRQHandler) refers to userpwm0.o(.data) for cnt
    userpwm0.o(i.PWM_Waveform) refers to pwm.o(i.PWM_ConfigOutputChannel) for PWM_ConfigOutputChannel
    userpwm0.o(i.PWM_Waveform) refers to pwm.o(i.PWM_EnablePeriodInt) for PWM_EnablePeriodInt
    userpwm0.o(i.PWM_Waveform) refers to pwm.o(i.PWM_Start) for PWM_Start
    userpwm0.o(i.PWM_Waveform) refers to userpwm0.o(.data) for cnt
    userpwm0.o(i.UserPWM_Init) refers to pwm.o(i.PWM_ConfigOutputChannel) for PWM_ConfigOutputChannel
    userpwm0.o(i.UserPWM_Init) refers to pwm.o(i.PWM_EnableOutput) for PWM_EnableOutput
    userpwm0.o(i.UserPWM_Init) refers to pwm.o(i.PWM_DisablePeriodInt) for PWM_DisablePeriodInt
    userpwm0.o(i.UserPWM_Init) refers to pwm.o(i.PWM_DisableDutyInt) for PWM_DisableDutyInt
    userpwm0.o(i.UserPWM_Init) refers to pwm.o(i.PWM_Start) for PWM_Start
    userpwm1.o(i.PWM1_IRQHandler) refers to pwm.o(i.PWM_GetCaptureIntFlag) for PWM_GetCaptureIntFlag
    userpwm1.o(i.PWM1_IRQHandler) refers to pwm.o(i.PWM_ClearCaptureIntFlag) for PWM_ClearCaptureIntFlag
    userpwm1.o(i.PWM1_IRQHandler) refers to userpwm1.o(i.__ARM_common_switch8) for __ARM_common_switch8
    userpwm1.o(i.PWM1_IRQHandler) refers to userpwm1.o(i.UserPWM1_CHK) for UserPWM1_CHK
    userpwm1.o(i.PWM1_IRQHandler) refers to userpwm1.o(i.PWM1_PulseCntReset) for PWM1_PulseCntReset
    userpwm1.o(i.PWM1_IRQHandler) refers to userpwm1.o(.data) for H_Period
    userpwm1.o(i.PWM1_PulseCntReset) refers to userpwm1.o(.data) for d0_cnt
    userpwm1.o(i.Period_Buffer) refers to userpwm1.o(.data) for PB_idx
    userpwm1.o(i.Period_Buffer) refers to userpwm1.o(.bss) for Period_Buffet
    userpwm1.o(i.UserPWM1_CHK) refers to userpwm1.o(.data) for E84_S
    userpwm1.o(i.UserPWM1_CHK) refers to useruart.o(.data) for gUart1_flg
    userpwm1.o(i.UserPWM1_Capture_Start) refers to pwm.o(i.PWM_ConfigCaptureChannel) for PWM_ConfigCaptureChannel
    userpwm1.o(i.UserPWM1_Capture_Start) refers to pwm.o(i.PWM_Start) for PWM_Start
    userpwm1.o(i.UserPWM1_Capture_Start) refers to pwm.o(i.PWM_EnableCapture) for PWM_EnableCapture
    userpwm1.o(i.UserPWM1_Capture_Start) refers to pwm.o(i.PWM_EnableCaptureInt) for PWM_EnableCaptureInt
    userpwm1.o(i.UserPWM1_Init) refers to clk.o(i.CLK_EnableModuleClock) for CLK_EnableModuleClock
    userpwm1.o(i.UserPWM1_Init) refers to clk.o(i.CLK_SetModuleClock) for CLK_SetModuleClock
    userpwm1.o(i.UserPWM1_Init) refers to sys.o(i.SYS_ResetModule) for SYS_ResetModule
    usersystem.o(i.UserSystemClk) refers to clk.o(i.CLK_EnableXtalRC) for CLK_EnableXtalRC
    usersystem.o(i.UserSystemClk) refers to clk.o(i.CLK_WaitClockReady) for CLK_WaitClockReady
    usersystem.o(i.UserSystemClk) refers to clk.o(i.CLK_SetCoreClock) for CLK_SetCoreClock
    usersystem.o(i.UserSystemClk) refers to clk.o(i.CLK_SetSysTickClockSrc) for CLK_SetSysTickClockSrc
    usersystem.o(i.UserSystemClk) refers to clk.o(i.CLK_EnableModuleClock) for CLK_EnableModuleClock
    usersystem.o(i.UserSystemClk) refers to clk.o(i.CLK_SetModuleClock) for CLK_SetModuleClock
    usersystem.o(i.UserSystemClk) refers to sys.o(i.SYS_ResetModule) for SYS_ResetModule
    usersystem.o(i.UserSystemClk) refers to system_m0518.o(i.SystemCoreClockUpdate) for SystemCoreClockUpdate
    usertimer1.o(i.Delay_1ms) refers to usertimer1.o(.data) for t1ms
    usertimer1.o(i.TMR1_IRQHandler) refers to usertimer1.o(.data) for t1ms
    usertimer2.o(i.Delay_10us) refers to usertimer2.o(.data) for t1us
    usertimer2.o(i.TMR2_IRQHandler) refers to usertimer2.o(.data) for t1us
    useruart.o(i.CommandDecode) refers to useruart.o(.data) for gCommandChecksum
    useruart.o(i.CommandDecode) refers to useruart.o(.bss) for gCommandData
    useruart.o(i.ExecuteCommand) refers to strcpy.o(.text) for strcpy
    useruart.o(i.ExecuteCommand) refers to strncmp.o(.text) for strncmp
    useruart.o(i.ExecuteCommand) refers to useruart.o(i.SendInPut) for SendInPut
    useruart.o(i.ExecuteCommand) refers to useruart.o(i.RS485_SwitchRx) for RS485_SwitchRx
    useruart.o(i.ExecuteCommand) refers to useruart.o(.data) for gCommandType
    useruart.o(i.ExecuteCommand) refers to useruart.o(.bss) for gCommandData
    useruart.o(i.ExecuteCommand) refers to userpwm1.o(.data) for E84_S
    useruart.o(i.ExecuteCommand) refers to userpwm0.o(.data) for E84
    useruart.o(i.GetCommandFromRS485) refers to useruart.o(i.GetDataByteFromBuffer) for GetDataByteFromBuffer
    useruart.o(i.GetCommandFromRS485) refers to useruart.o(.data) for gCommandLast
    useruart.o(i.GetCommandFromRS485) refers to usertimer1.o(.data) for tlms_4
    useruart.o(i.GetCommandFromRS485) refers to useruart.o(.bss) for gCommandData
    useruart.o(i.GetDataByteFromBuffer) refers to userpwm1.o(i.__ARM_common_switch8) for __ARM_common_switch8
    useruart.o(i.GetDataByteFromBuffer) refers to useruart.o(.data) for pGetlast0
    useruart.o(i.GetDataByteFromBuffer) refers to useruart.o(.bss) for gReceiveData0
    useruart.o(i.RS485_SwitchRx) refers to usertimer1.o(i.Delay_1ms) for Delay_1ms
    useruart.o(i.SendACK) refers to useruart.o(i.Uart_Send) for Uart_Send
    useruart.o(i.SendACK) refers to useruart.o(i.HexToAsciiH) for HexToAsciiH
    useruart.o(i.SendACK) refers to useruart.o(i.HexToAsciiL) for HexToAsciiL
    useruart.o(i.SendACK) refers to useruart.o(.data) for gToolNumber
    useruart.o(i.SendInPut) refers to useruart.o(i.Uart_Send) for Uart_Send
    useruart.o(i.SendInPut) refers to useruart.o(i.HexToAsciiH) for HexToAsciiH
    useruart.o(i.SendInPut) refers to useruart.o(i.HexToAsciiL) for HexToAsciiL
    useruart.o(i.SendInPut) refers to useruart.o(.data) for gToolNumber
    useruart.o(i.UART1_IRQHandler) refers to useruart.o(.data) for pInlast1
    useruart.o(i.UART1_IRQHandler) refers to useruart.o(.bss) for gReceiveData1
    useruart.o(i.UART_Init) refers to clk.o(i.CLK_EnableModuleClock) for CLK_EnableModuleClock
    useruart.o(i.UART_Init) refers to clk.o(i.CLK_SetModuleClock) for CLK_SetModuleClock
    useruart.o(i.UART_Init) refers to sys.o(i.SYS_ResetModule) for SYS_ResetModule
    useruart.o(i.UART_Init) refers to uart.o(i.UART_Open) for UART_Open
    useruart.o(i.UART_Init) refers to uart.o(i.UART_EnableInt) for UART_EnableInt
    useruart.o(i.UART_Init) refers to useruart.o(.bss) for gReceiveData0
    useruart.o(i.UART_Init) refers to useruart.o(.data) for pInlast0
    rt_memcpy.o(.text) refers to rt_memcpy.o(.emb_text) for __aeabi_memcpy4
    __main.o(!!!main) refers to __rtentry.o(.ARM.Collect$$rtentry$$00000000) for __rt_entry
    __rtentry.o(.ARM.Collect$$rtentry$$00000000) refers (Special) to __rtentry2.o(.ARM.Collect$$rtentry$$0000000A) for __rt_entry_li
    __rtentry.o(.ARM.Collect$$rtentry$$00000000) refers (Special) to __rtentry2.o(.ARM.Collect$$rtentry$$0000000D) for __rt_entry_main
    __rtentry.o(.ARM.Collect$$rtentry$$00000000) refers (Special) to __rtentry2.o(.ARM.Collect$$rtentry$$0000000C) for __rt_entry_postli_1
    __rtentry.o(.ARM.Collect$$rtentry$$00000000) refers (Special) to __rtentry2.o(.ARM.Collect$$rtentry$$00000009) for __rt_entry_postsh_1
    __rtentry.o(.ARM.Collect$$rtentry$$00000000) refers (Special) to __rtentry2.o(.ARM.Collect$$rtentry$$00000002) for __rt_entry_presh_1
    __rtentry.o(.ARM.Collect$$rtentry$$00000000) refers (Special) to __rtentry4.o(.ARM.Collect$$rtentry$$00000004) for __rt_entry_sh
    aeabi_idiv0_sigfpe.o(.text) refers to rt_div0.o(.text) for __rt_div0
    __rtentry2.o(.ARM.Collect$$rtentry$$00000008) refers to boardinit2.o(.text) for _platform_post_stackheap_init
    __rtentry2.o(.ARM.Collect$$rtentry$$0000000A) refers to libinit.o(.ARM.Collect$$libinit$$00000000) for __rt_lib_init
    __rtentry2.o(.ARM.Collect$$rtentry$$0000000B) refers to boardinit3.o(.text) for _platform_post_lib_init
    __rtentry2.o(.ARM.Collect$$rtentry$$0000000D) refers to main.o(i.main) for main
    __rtentry2.o(.ARM.Collect$$rtentry$$0000000D) refers to exit.o(.text) for exit
    __rtentry2.o(.ARM.exidx) refers to __rtentry2.o(.ARM.Collect$$rtentry$$00000001) for .ARM.Collect$$rtentry$$00000001
    __rtentry2.o(.ARM.exidx) refers to __rtentry2.o(.ARM.Collect$$rtentry$$00000008) for .ARM.Collect$$rtentry$$00000008
    __rtentry2.o(.ARM.exidx) refers to __rtentry2.o(.ARM.Collect$$rtentry$$0000000A) for .ARM.Collect$$rtentry$$0000000A
    __rtentry2.o(.ARM.exidx) refers to __rtentry2.o(.ARM.Collect$$rtentry$$0000000B) for .ARM.Collect$$rtentry$$0000000B
    __rtentry2.o(.ARM.exidx) refers to __rtentry2.o(.ARM.Collect$$rtentry$$0000000D) for .ARM.Collect$$rtentry$$0000000D
    __rtentry4.o(.ARM.Collect$$rtentry$$00000004) refers to sys_stackheap_outer.o(.text) for __user_setup_stackheap
    __rtentry4.o(.ARM.exidx) refers to __rtentry4.o(.ARM.Collect$$rtentry$$00000004) for .ARM.Collect$$rtentry$$00000004
    rt_div0.o(.text) refers to defsig_fpe_outer.o(.text) for __rt_SIGFPE
    sys_stackheap_outer.o(.text) refers to libspace.o(.text) for __user_perproc_libspace
    sys_stackheap_outer.o(.text) refers to startup_m0518.o(.text) for __user_initial_stackheap
    sys_stackheap_outer.o(__vectab_stack_and_reset_area) refers to tempstk.o(.text) for __temporary_stack_top
    sys_stackheap_outer.o(__vectab_stack_and_reset_area) refers to __main.o(!!!main) for __main
    exit.o(.text) refers to rtexit.o(.ARM.Collect$$rtexit$$00000000) for __rt_exit
    defsig_fpe_outer.o(.text) refers to defsig_fpe_inner.o(.text) for __rt_SIGFPE_inner
    defsig_fpe_outer.o(.text) refers to defsig_exit.o(.text) for __sig_exit
    defsig_fpe_formal.o(.text) refers to rt_raise.o(.text) for __rt_raise
    libinit.o(.ARM.Collect$$libinit$$00000000) refers (Special) to libinit2.o(.ARM.Collect$$libinit$$0000002E) for __rt_lib_init_alloca_1
    libinit.o(.ARM.Collect$$libinit$$00000000) refers (Special) to libinit2.o(.ARM.Collect$$libinit$$0000002C) for __rt_lib_init_argv_1
    libinit.o(.ARM.Collect$$libinit$$00000000) refers (Special) to libinit2.o(.ARM.Collect$$libinit$$0000001B) for __rt_lib_init_atexit_1
    libinit.o(.ARM.Collect$$libinit$$00000000) refers (Special) to libinit2.o(.ARM.Collect$$libinit$$00000021) for __rt_lib_init_clock_1
    libinit.o(.ARM.Collect$$libinit$$00000000) refers (Special) to libinit2.o(.ARM.Collect$$libinit$$00000032) for __rt_lib_init_cpp_1
    libinit.o(.ARM.Collect$$libinit$$00000000) refers (Special) to libinit2.o(.ARM.Collect$$libinit$$00000030) for __rt_lib_init_exceptions_1
    libinit.o(.ARM.Collect$$libinit$$00000000) refers (Special) to libinit2.o(.ARM.Collect$$libinit$$00000002) for __rt_lib_init_fp_1
    libinit.o(.ARM.Collect$$libinit$$00000000) refers (Special) to libinit2.o(.ARM.Collect$$libinit$$0000001F) for __rt_lib_init_fp_trap_1
    libinit.o(.ARM.Collect$$libinit$$00000000) refers (Special) to libinit2.o(.ARM.Collect$$libinit$$00000023) for __rt_lib_init_getenv_1
    libinit.o(.ARM.Collect$$libinit$$00000000) refers (Special) to libinit2.o(.ARM.Collect$$libinit$$0000000A) for __rt_lib_init_heap_1
    libinit.o(.ARM.Collect$$libinit$$00000000) refers (Special) to libinit2.o(.ARM.Collect$$libinit$$00000011) for __rt_lib_init_lc_collate_1
    libinit.o(.ARM.Collect$$libinit$$00000000) refers (Special) to libinit2.o(.ARM.Collect$$libinit$$00000013) for __rt_lib_init_lc_ctype_1
    libinit.o(.ARM.Collect$$libinit$$00000000) refers (Special) to libinit2.o(.ARM.Collect$$libinit$$00000015) for __rt_lib_init_lc_monetary_1
    libinit.o(.ARM.Collect$$libinit$$00000000) refers (Special) to libinit2.o(.ARM.Collect$$libinit$$00000017) for __rt_lib_init_lc_numeric_1
    libinit.o(.ARM.Collect$$libinit$$00000000) refers (Special) to libinit2.o(.ARM.Collect$$libinit$$00000019) for __rt_lib_init_lc_time_1
    libinit.o(.ARM.Collect$$libinit$$00000000) refers (Special) to libinit2.o(.ARM.Collect$$libinit$$00000004) for __rt_lib_init_preinit_1
    libinit.o(.ARM.Collect$$libinit$$00000000) refers (Special) to libinit2.o(.ARM.Collect$$libinit$$0000000E) for __rt_lib_init_rand_1
    libinit.o(.ARM.Collect$$libinit$$00000000) refers (Special) to libinit2.o(.ARM.Collect$$libinit$$00000033) for __rt_lib_init_return
    libinit.o(.ARM.Collect$$libinit$$00000000) refers (Special) to libinit2.o(.ARM.Collect$$libinit$$0000001D) for __rt_lib_init_signal_1
    libinit.o(.ARM.Collect$$libinit$$00000000) refers (Special) to libinit2.o(.ARM.Collect$$libinit$$00000025) for __rt_lib_init_stdio_1
    libinit.o(.ARM.Collect$$libinit$$00000000) refers (Special) to libinit2.o(.ARM.Collect$$libinit$$0000000C) for __rt_lib_init_user_alloc_1
    libspace.o(.text) refers to libspace.o(.bss) for __libspace_start
    rtexit.o(.ARM.Collect$$rtexit$$00000000) refers (Special) to rtexit2.o(.ARM.Collect$$rtexit$$00000004) for __rt_exit_exit
    rtexit.o(.ARM.Collect$$rtexit$$00000000) refers (Special) to rtexit2.o(.ARM.Collect$$rtexit$$00000003) for __rt_exit_ls
    rtexit.o(.ARM.Collect$$rtexit$$00000000) refers (Special) to rtexit2.o(.ARM.Collect$$rtexit$$00000002) for __rt_exit_prels_1
    rtexit.o(.ARM.exidx) refers (Special) to rtexit2.o(.ARM.Collect$$rtexit$$00000004) for __rt_exit_exit
    rtexit.o(.ARM.exidx) refers (Special) to rtexit2.o(.ARM.Collect$$rtexit$$00000003) for __rt_exit_ls
    rtexit.o(.ARM.exidx) refers (Special) to rtexit2.o(.ARM.Collect$$rtexit$$00000002) for __rt_exit_prels_1
    rtexit.o(.ARM.exidx) refers to rtexit.o(.ARM.Collect$$rtexit$$00000000) for .ARM.Collect$$rtexit$$00000000
    rt_raise.o(.text) refers to __raise.o(.text) for __raise
    rt_raise.o(.text) refers to sys_exit.o(.text) for _sys_exit
    defsig_exit.o(.text) refers to sys_exit.o(.text) for _sys_exit
    defsig_fpe_inner.o(.text) refers to defsig_general.o(.text) for __default_signal_display
    libinit2.o(.ARM.Collect$$libinit$$00000010) refers to libinit2.o(.ARM.Collect$$libinit$$0000000F) for .ARM.Collect$$libinit$$0000000F
    libinit2.o(.ARM.Collect$$libinit$$00000012) refers to libinit2.o(.ARM.Collect$$libinit$$0000000F) for .ARM.Collect$$libinit$$0000000F
    libinit2.o(.ARM.Collect$$libinit$$00000014) refers to libinit2.o(.ARM.Collect$$libinit$$0000000F) for .ARM.Collect$$libinit$$0000000F
    libinit2.o(.ARM.Collect$$libinit$$00000016) refers to libinit2.o(.ARM.Collect$$libinit$$0000000F) for .ARM.Collect$$libinit$$0000000F
    libinit2.o(.ARM.Collect$$libinit$$00000018) refers to libinit2.o(.ARM.Collect$$libinit$$0000000F) for .ARM.Collect$$libinit$$0000000F
    libinit2.o(.ARM.Collect$$libinit$$00000026) refers to argv_veneer.o(.text) for __ARM_argv_veneer
    libinit2.o(.ARM.Collect$$libinit$$00000027) refers to argv_veneer.o(.text) for __ARM_argv_veneer
    sys_exit.o(.text) refers (Special) to use_no_semi.o(.text) for __I$use$semihosting
    sys_exit.o(.text) refers (Special) to indicate_semi.o(.text) for __semihosting_library_function
    rtexit2.o(.ARM.Collect$$rtexit$$00000003) refers to libshutdown.o(.ARM.Collect$$libshutdown$$00000000) for __rt_lib_shutdown
    rtexit2.o(.ARM.Collect$$rtexit$$00000004) refers to sys_exit.o(.text) for _sys_exit
    rtexit2.o(.ARM.exidx) refers to rtexit2.o(.ARM.Collect$$rtexit$$00000001) for .ARM.Collect$$rtexit$$00000001
    rtexit2.o(.ARM.exidx) refers to rtexit2.o(.ARM.Collect$$rtexit$$00000003) for .ARM.Collect$$rtexit$$00000003
    rtexit2.o(.ARM.exidx) refers to rtexit2.o(.ARM.Collect$$rtexit$$00000004) for .ARM.Collect$$rtexit$$00000004
    __raise.o(.text) refers to defsig.o(CL$$defsig) for __default_signal_handler
    defsig_general.o(.text) refers to retarget.o(i._ttywrch) for _ttywrch
    defsig.o(CL$$defsig) refers to defsig_fpe_inner.o(.text) for __rt_SIGFPE_inner
    defsig.o(CL$$defsig) refers to defsig_rtmem_inner.o(.text) for __rt_SIGRTMEM_inner
    _get_argv_nomalloc.o(.text) refers (Special) to hrguard.o(.text) for __heap_region$guard
    _get_argv_nomalloc.o(.text) refers to defsig_rtmem_outer.o(.text) for __rt_SIGRTMEM
    _get_argv_nomalloc.o(.text) refers to sys_command.o(.text) for _sys_command_string
    libshutdown.o(.ARM.Collect$$libshutdown$$00000000) refers (Special) to libshutdown2.o(.ARM.Collect$$libshutdown$$00000002) for __rt_lib_shutdown_cpp_1
    libshutdown.o(.ARM.Collect$$libshutdown$$00000000) refers (Special) to libshutdown2.o(.ARM.Collect$$libshutdown$$00000007) for __rt_lib_shutdown_fp_trap_1
    libshutdown.o(.ARM.Collect$$libshutdown$$00000000) refers (Special) to libshutdown2.o(.ARM.Collect$$libshutdown$$0000000F) for __rt_lib_shutdown_heap_1
    libshutdown.o(.ARM.Collect$$libshutdown$$00000000) refers (Special) to libshutdown2.o(.ARM.Collect$$libshutdown$$00000010) for __rt_lib_shutdown_return
    libshutdown.o(.ARM.Collect$$libshutdown$$00000000) refers (Special) to libshutdown2.o(.ARM.Collect$$libshutdown$$0000000A) for __rt_lib_shutdown_signal_1
    libshutdown.o(.ARM.Collect$$libshutdown$$00000000) refers (Special) to libshutdown2.o(.ARM.Collect$$libshutdown$$00000004) for __rt_lib_shutdown_stdio_1
    libshutdown.o(.ARM.Collect$$libshutdown$$00000000) refers (Special) to libshutdown2.o(.ARM.Collect$$libshutdown$$0000000C) for __rt_lib_shutdown_user_alloc_1
    sys_command.o(.text) refers (Special) to use_no_semi.o(.text) for __I$use$semihosting
    sys_command.o(.text) refers (Special) to indicate_semi.o(.text) for __semihosting_library_function
    defsig_abrt_inner.o(.text) refers to defsig_general.o(.text) for __default_signal_display
    defsig_rtred_inner.o(.text) refers to defsig_general.o(.text) for __default_signal_display
    defsig_rtmem_inner.o(.text) refers to defsig_general.o(.text) for __default_signal_display
    defsig_rtmem_outer.o(.text) refers to defsig_rtmem_inner.o(.text) for __rt_SIGRTMEM_inner
    defsig_rtmem_outer.o(.text) refers to defsig_exit.o(.text) for __sig_exit
    defsig_rtmem_formal.o(.text) refers to rt_raise.o(.text) for __rt_raise
    defsig_stak_inner.o(.text) refers to defsig_general.o(.text) for __default_signal_display
    defsig_pvfn_inner.o(.text) refers to defsig_general.o(.text) for __default_signal_display
    defsig_cppl_inner.o(.text) refers to defsig_general.o(.text) for __default_signal_display
    defsig_segv_inner.o(.text) refers to defsig_general.o(.text) for __default_signal_display
    defsig_other.o(.text) refers to defsig_general.o(.text) for __default_signal_display


==============================================================================

Removing Unused input sections from the image.

    Removing system_m0518.o(.rev16_text), (4 bytes).
    Removing system_m0518.o(.revsh_text), (4 bytes).
    Removing core_cm0.o(.emb_text), (32 bytes).
    Removing retarget.o(.rev16_text), (4 bytes).
    Removing retarget.o(.revsh_text), (4 bytes).
    Removing retarget.o(i.GetChar), (32 bytes).
    Removing retarget.o(i.IsDebugFifoEmpty), (20 bytes).
    Removing retarget.o(i.SendChar), (12 bytes).
    Removing retarget.o(i.SendChar_ToUART), (52 bytes).
    Removing retarget.o(i._ttywrch), (12 bytes).
    Removing retarget.o(i.ferror), (8 bytes).
    Removing retarget.o(i.fgetc), (10 bytes).
    Removing retarget.o(i.fputc), (16 bytes).
    Removing retarget.o(i.kbhit), (20 bytes).
    Removing retarget.o(.data), (8 bytes).
    Removing main.o(.rev16_text), (4 bytes).
    Removing main.o(.revsh_text), (4 bytes).
    Removing main.o(.bss), (636 bytes).
    Removing main.o(.data), (13 bytes).
    Removing fmc.o(.rev16_text), (4 bytes).
    Removing fmc.o(.revsh_text), (4 bytes).
    Removing fmc.o(i.FMC_Close), (20 bytes).
    Removing fmc.o(i.FMC_DisableAPUpdate), (20 bytes).
    Removing fmc.o(i.FMC_DisableConfigUpdate), (20 bytes).
    Removing fmc.o(i.FMC_DisableLDUpdate), (20 bytes).
    Removing fmc.o(i.FMC_EnableAPUpdate), (20 bytes).
    Removing fmc.o(i.FMC_EnableConfigUpdate), (20 bytes).
    Removing fmc.o(i.FMC_EnableLDUpdate), (20 bytes).
    Removing fmc.o(i.FMC_GetBootSource), (24 bytes).
    Removing fmc.o(i.FMC_Open), (20 bytes).
    Removing fmc.o(i.FMC_Read), (40 bytes).
    Removing fmc.o(i.FMC_ReadConfig), (36 bytes).
    Removing fmc.o(i.FMC_ReadDataFlashBaseAddr), (12 bytes).
    Removing fmc.o(i.FMC_SetBootSource), (36 bytes).
    Removing fmc.o(i.FMC_WriteConfig), (100 bytes).
    Removing gpio.o(.rev16_text), (4 bytes).
    Removing gpio.o(.revsh_text), (4 bytes).
    Removing gpio.o(i.GPIO_DisableInt), (28 bytes).
    Removing gpio.o(i.GPIO_EnableInt), (26 bytes).
    Removing clk.o(.rev16_text), (4 bytes).
    Removing clk.o(.revsh_text), (4 bytes).
    Removing clk.o(i.CLK_DisableCKO), (16 bytes).
    Removing clk.o(i.CLK_DisableModuleClock), (60 bytes).
    Removing clk.o(i.CLK_DisablePLL), (20 bytes).
    Removing clk.o(i.CLK_DisableXtalRC), (16 bytes).
    Removing clk.o(i.CLK_EnableCKO), (48 bytes).
    Removing clk.o(i.CLK_GetCPUFreq), (16 bytes).
    Removing clk.o(i.CLK_GetHCLKFreq), (16 bytes).
    Removing clk.o(i.CLK_GetHXTFreq), (28 bytes).
    Removing clk.o(i.CLK_GetPCLKFreq), (16 bytes).
    Removing clk.o(i.CLK_Idle), (36 bytes).
    Removing clk.o(i.CLK_PowerDown), (40 bytes).
    Removing pwm.o(.rev16_text), (4 bytes).
    Removing pwm.o(.revsh_text), (4 bytes).
    Removing pwm.o(i.CLK_GetPLLClockFreq), (124 bytes).
    Removing pwm.o(i.PWM_ClearADCTriggerFlag), (16 bytes).
    Removing pwm.o(i.PWM_ClearDutyIntFlag), (16 bytes).
    Removing pwm.o(i.PWM_ClearFaultBrakeIntFlag), (10 bytes).
    Removing pwm.o(i.PWM_ClearWrapAroundFlag), (16 bytes).
    Removing pwm.o(i.PWM_ClearZeroIntFlag), (14 bytes).
    Removing pwm.o(i.PWM_ConfigCaptureChannel), (224 bytes).
    Removing pwm.o(i.PWM_ConfigOutputChannel), (392 bytes).
    Removing pwm.o(i.PWM_DisableADCTrigger), (44 bytes).
    Removing pwm.o(i.PWM_DisableBrakeNoiseFilter), (20 bytes).
    Removing pwm.o(i.PWM_DisableBrakePinInverse), (20 bytes).
    Removing pwm.o(i.PWM_DisableCapture), (26 bytes).
    Removing pwm.o(i.PWM_DisableCaptureInt), (22 bytes).
    Removing pwm.o(i.PWM_DisableDeadZone), (30 bytes).
    Removing pwm.o(i.PWM_DisableDutyInt), (20 bytes).
    Removing pwm.o(i.PWM_DisableFaultBrakeInt), (16 bytes).
    Removing pwm.o(i.PWM_DisableLoadMode), (14 bytes).
    Removing pwm.o(i.PWM_DisableOutput), (12 bytes).
    Removing pwm.o(i.PWM_DisableZeroInt), (22 bytes).
    Removing pwm.o(i.PWM_EnableADCTrigger), (82 bytes).
    Removing pwm.o(i.PWM_EnableBrakeNoiseFilter), (34 bytes).
    Removing pwm.o(i.PWM_EnableBrakePinInverse), (20 bytes).
    Removing pwm.o(i.PWM_EnableCapture), (26 bytes).
    Removing pwm.o(i.PWM_EnableCaptureInt), (22 bytes).
    Removing pwm.o(i.PWM_EnableDeadZone), (56 bytes).
    Removing pwm.o(i.PWM_EnableDutyInt), (18 bytes).
    Removing pwm.o(i.PWM_EnableFaultBrake), (356 bytes).
    Removing pwm.o(i.PWM_EnableFaultBrakeInt), (16 bytes).
    Removing pwm.o(i.PWM_EnableLoadMode), (14 bytes).
    Removing pwm.o(i.PWM_EnableOutput), (12 bytes).
    Removing pwm.o(i.PWM_EnablePeriodInt), (24 bytes).
    Removing pwm.o(i.PWM_EnableZeroInt), (22 bytes).
    Removing pwm.o(i.PWM_ForceStop), (40 bytes).
    Removing pwm.o(i.PWM_GetADCTriggerFlag), (28 bytes).
    Removing pwm.o(i.PWM_GetDutyIntFlag), (28 bytes).
    Removing pwm.o(i.PWM_GetFaultBrakeIntFlag), (24 bytes).
    Removing pwm.o(i.PWM_GetWrapAroundFlag), (32 bytes).
    Removing pwm.o(i.PWM_GetZeroIntFlag), (30 bytes).
    Removing pwm.o(i.PWM_SetBrakePinSource), (32 bytes).
    Removing pwm.o(i.PWM_SetClockSource), (28 bytes).
    Removing pwm.o(i.PWM_Start), (40 bytes).
    Removing sys.o(.rev16_text), (4 bytes).
    Removing sys.o(.revsh_text), (4 bytes).
    Removing sys.o(i.SYS_ClearResetSrc), (16 bytes).
    Removing sys.o(i.SYS_DisableBOD), (18 bytes).
    Removing sys.o(i.SYS_EnableBOD), (50 bytes).
    Removing sys.o(i.SYS_GetBODStatus), (14 bytes).
    Removing sys.o(i.SYS_GetResetSrc), (8 bytes).
    Removing sys.o(i.SYS_IsRegLocked), (20 bytes).
    Removing sys.o(i.SYS_ReadPDID), (8 bytes).
    Removing sys.o(i.SYS_ResetCPU), (18 bytes).
    Removing sys.o(i.SYS_ResetChip), (18 bytes).
    Removing timer.o(.rev16_text), (4 bytes).
    Removing timer.o(.revsh_text), (4 bytes).
    Removing timer.o(i.TIMER_Close), (8 bytes).
    Removing timer.o(i.TIMER_Delay), (272 bytes).
    Removing timer.o(i.TIMER_DisableCapture), (10 bytes).
    Removing timer.o(i.TIMER_DisableEventCounter), (12 bytes).
    Removing timer.o(i.TIMER_EnableCapture), (20 bytes).
    Removing timer.o(i.TIMER_EnableEventCounter), (22 bytes).
    Removing timer.o(i.TIMER_GetModuleClock), (132 bytes).
    Removing timer.o(i.TIMER_Open), (124 bytes).
    Removing timer.o(.constdata), (32 bytes).
    Removing uart.o(.rev16_text), (4 bytes).
    Removing uart.o(.revsh_text), (4 bytes).
    Removing uart.o(i.NVIC_DisableIRQ), (20 bytes).
    Removing uart.o(i.UART_ClearIntFlag), (112 bytes).
    Removing uart.o(i.UART_Close), (6 bytes).
    Removing uart.o(i.UART_DisableFlowCtrl), (12 bytes).
    Removing uart.o(i.UART_DisableInt), (112 bytes).
    Removing uart.o(i.UART_EnableFlowCtrl), (30 bytes).
    Removing uart.o(i.UART_Read), (54 bytes).
    Removing uart.o(i.UART_SelectIrDAMode), (164 bytes).
    Removing uart.o(i.UART_SelectLINMode), (26 bytes).
    Removing uart.o(i.UART_SelectRS485Mode), (32 bytes).
    Removing uart.o(i.UART_SetLine_Config), (184 bytes).
    Removing uart.o(i.UART_SetTimeoutCnt), (22 bytes).
    Removing uart.o(i.UART_Write), (54 bytes).
    Removing usere84.o(.rev16_text), (4 bytes).
    Removing usere84.o(.revsh_text), (4 bytes).
    Removing userfmc.o(.rev16_text), (4 bytes).
    Removing userfmc.o(.revsh_text), (4 bytes).
    Removing userfmc.o(i.FMC_Erase), (56 bytes).
    Removing userfmc.o(i.FMC_R), (108 bytes).
    Removing userfmc.o(i.FMC_W), (92 bytes).
    Removing userfmc.o(i.FillDataPattern), (64 bytes).
    Removing userfmc.o(i.SYS_UnlockReg), (32 bytes).
    Removing userfmc.o(i.SetDataFlashBase), (84 bytes).
    Removing userpwm0.o(.rev16_text), (4 bytes).
    Removing userpwm0.o(.revsh_text), (4 bytes).
    Removing userpwm0.o(i.E84_IR_PWM_Trans), (52 bytes).
    Removing userpwm0.o(i.E84_PWM_Waveform), (190 bytes).
    Removing userpwm0.o(i.PWM_Waveform), (200 bytes).
    Removing userpwm0.o(i.UserPWM_Init), (140 bytes).
    Removing userpwm1.o(.rev16_text), (4 bytes).
    Removing userpwm1.o(.revsh_text), (4 bytes).
    Removing userpwm1.o(i.Period_Buffer), (48 bytes).
    Removing userpwm1.o(i.UserPWM1_Capture_Start), (108 bytes).
    Removing userpwm1.o(i.UserPWM1_Init), (96 bytes).
    Removing userpwm1.o(.bss), (512 bytes).
    Removing usersystem.o(.rev16_text), (4 bytes).
    Removing usersystem.o(.revsh_text), (4 bytes).
    Removing usertimer1.o(.rev16_text), (4 bytes).
    Removing usertimer1.o(.revsh_text), (4 bytes).
    Removing usertimer2.o(.rev16_text), (4 bytes).
    Removing usertimer2.o(.revsh_text), (4 bytes).
    Removing usertimer2.o(i.Delay_10us), (20 bytes).
    Removing userwdt.o(.rev16_text), (4 bytes).
    Removing userwdt.o(.revsh_text), (4 bytes).
    Removing userwdt.o(i.UserWDT_Reset), (52 bytes).
    Removing userwdt.o(i.UserWDT_init), (168 bytes).
    Removing useruart.o(.rev16_text), (4 bytes).
    Removing useruart.o(.revsh_text), (4 bytes).
    Removing useruart.o(i.SendACK), (240 bytes).

168 unused section(s) (total 7731 bytes) removed from the image.

==============================================================================

Image Symbol Table

    Local Symbols

    Symbol Name                              Value     Ov Type        Size  Object(Section)

    RESET                                    0x00000000   Section      192  startup_m0518.o(RESET)
    ../clib/angel/boardlib.s                 0x00000000   Number         0  boardinit1.o ABSOLUTE
    ../clib/angel/boardlib.s                 0x00000000   Number         0  boardinit2.o ABSOLUTE
    ../clib/angel/boardlib.s                 0x00000000   Number         0  boardshut.o ABSOLUTE
    ../clib/angel/boardlib.s                 0x00000000   Number         0  boardinit3.o ABSOLUTE
    ../clib/angel/handlers.s                 0x00000000   Number         0  __scatter_copy.o ABSOLUTE
    ../clib/angel/handlers.s                 0x00000000   Number         0  __scatter_zi.o ABSOLUTE
    ../clib/angel/kernel.s                   0x00000000   Number         0  __rtentry2.o ABSOLUTE
    ../clib/angel/kernel.s                   0x00000000   Number         0  rtexit.o ABSOLUTE
    ../clib/angel/kernel.s                   0x00000000   Number         0  __rtentry.o ABSOLUTE
    ../clib/angel/kernel.s                   0x00000000   Number         0  __rtentry4.o ABSOLUTE
    ../clib/angel/kernel.s                   0x00000000   Number         0  rtexit2.o ABSOLUTE
    ../clib/angel/rt.s                       0x00000000   Number         0  aeabi_idiv0_sigfpe.o ABSOLUTE
    ../clib/angel/rt.s                       0x00000000   Number         0  aeabi_idiv0.o ABSOLUTE
    ../clib/angel/rt.s                       0x00000000   Number         0  rt_div0.o ABSOLUTE
    ../clib/angel/rt.s                       0x00000000   Number         0  rt_raise.o ABSOLUTE
    ../clib/angel/scatterp.s                 0x00000000   Number         0  __scatter.o ABSOLUTE
    ../clib/angel/startup.s                  0x00000000   Number         0  __main.o ABSOLUTE
    ../clib/angel/sys.s                      0x00000000   Number         0  libspace.o ABSOLUTE
    ../clib/angel/sys.s                      0x00000000   Number         0  tempstk.o ABSOLUTE
    ../clib/angel/sys.s                      0x00000000   Number         0  use_no_semi.o ABSOLUTE
    ../clib/angel/sys.s                      0x00000000   Number         0  sys_stackheap_outer.o ABSOLUTE
    ../clib/angel/sys.s                      0x00000000   Number         0  indicate_semi.o ABSOLUTE
    ../clib/angel/sysapp.c                   0x00000000   Number         0  sys_exit.o ABSOLUTE
    ../clib/angel/sysapp.c                   0x00000000   Number         0  sys_command.o ABSOLUTE
    ../clib/armsys.c                         0x00000000   Number         0  _get_argv_nomalloc.o ABSOLUTE
    ../clib/armsys.c                         0x00000000   Number         0  argv_veneer.o ABSOLUTE
    ../clib/armsys.c                         0x00000000   Number         0  no_argv.o ABSOLUTE
    ../clib/division.s                       0x00000000   Number         0  aeabi_sdiv.o ABSOLUTE
    ../clib/division.s                       0x00000000   Number         0  aeabi_sdiv_div0.o ABSOLUTE
    ../clib/heapalloc.c                      0x00000000   Number         0  hrguard.o ABSOLUTE
    ../clib/heapaux.c                        0x00000000   Number         0  heapauxi.o ABSOLUTE
    ../clib/libinit.s                        0x00000000   Number         0  libinit2.o ABSOLUTE
    ../clib/libinit.s                        0x00000000   Number         0  libshutdown.o ABSOLUTE
    ../clib/libinit.s                        0x00000000   Number         0  libinit.o ABSOLUTE
    ../clib/libinit.s                        0x00000000   Number         0  libshutdown2.o ABSOLUTE
    ../clib/memcpset.c                       0x00000000   Number         0  rt_memcpy.o ABSOLUTE
    ../clib/memcpset.c                       0x00000000   Number         0  rt_memcpy.o ABSOLUTE
    ../clib/misc.s                           0x00000000   Number         0  printf_stubs.o ABSOLUTE
    ../clib/signal.c                         0x00000000   Number         0  defsig_fpe_outer.o ABSOLUTE
    ../clib/signal.c                         0x00000000   Number         0  defsig_segv_inner.o ABSOLUTE
    ../clib/signal.c                         0x00000000   Number         0  defsig_cppl_inner.o ABSOLUTE
    ../clib/signal.c                         0x00000000   Number         0  defsig_pvfn_inner.o ABSOLUTE
    ../clib/signal.c                         0x00000000   Number         0  defsig_stak_inner.o ABSOLUTE
    ../clib/signal.c                         0x00000000   Number         0  defsig_rtmem_formal.o ABSOLUTE
    ../clib/signal.c                         0x00000000   Number         0  defsig_rtmem_outer.o ABSOLUTE
    ../clib/signal.c                         0x00000000   Number         0  defsig_rtmem_inner.o ABSOLUTE
    ../clib/signal.c                         0x00000000   Number         0  defsig_rtred_inner.o ABSOLUTE
    ../clib/signal.c                         0x00000000   Number         0  defsig_abrt_inner.o ABSOLUTE
    ../clib/signal.c                         0x00000000   Number         0  defsig_other.o ABSOLUTE
    ../clib/signal.c                         0x00000000   Number         0  defsig_general.o ABSOLUTE
    ../clib/signal.c                         0x00000000   Number         0  __raise.o ABSOLUTE
    ../clib/signal.c                         0x00000000   Number         0  defsig_fpe_inner.o ABSOLUTE
    ../clib/signal.c                         0x00000000   Number         0  defsig_exit.o ABSOLUTE
    ../clib/signal.c                         0x00000000   Number         0  defsig_fpe_formal.o ABSOLUTE
    ../clib/signal.s                         0x00000000   Number         0  defsig.o ABSOLUTE
    ../clib/stdlib.c                         0x00000000   Number         0  exit.o ABSOLUTE
    ../clib/string.c                         0x00000000   Number         0  strcpy.o ABSOLUTE
    ../clib/string.c                         0x00000000   Number         0  strncmp.o ABSOLUTE
    ../fplib/cfplib/fpinit.c                 0x00000000   Number         0  fpinit.o ABSOLUTE
    BRDriver\UserE84.c                       0x00000000   Number         0  usere84.o ABSOLUTE
    BRDriver\UserFMC.c                       0x00000000   Number         0  userfmc.o ABSOLUTE
    BRDriver\UserPWM0.c                      0x00000000   Number         0  userpwm0.o ABSOLUTE
    BRDriver\UserPWM1.c                      0x00000000   Number         0  userpwm1.o ABSOLUTE
    BRDriver\UserSystem.c                    0x00000000   Number         0  usersystem.o ABSOLUTE
    BRDriver\UserTimer1.c                    0x00000000   Number         0  usertimer1.o ABSOLUTE
    BRDriver\UserTimer2.c                    0x00000000   Number         0  usertimer2.o ABSOLUTE
    BRDriver\UserUart.c                      0x00000000   Number         0  useruart.o ABSOLUTE
    BRDriver\UserWDT.c                       0x00000000   Number         0  userwdt.o ABSOLUTE
    BRDriver\\UserE84.c                      0x00000000   Number         0  usere84.o ABSOLUTE
    BRDriver\\UserFMC.c                      0x00000000   Number         0  userfmc.o ABSOLUTE
    BRDriver\\UserPWM0.c                     0x00000000   Number         0  userpwm0.o ABSOLUTE
    BRDriver\\UserPWM1.c                     0x00000000   Number         0  userpwm1.o ABSOLUTE
    BRDriver\\UserSystem.c                   0x00000000   Number         0  usersystem.o ABSOLUTE
    BRDriver\\UserTimer1.c                   0x00000000   Number         0  usertimer1.o ABSOLUTE
    BRDriver\\UserTimer2.c                   0x00000000   Number         0  usertimer2.o ABSOLUTE
    BRDriver\\UserUart.c                     0x00000000   Number         0  useruart.o ABSOLUTE
    BRDriver\\UserWDT.c                      0x00000000   Number         0  userwdt.o ABSOLUTE
    StdDriver\\src\\clk.c                    0x00000000   Number         0  clk.o ABSOLUTE
    StdDriver\\src\\fmc.c                    0x00000000   Number         0  fmc.o ABSOLUTE
    StdDriver\\src\\gpio.c                   0x00000000   Number         0  gpio.o ABSOLUTE
    StdDriver\\src\\pwm.c                    0x00000000   Number         0  pwm.o ABSOLUTE
    StdDriver\\src\\retarget.c               0x00000000   Number         0  retarget.o ABSOLUTE
    StdDriver\\src\\sys.c                    0x00000000   Number         0  sys.o ABSOLUTE
    StdDriver\\src\\timer.c                  0x00000000   Number         0  timer.o ABSOLUTE
    StdDriver\\src\\uart.c                   0x00000000   Number         0  uart.o ABSOLUTE
    StdDriver\src\clk.c                      0x00000000   Number         0  clk.o ABSOLUTE
    StdDriver\src\fmc.c                      0x00000000   Number         0  fmc.o ABSOLUTE
    StdDriver\src\gpio.c                     0x00000000   Number         0  gpio.o ABSOLUTE
    StdDriver\src\pwm.c                      0x00000000   Number         0  pwm.o ABSOLUTE
    StdDriver\src\retarget.c                 0x00000000   Number         0  retarget.o ABSOLUTE
    StdDriver\src\sys.c                      0x00000000   Number         0  sys.o ABSOLUTE
    StdDriver\src\timer.c                    0x00000000   Number         0  timer.o ABSOLUTE
    StdDriver\src\uart.c                     0x00000000   Number         0  uart.o ABSOLUTE
    dc.s                                     0x00000000   Number         0  dc.o ABSOLUTE
    source\\main.c                           0x00000000   Number         0  main.o ABSOLUTE
    source\main.c                            0x00000000   Number         0  main.o ABSOLUTE
    system\\core_cm0.c                       0x00000000   Number         0  core_cm0.o ABSOLUTE
    system\\system_M0518.c                   0x00000000   Number         0  system_m0518.o ABSOLUTE
    system\core_cm0.c                        0x00000000   Number         0  core_cm0.o ABSOLUTE
    system\startup_M0518.s                   0x00000000   Number         0  startup_m0518.o ABSOLUTE
    system\system_M0518.c                    0x00000000   Number         0  system_m0518.o ABSOLUTE
    !!!main                                  0x000000c0   Section        8  __main.o(!!!main)
    !!!scatter                               0x000000c8   Section       60  __scatter.o(!!!scatter)
    !!handler_copy                           0x00000104   Section       26  __scatter_copy.o(!!handler_copy)
    !!handler_zi                             0x00000120   Section       28  __scatter_zi.o(!!handler_zi)
    .ARM.Collect$$libinit$$00000000          0x0000013c   Section        2  libinit.o(.ARM.Collect$$libinit$$00000000)
    .ARM.Collect$$libinit$$00000002          0x0000013e   Section        0  libinit2.o(.ARM.Collect$$libinit$$00000002)
    .ARM.Collect$$libinit$$00000004          0x0000013e   Section        0  libinit2.o(.ARM.Collect$$libinit$$00000004)
    .ARM.Collect$$libinit$$0000000A          0x0000013e   Section        0  libinit2.o(.ARM.Collect$$libinit$$0000000A)
    .ARM.Collect$$libinit$$0000000C          0x0000013e   Section        0  libinit2.o(.ARM.Collect$$libinit$$0000000C)
    .ARM.Collect$$libinit$$0000000E          0x0000013e   Section        0  libinit2.o(.ARM.Collect$$libinit$$0000000E)
    .ARM.Collect$$libinit$$00000011          0x0000013e   Section        0  libinit2.o(.ARM.Collect$$libinit$$00000011)
    .ARM.Collect$$libinit$$00000013          0x0000013e   Section        0  libinit2.o(.ARM.Collect$$libinit$$00000013)
    .ARM.Collect$$libinit$$00000015          0x0000013e   Section        0  libinit2.o(.ARM.Collect$$libinit$$00000015)
    .ARM.Collect$$libinit$$00000017          0x0000013e   Section        0  libinit2.o(.ARM.Collect$$libinit$$00000017)
    .ARM.Collect$$libinit$$00000019          0x0000013e   Section        0  libinit2.o(.ARM.Collect$$libinit$$00000019)
    .ARM.Collect$$libinit$$0000001B          0x0000013e   Section        0  libinit2.o(.ARM.Collect$$libinit$$0000001B)
    .ARM.Collect$$libinit$$0000001D          0x0000013e   Section        0  libinit2.o(.ARM.Collect$$libinit$$0000001D)
    .ARM.Collect$$libinit$$0000001F          0x0000013e   Section        0  libinit2.o(.ARM.Collect$$libinit$$0000001F)
    .ARM.Collect$$libinit$$00000021          0x0000013e   Section        0  libinit2.o(.ARM.Collect$$libinit$$00000021)
    .ARM.Collect$$libinit$$00000023          0x0000013e   Section        0  libinit2.o(.ARM.Collect$$libinit$$00000023)
    .ARM.Collect$$libinit$$00000025          0x0000013e   Section        0  libinit2.o(.ARM.Collect$$libinit$$00000025)
    .ARM.Collect$$libinit$$0000002C          0x0000013e   Section        0  libinit2.o(.ARM.Collect$$libinit$$0000002C)
    .ARM.Collect$$libinit$$0000002E          0x0000013e   Section        0  libinit2.o(.ARM.Collect$$libinit$$0000002E)
    .ARM.Collect$$libinit$$00000030          0x0000013e   Section        0  libinit2.o(.ARM.Collect$$libinit$$00000030)
    .ARM.Collect$$libinit$$00000032          0x0000013e   Section        0  libinit2.o(.ARM.Collect$$libinit$$00000032)
    .ARM.Collect$$libinit$$00000033          0x0000013e   Section        2  libinit2.o(.ARM.Collect$$libinit$$00000033)
    .ARM.Collect$$libshutdown$$00000000      0x00000140   Section        2  libshutdown.o(.ARM.Collect$$libshutdown$$00000000)
    .ARM.Collect$$libshutdown$$00000002      0x00000142   Section        0  libshutdown2.o(.ARM.Collect$$libshutdown$$00000002)
    .ARM.Collect$$libshutdown$$00000004      0x00000142   Section        0  libshutdown2.o(.ARM.Collect$$libshutdown$$00000004)
    .ARM.Collect$$libshutdown$$00000007      0x00000142   Section        0  libshutdown2.o(.ARM.Collect$$libshutdown$$00000007)
    .ARM.Collect$$libshutdown$$0000000A      0x00000142   Section        0  libshutdown2.o(.ARM.Collect$$libshutdown$$0000000A)
    .ARM.Collect$$libshutdown$$0000000C      0x00000142   Section        0  libshutdown2.o(.ARM.Collect$$libshutdown$$0000000C)
    .ARM.Collect$$libshutdown$$0000000F      0x00000142   Section        0  libshutdown2.o(.ARM.Collect$$libshutdown$$0000000F)
    .ARM.Collect$$libshutdown$$00000010      0x00000142   Section        2  libshutdown2.o(.ARM.Collect$$libshutdown$$00000010)
    .ARM.Collect$$rtentry$$00000000          0x00000144   Section        0  __rtentry.o(.ARM.Collect$$rtentry$$00000000)
    .ARM.Collect$$rtentry$$00000002          0x00000144   Section        0  __rtentry2.o(.ARM.Collect$$rtentry$$00000002)
    .ARM.Collect$$rtentry$$00000004          0x00000144   Section        6  __rtentry4.o(.ARM.Collect$$rtentry$$00000004)
    .ARM.Collect$$rtentry$$00000009          0x0000014a   Section        0  __rtentry2.o(.ARM.Collect$$rtentry$$00000009)
    .ARM.Collect$$rtentry$$0000000A          0x0000014a   Section        4  __rtentry2.o(.ARM.Collect$$rtentry$$0000000A)
    .ARM.Collect$$rtentry$$0000000C          0x0000014e   Section        0  __rtentry2.o(.ARM.Collect$$rtentry$$0000000C)
    .ARM.Collect$$rtentry$$0000000D          0x0000014e   Section        8  __rtentry2.o(.ARM.Collect$$rtentry$$0000000D)
    .ARM.Collect$$rtexit$$00000000           0x00000156   Section        2  rtexit.o(.ARM.Collect$$rtexit$$00000000)
    .ARM.Collect$$rtexit$$00000002           0x00000158   Section        0  rtexit2.o(.ARM.Collect$$rtexit$$00000002)
    .ARM.Collect$$rtexit$$00000003           0x00000158   Section        4  rtexit2.o(.ARM.Collect$$rtexit$$00000003)
    .ARM.Collect$$rtexit$$00000004           0x0000015c   Section        6  rtexit2.o(.ARM.Collect$$rtexit$$00000004)
    .text                                    0x00000164   Section      100  startup_m0518.o(.text)
    Default_Handler                          0x0000018f   Thumb Code     2  startup_m0518.o(.text)
    .text                                    0x000001c8   Section        0  strcpy.o(.text)
    .text                                    0x00000214   Section        0  strncmp.o(.text)
    .text                                    0x000002b4   Section      346  aeabi_sdiv.o(.text)
    .text                                    0x0000040e   Section        0  heapauxi.o(.text)
    .text                                    0x00000414   Section       62  sys_stackheap_outer.o(.text)
    .text                                    0x00000452   Section        0  exit.o(.text)
    .text                                    0x00000464   Section        8  libspace.o(.text)
    .text                                    0x0000046c   Section        0  sys_exit.o(.text)
    .text                                    0x00000478   Section        2  use_no_semi.o(.text)
    .text                                    0x0000047a   Section        0  indicate_semi.o(.text)
    i.CLK_EnableModuleClock                  0x0000047c   Section        0  clk.o(i.CLK_EnableModuleClock)
    i.CLK_EnablePLL                          0x000004b8   Section        0  clk.o(i.CLK_EnablePLL)
    i.CLK_EnableXtalRC                       0x00000664   Section        0  clk.o(i.CLK_EnableXtalRC)
    i.CLK_GetPLLClockFreq                    0x00000674   Section        0  system_m0518.o(i.CLK_GetPLLClockFreq)
    CLK_GetPLLClockFreq                      0x00000675   Thumb Code   112  system_m0518.o(i.CLK_GetPLLClockFreq)
    i.CLK_GetPLLClockFreq                    0x000006f0   Section        0  clk.o(i.CLK_GetPLLClockFreq)
    CLK_GetPLLClockFreq                      0x000006f1   Thumb Code   112  clk.o(i.CLK_GetPLLClockFreq)
    i.CLK_GetPLLClockFreq                    0x0000076c   Section        0  uart.o(i.CLK_GetPLLClockFreq)
    CLK_GetPLLClockFreq                      0x0000076d   Thumb Code   112  uart.o(i.CLK_GetPLLClockFreq)
    i.CLK_SetCoreClock                       0x000007e8   Section        0  clk.o(i.CLK_SetCoreClock)
    i.CLK_SetHCLK                            0x00000884   Section        0  clk.o(i.CLK_SetHCLK)
    i.CLK_SetModuleClock                     0x000008e4   Section        0  clk.o(i.CLK_SetModuleClock)
    i.CLK_SetSysTickClockSrc                 0x00000958   Section        0  clk.o(i.CLK_SetSysTickClockSrc)
    i.CLK_WaitClockReady                     0x0000096c   Section        0  clk.o(i.CLK_WaitClockReady)
    i.CommandDecode                          0x00000994   Section        0  useruart.o(i.CommandDecode)
    i.Delay_1ms                              0x00000a94   Section        0  usertimer1.o(i.Delay_1ms)
    i.ExecuteCommand                         0x00000aa8   Section        0  useruart.o(i.ExecuteCommand)
    i.GPIO_SetMode                           0x00000d08   Section        0  gpio.o(i.GPIO_SetMode)
    i.GetCommandFromRS485                    0x00000d38   Section        0  useruart.o(i.GetCommandFromRS485)
    i.GetDataByteFromBuffer                  0x00000dec   Section        0  useruart.o(i.GetDataByteFromBuffer)
    i.HexToAsciiH                            0x00000f04   Section        0  useruart.o(i.HexToAsciiH)
    i.HexToAsciiL                            0x00000f1e   Section        0  useruart.o(i.HexToAsciiL)
    i.Init_E84_IN                            0x00000f40   Section        0  usere84.o(i.Init_E84_IN)
    i.Init_E84_OUT                           0x00000f80   Section        0  usere84.o(i.Init_E84_OUT)
    i.NVIC_EnableIRQ                         0x00000fe4   Section        0  uart.o(i.NVIC_EnableIRQ)
    NVIC_EnableIRQ                           0x00000fe5   Thumb Code    14  uart.o(i.NVIC_EnableIRQ)
    i.PWM0_IRQHandler                        0x00000ff8   Section        0  userpwm0.o(i.PWM0_IRQHandler)
    i.PWM1_IRQHandler                        0x0000103c   Section        0  userpwm1.o(i.PWM1_IRQHandler)
    i.PWM1_PulseCntReset                     0x00001324   Section        0  userpwm1.o(i.PWM1_PulseCntReset)
    i.PWM_ClearCaptureIntFlag                0x00001348   Section        0  pwm.o(i.PWM_ClearCaptureIntFlag)
    i.PWM_ClearPeriodIntFlag                 0x00001356   Section        0  pwm.o(i.PWM_ClearPeriodIntFlag)
    i.PWM_DisablePeriodInt                   0x00001366   Section        0  pwm.o(i.PWM_DisablePeriodInt)
    i.PWM_GetCaptureIntFlag                  0x0000137e   Section        0  pwm.o(i.PWM_GetCaptureIntFlag)
    i.PWM_GetPeriodIntFlag                   0x000013b6   Section        0  pwm.o(i.PWM_GetPeriodIntFlag)
    i.PWM_Stop                               0x000013d6   Section        0  pwm.o(i.PWM_Stop)
    i.RS485_SwitchRx                         0x00001400   Section        0  useruart.o(i.RS485_SwitchRx)
    i.SYS_ResetModule                        0x00001424   Section        0  sys.o(i.SYS_ResetModule)
    i.SendInPut                              0x00001454   Section        0  useruart.o(i.SendInPut)
    i.SystemCoreClockUpdate                  0x00001598   Section        0  system_m0518.o(i.SystemCoreClockUpdate)
    i.SystemInit                             0x000015fc   Section        0  system_m0518.o(i.SystemInit)
    i.TMR1_IRQHandler                        0x00001600   Section        0  usertimer1.o(i.TMR1_IRQHandler)
    i.TMR2_IRQHandler                        0x00001690   Section        0  usertimer2.o(i.TMR2_IRQHandler)
    i.Timer1_Init                            0x000016b4   Section        0  usertimer1.o(i.Timer1_Init)
    i.Timer2_Init                            0x00001748   Section        0  usertimer2.o(i.Timer2_Init)
    i.UART1_IRQHandler                       0x000017e8   Section        0  useruart.o(i.UART1_IRQHandler)
    i.UART_EnableInt                         0x00001844   Section        0  uart.o(i.UART_EnableInt)
    i.UART_Init                              0x000018b4   Section        0  useruart.o(i.UART_Init)
    i.UART_Open                              0x00001948   Section        0  uart.o(i.UART_Open)
    i.Uart_Send                              0x00001a00   Section        0  useruart.o(i.Uart_Send)
    i.UserPWM1_CHK                           0x00001a30   Section        0  userpwm1.o(i.UserPWM1_CHK)
    i.UserSystemClk                          0x00001b54   Section        0  usersystem.o(i.UserSystemClk)
    i.__ARM_common_switch8                   0x00001b98   Section        0  userpwm1.o(i.__ARM_common_switch8)
    i.main                                   0x00001bb4   Section        0  main.o(i.main)
    .constdata                               0x00001c94   Section       48  clk.o(.constdata)
    .constdata                               0x00001cc4   Section       48  uart.o(.constdata)
    .data                                    0x20000000   Section       44  system_m0518.o(.data)
    .data                                    0x2000002c   Section       13  userpwm0.o(.data)
    cnt                                      0x2000002e   Data           1  userpwm0.o(.data)
    Frequency                                0x20000030   Data           4  userpwm0.o(.data)
    duty                                     0x20000034   Data           4  userpwm0.o(.data)
    .data                                    0x2000003a   Section       16  userpwm1.o(.data)
    d0_cnt                                   0x2000003c   Data           1  userpwm1.o(.data)
    d1_cnt                                   0x2000003d   Data           1  userpwm1.o(.data)
    s_cnt                                    0x2000003e   Data           1  userpwm1.o(.data)
    e_cnt                                    0x2000003f   Data           1  userpwm1.o(.data)
    p_cnt                                    0x20000040   Data           1  userpwm1.o(.data)
    p_gap                                    0x20000041   Data           1  userpwm1.o(.data)
    .data                                    0x2000004a   Section       12  usertimer1.o(.data)
    .data                                    0x20000056   Section        2  usertimer2.o(.data)
    .data                                    0x20000058   Section       63  useruart.o(.data)
    .bss                                     0x20000098   Section     1228  useruart.o(.bss)
    .bss                                     0x20000564   Section       96  libspace.o(.bss)
    HEAP                                     0x200005c8   Section        0  startup_m0518.o(HEAP)
    STACK                                    0x200005c8   Section     1024  startup_m0518.o(STACK)
    Heap_Mem                                 0x200005c8   Data           0  startup_m0518.o(HEAP)
    Stack_Mem                                0x200005c8   Data        1024  startup_m0518.o(STACK)
    __initial_sp                             0x200009c8   Data           0  startup_m0518.o(STACK)

    Global Symbols

    Symbol Name                              Value     Ov Type        Size  Object(Section)

    BuildAttributes$$THM_ISAv3M$S$PE$A:L22$X:L11$S22$IEEE1$IW$USESV6$~STKCKD$USESV7$~SHL$OSPACE$ROPI$EBA8$UX$STANDARDLIB$REQ8$PRES8$EABIv2 0x00000000   Number         0  anon$$obj.o ABSOLUTE
    __ARM_use_no_argv                        0x00000000   Number         0  main.o ABSOLUTE
    __Vectors                                0x00000000   Data           4  startup_m0518.o(RESET)
    _printf_flags                            0x00000000   Number         0  printf_stubs.o ABSOLUTE
    _printf_return_value                     0x00000000   Number         0  printf_stubs.o ABSOLUTE
    _printf_sizespec                         0x00000000   Number         0  printf_stubs.o ABSOLUTE
    _printf_widthprec                        0x00000000   Number         0  printf_stubs.o ABSOLUTE
    __ARM_exceptions_init                     - Undefined Weak Reference
    __alloca_initialize                       - Undefined Weak Reference
    __arm_preinit_                            - Undefined Weak Reference
    __cpp_initialize__aeabi_                  - Undefined Weak Reference
    __cxa_finalize                            - Undefined Weak Reference
    __rt_locale                               - Undefined Weak Reference
    __sigvec_lookup                           - Undefined Weak Reference
    _atexit_init                              - Undefined Weak Reference
    _call_atexit_fns                          - Undefined Weak Reference
    _clock_init                               - Undefined Weak Reference
    _fp_trap_init                             - Undefined Weak Reference
    _fp_trap_shutdown                         - Undefined Weak Reference
    _get_lc_collate                           - Undefined Weak Reference
    _get_lc_ctype                             - Undefined Weak Reference
    _get_lc_monetary                          - Undefined Weak Reference
    _get_lc_numeric                           - Undefined Weak Reference
    _get_lc_time                              - Undefined Weak Reference
    _getenv_init                              - Undefined Weak Reference
    _handle_redirection                       - Undefined Weak Reference
    _init_alloc                               - Undefined Weak Reference
    _init_user_alloc                          - Undefined Weak Reference
    _initio                                   - Undefined Weak Reference
    _rand_init                                - Undefined Weak Reference
    _signal_finish                            - Undefined Weak Reference
    _signal_init                              - Undefined Weak Reference
    _terminate_alloc                          - Undefined Weak Reference
    _terminate_user_alloc                     - Undefined Weak Reference
    _terminateio                              - Undefined Weak Reference
    __main                                   0x000000c1   Thumb Code     8  __main.o(!!!main)
    __scatterload                            0x000000c9   Thumb Code     0  __scatter.o(!!!scatter)
    __scatterload_rt2                        0x000000c9   Thumb Code    52  __scatter.o(!!!scatter)
    __scatterload_rt2_thumb_only             0x000000c9   Thumb Code     0  __scatter.o(!!!scatter)
    __scatterload_null                       0x000000d9   Thumb Code     0  __scatter.o(!!!scatter)
    __scatterload_copy                       0x00000105   Thumb Code    26  __scatter_copy.o(!!handler_copy)
    __scatterload_zeroinit                   0x00000121   Thumb Code    28  __scatter_zi.o(!!handler_zi)
    __rt_lib_init                            0x0000013d   Thumb Code     0  libinit.o(.ARM.Collect$$libinit$$00000000)
    __rt_lib_init_alloca_1                   0x0000013f   Thumb Code     0  libinit2.o(.ARM.Collect$$libinit$$0000002E)
    __rt_lib_init_argv_1                     0x0000013f   Thumb Code     0  libinit2.o(.ARM.Collect$$libinit$$0000002C)
    __rt_lib_init_atexit_1                   0x0000013f   Thumb Code     0  libinit2.o(.ARM.Collect$$libinit$$0000001B)
    __rt_lib_init_clock_1                    0x0000013f   Thumb Code     0  libinit2.o(.ARM.Collect$$libinit$$00000021)
    __rt_lib_init_cpp_1                      0x0000013f   Thumb Code     0  libinit2.o(.ARM.Collect$$libinit$$00000032)
    __rt_lib_init_exceptions_1               0x0000013f   Thumb Code     0  libinit2.o(.ARM.Collect$$libinit$$00000030)
    __rt_lib_init_fp_1                       0x0000013f   Thumb Code     0  libinit2.o(.ARM.Collect$$libinit$$00000002)
    __rt_lib_init_fp_trap_1                  0x0000013f   Thumb Code     0  libinit2.o(.ARM.Collect$$libinit$$0000001F)
    __rt_lib_init_getenv_1                   0x0000013f   Thumb Code     0  libinit2.o(.ARM.Collect$$libinit$$00000023)
    __rt_lib_init_heap_1                     0x0000013f   Thumb Code     0  libinit2.o(.ARM.Collect$$libinit$$0000000A)
    __rt_lib_init_lc_collate_1               0x0000013f   Thumb Code     0  libinit2.o(.ARM.Collect$$libinit$$00000011)
    __rt_lib_init_lc_ctype_1                 0x0000013f   Thumb Code     0  libinit2.o(.ARM.Collect$$libinit$$00000013)
    __rt_lib_init_lc_monetary_1              0x0000013f   Thumb Code     0  libinit2.o(.ARM.Collect$$libinit$$00000015)
    __rt_lib_init_lc_numeric_1               0x0000013f   Thumb Code     0  libinit2.o(.ARM.Collect$$libinit$$00000017)
    __rt_lib_init_lc_time_1                  0x0000013f   Thumb Code     0  libinit2.o(.ARM.Collect$$libinit$$00000019)
    __rt_lib_init_preinit_1                  0x0000013f   Thumb Code     0  libinit2.o(.ARM.Collect$$libinit$$00000004)
    __rt_lib_init_rand_1                     0x0000013f   Thumb Code     0  libinit2.o(.ARM.Collect$$libinit$$0000000E)
    __rt_lib_init_return                     0x0000013f   Thumb Code     0  libinit2.o(.ARM.Collect$$libinit$$00000033)
    __rt_lib_init_signal_1                   0x0000013f   Thumb Code     0  libinit2.o(.ARM.Collect$$libinit$$0000001D)
    __rt_lib_init_stdio_1                    0x0000013f   Thumb Code     0  libinit2.o(.ARM.Collect$$libinit$$00000025)
    __rt_lib_init_user_alloc_1               0x0000013f   Thumb Code     0  libinit2.o(.ARM.Collect$$libinit$$0000000C)
    __rt_lib_shutdown                        0x00000141   Thumb Code     0  libshutdown.o(.ARM.Collect$$libshutdown$$00000000)
    __rt_lib_shutdown_cpp_1                  0x00000143   Thumb Code     0  libshutdown2.o(.ARM.Collect$$libshutdown$$00000002)
    __rt_lib_shutdown_fp_trap_1              0x00000143   Thumb Code     0  libshutdown2.o(.ARM.Collect$$libshutdown$$00000007)
    __rt_lib_shutdown_heap_1                 0x00000143   Thumb Code     0  libshutdown2.o(.ARM.Collect$$libshutdown$$0000000F)
    __rt_lib_shutdown_return                 0x00000143   Thumb Code     0  libshutdown2.o(.ARM.Collect$$libshutdown$$00000010)
    __rt_lib_shutdown_signal_1               0x00000143   Thumb Code     0  libshutdown2.o(.ARM.Collect$$libshutdown$$0000000A)
    __rt_lib_shutdown_stdio_1                0x00000143   Thumb Code     0  libshutdown2.o(.ARM.Collect$$libshutdown$$00000004)
    __rt_lib_shutdown_user_alloc_1           0x00000143   Thumb Code     0  libshutdown2.o(.ARM.Collect$$libshutdown$$0000000C)
    __rt_entry                               0x00000145   Thumb Code     0  __rtentry.o(.ARM.Collect$$rtentry$$00000000)
    __rt_entry_presh_1                       0x00000145   Thumb Code     0  __rtentry2.o(.ARM.Collect$$rtentry$$00000002)
    __rt_entry_sh                            0x00000145   Thumb Code     0  __rtentry4.o(.ARM.Collect$$rtentry$$00000004)
    __rt_entry_li                            0x0000014b   Thumb Code     0  __rtentry2.o(.ARM.Collect$$rtentry$$0000000A)
    __rt_entry_postsh_1                      0x0000014b   Thumb Code     0  __rtentry2.o(.ARM.Collect$$rtentry$$00000009)
    __rt_entry_main                          0x0000014f   Thumb Code     0  __rtentry2.o(.ARM.Collect$$rtentry$$0000000D)
    __rt_entry_postli_1                      0x0000014f   Thumb Code     0  __rtentry2.o(.ARM.Collect$$rtentry$$0000000C)
    __rt_exit                                0x00000157   Thumb Code     0  rtexit.o(.ARM.Collect$$rtexit$$00000000)
    __rt_exit_ls                             0x00000159   Thumb Code     0  rtexit2.o(.ARM.Collect$$rtexit$$00000003)
    __rt_exit_prels_1                        0x00000159   Thumb Code     0  rtexit2.o(.ARM.Collect$$rtexit$$00000002)
    __rt_exit_exit                           0x0000015d   Thumb Code     0  rtexit2.o(.ARM.Collect$$rtexit$$00000004)
    Reset_Handler                            0x00000165   Thumb Code    32  startup_m0518.o(.text)
    NMI_Handler                              0x00000185   Thumb Code     2  startup_m0518.o(.text)
    HardFault_Handler                        0x00000187   Thumb Code     2  startup_m0518.o(.text)
    SVC_Handler                              0x00000189   Thumb Code     2  startup_m0518.o(.text)
    PendSV_Handler                           0x0000018b   Thumb Code     2  startup_m0518.o(.text)
    SysTick_Handler                          0x0000018d   Thumb Code     2  startup_m0518.o(.text)
    ADC_IRQHandler                           0x0000018f   Thumb Code     0  startup_m0518.o(.text)
    BOD_IRQHandler                           0x0000018f   Thumb Code     0  startup_m0518.o(.text)
    BPWM0_IRQHandler                         0x0000018f   Thumb Code     0  startup_m0518.o(.text)
    BPWM1_IRQHandler                         0x0000018f   Thumb Code     0  startup_m0518.o(.text)
    BRAKE0_IRQHandler                        0x0000018f   Thumb Code     0  startup_m0518.o(.text)
    BRAKE1_IRQHandler                        0x0000018f   Thumb Code     0  startup_m0518.o(.text)
    CAN0_IRQHandler                          0x0000018f   Thumb Code     0  startup_m0518.o(.text)
    CAN1_IRQHandler                          0x0000018f   Thumb Code     0  startup_m0518.o(.text)
    EINT0_IRQHandler                         0x0000018f   Thumb Code     0  startup_m0518.o(.text)
    EINT1_IRQHandler                         0x0000018f   Thumb Code     0  startup_m0518.o(.text)
    GPAB_IRQHandler                          0x0000018f   Thumb Code     0  startup_m0518.o(.text)
    GPCDEF_IRQHandler                        0x0000018f   Thumb Code     0  startup_m0518.o(.text)
    I2C0_IRQHandler                          0x0000018f   Thumb Code     0  startup_m0518.o(.text)
    I2C1_IRQHandler                          0x0000018f   Thumb Code     0  startup_m0518.o(.text)
    PWRWU_IRQHandler                         0x0000018f   Thumb Code     0  startup_m0518.o(.text)
    RTC_IRQHandler                           0x0000018f   Thumb Code     0  startup_m0518.o(.text)
    SPI0_IRQHandler                          0x0000018f   Thumb Code     0  startup_m0518.o(.text)
    TMR0_IRQHandler                          0x0000018f   Thumb Code     0  startup_m0518.o(.text)
    TMR3_IRQHandler                          0x0000018f   Thumb Code     0  startup_m0518.o(.text)
    UART02_IRQHandler                        0x0000018f   Thumb Code     0  startup_m0518.o(.text)
    UART3_IRQHandler                         0x0000018f   Thumb Code     0  startup_m0518.o(.text)
    UART4_IRQHandler                         0x0000018f   Thumb Code     0  startup_m0518.o(.text)
    UART5_IRQHandler                         0x0000018f   Thumb Code     0  startup_m0518.o(.text)
    WDT_IRQHandler                           0x0000018f   Thumb Code     0  startup_m0518.o(.text)
    __user_initial_stackheap                 0x00000191   Thumb Code     0  startup_m0518.o(.text)
    strcpy                                   0x000001c9   Thumb Code    70  strcpy.o(.text)
    strncmp                                  0x00000215   Thumb Code   154  strncmp.o(.text)
    __aeabi_uidiv                            0x000002b5   Thumb Code     0  aeabi_sdiv.o(.text)
    __aeabi_uidivmod                         0x000002b5   Thumb Code    20  aeabi_sdiv.o(.text)
    __aeabi_idiv                             0x000002c9   Thumb Code     0  aeabi_sdiv.o(.text)
    __aeabi_idivmod                          0x000002c9   Thumb Code   326  aeabi_sdiv.o(.text)
    __use_two_region_memory                  0x0000040f   Thumb Code     2  heapauxi.o(.text)
    __rt_heap_escrow$2region                 0x00000411   Thumb Code     2  heapauxi.o(.text)
    __rt_heap_expand$2region                 0x00000413   Thumb Code     2  heapauxi.o(.text)
    __user_setup_stackheap                   0x00000415   Thumb Code    62  sys_stackheap_outer.o(.text)
    exit                                     0x00000453   Thumb Code    16  exit.o(.text)
    __user_libspace                          0x00000465   Thumb Code     8  libspace.o(.text)
    __user_perproc_libspace                  0x00000465   Thumb Code     0  libspace.o(.text)
    __user_perthread_libspace                0x00000465   Thumb Code     0  libspace.o(.text)
    _sys_exit                                0x0000046d   Thumb Code     8  sys_exit.o(.text)
    __I$use$semihosting                      0x00000479   Thumb Code     0  use_no_semi.o(.text)
    __use_no_semihosting_swi                 0x00000479   Thumb Code     2  use_no_semi.o(.text)
    __semihosting_library_function           0x0000047b   Thumb Code     0  indicate_semi.o(.text)
    CLK_EnableModuleClock                    0x0000047d   Thumb Code    52  clk.o(i.CLK_EnableModuleClock)
    CLK_EnablePLL                            0x000004b9   Thumb Code   384  clk.o(i.CLK_EnablePLL)
    CLK_EnableXtalRC                         0x00000665   Thumb Code    12  clk.o(i.CLK_EnableXtalRC)
    CLK_SetCoreClock                         0x000007e9   Thumb Code   144  clk.o(i.CLK_SetCoreClock)
    CLK_SetHCLK                              0x00000885   Thumb Code    92  clk.o(i.CLK_SetHCLK)
    CLK_SetModuleClock                       0x000008e5   Thumb Code   108  clk.o(i.CLK_SetModuleClock)
    CLK_SetSysTickClockSrc                   0x00000959   Thumb Code    16  clk.o(i.CLK_SetSysTickClockSrc)
    CLK_WaitClockReady                       0x0000096d   Thumb Code    32  clk.o(i.CLK_WaitClockReady)
    CommandDecode                            0x00000995   Thumb Code   232  useruart.o(i.CommandDecode)
    Delay_1ms                                0x00000a95   Thumb Code    16  usertimer1.o(i.Delay_1ms)
    ExecuteCommand                           0x00000aa9   Thumb Code   564  useruart.o(i.ExecuteCommand)
    GPIO_SetMode                             0x00000d09   Thumb Code    46  gpio.o(i.GPIO_SetMode)
    GetCommandFromRS485                      0x00000d39   Thumb Code   152  useruart.o(i.GetCommandFromRS485)
    GetDataByteFromBuffer                    0x00000ded   Thumb Code   230  useruart.o(i.GetDataByteFromBuffer)
    HexToAsciiH                              0x00000f05   Thumb Code    26  useruart.o(i.HexToAsciiH)
    HexToAsciiL                              0x00000f1f   Thumb Code    32  useruart.o(i.HexToAsciiL)
    Init_E84_IN                              0x00000f41   Thumb Code    54  usere84.o(i.Init_E84_IN)
    Init_E84_OUT                             0x00000f81   Thumb Code    82  usere84.o(i.Init_E84_OUT)
    PWM0_IRQHandler                          0x00000ff9   Thumb Code    58  userpwm0.o(i.PWM0_IRQHandler)
    PWM1_IRQHandler                          0x0000103d   Thumb Code   706  userpwm1.o(i.PWM1_IRQHandler)
    PWM1_PulseCntReset                       0x00001325   Thumb Code    20  userpwm1.o(i.PWM1_PulseCntReset)
    PWM_ClearCaptureIntFlag                  0x00001349   Thumb Code    14  pwm.o(i.PWM_ClearCaptureIntFlag)
    PWM_ClearPeriodIntFlag                   0x00001357   Thumb Code    16  pwm.o(i.PWM_ClearPeriodIntFlag)
    PWM_DisablePeriodInt                     0x00001367   Thumb Code    24  pwm.o(i.PWM_DisablePeriodInt)
    PWM_GetCaptureIntFlag                    0x0000137f   Thumb Code    56  pwm.o(i.PWM_GetCaptureIntFlag)
    PWM_GetPeriodIntFlag                     0x000013b7   Thumb Code    32  pwm.o(i.PWM_GetPeriodIntFlag)
    PWM_Stop                                 0x000013d7   Thumb Code    42  pwm.o(i.PWM_Stop)
    RS485_SwitchRx                           0x00001401   Thumb Code    32  useruart.o(i.RS485_SwitchRx)
    SYS_ResetModule                          0x00001425   Thumb Code    48  sys.o(i.SYS_ResetModule)
    SendInPut                                0x00001455   Thumb Code   310  useruart.o(i.SendInPut)
    SystemCoreClockUpdate                    0x00001599   Thumb Code    76  system_m0518.o(i.SystemCoreClockUpdate)
    SystemInit                               0x000015fd   Thumb Code     2  system_m0518.o(i.SystemInit)
    TMR1_IRQHandler                          0x00001601   Thumb Code   116  usertimer1.o(i.TMR1_IRQHandler)
    TMR2_IRQHandler                          0x00001691   Thumb Code    26  usertimer2.o(i.TMR2_IRQHandler)
    Timer1_Init                              0x000016b5   Thumb Code   136  usertimer1.o(i.Timer1_Init)
    Timer2_Init                              0x00001749   Thumb Code   146  usertimer2.o(i.Timer2_Init)
    UART1_IRQHandler                         0x000017e9   Thumb Code    78  useruart.o(i.UART1_IRQHandler)
    UART_EnableInt                           0x00001845   Thumb Code    90  uart.o(i.UART_EnableInt)
    UART_Init                                0x000018b5   Thumb Code   106  useruart.o(i.UART_Init)
    UART_Open                                0x00001949   Thumb Code   166  uart.o(i.UART_Open)
    Uart_Send                                0x00001a01   Thumb Code    46  useruart.o(i.Uart_Send)
    UserPWM1_CHK                             0x00001a31   Thumb Code   278  userpwm1.o(i.UserPWM1_CHK)
    UserSystemClk                            0x00001b55   Thumb Code    54  usersystem.o(i.UserSystemClk)
    __ARM_common_switch8                     0x00001b99   Thumb Code    28  userpwm1.o(i.__ARM_common_switch8)
    main                                     0x00001bb5   Thumb Code   194  main.o(i.main)
    Region$$Table$$Base                      0x00001cf4   Number         0  anon$$obj.o(Region$$Table)
    Region$$Table$$Limit                     0x00001d14   Number         0  anon$$obj.o(Region$$Table)
    SystemCoreClock                          0x20000000   Data           4  system_m0518.o(.data)
    CyclesPerUs                              0x20000004   Data           4  system_m0518.o(.data)
    PllClock                                 0x20000008   Data           4  system_m0518.o(.data)
    gau32ClkSrcTbl                           0x2000000c   Data          32  system_m0518.o(.data)
    E84                                      0x2000002c   Data           2  userpwm0.o(.data)
    fgE84_IR_PWM_Trans                       0x20000038   Data           1  userpwm0.o(.data)
    E84_S                                    0x2000003a   Data           2  userpwm1.o(.data)
    H_Period                                 0x20000042   Data           2  userpwm1.o(.data)
    L_Period                                 0x20000044   Data           2  userpwm1.o(.data)
    fgGotTrans                               0x20000046   Data           2  userpwm1.o(.data)
    PB_idx                                   0x20000048   Data           2  userpwm1.o(.data)
    t1ms                                     0x2000004a   Data           2  usertimer1.o(.data)
    t1ms_1                                   0x2000004c   Data           2  usertimer1.o(.data)
    t1ms_2                                   0x2000004e   Data           2  usertimer1.o(.data)
    t1ms_3                                   0x20000050   Data           2  usertimer1.o(.data)
    tlms_4                                   0x20000052   Data           2  usertimer1.o(.data)
    tlms_5                                   0x20000054   Data           2  usertimer1.o(.data)
    t1us                                     0x20000056   Data           2  usertimer2.o(.data)
    pInlast0                                 0x20000058   Data           4  useruart.o(.data)
    pInlast1                                 0x2000005c   Data           4  useruart.o(.data)
    pInlast2                                 0x20000060   Data           4  useruart.o(.data)
    pInlast3                                 0x20000064   Data           4  useruart.o(.data)
    pInlast4                                 0x20000068   Data           4  useruart.o(.data)
    pInlast5                                 0x2000006c   Data           4  useruart.o(.data)
    pGetlast0                                0x20000070   Data           4  useruart.o(.data)
    pGetlast1                                0x20000074   Data           4  useruart.o(.data)
    pGetlast2                                0x20000078   Data           4  useruart.o(.data)
    pGetlast3                                0x2000007c   Data           4  useruart.o(.data)
    pGetlast4                                0x20000080   Data           4  useruart.o(.data)
    pGetlast5                                0x20000084   Data           4  useruart.o(.data)
    gCommandLast                             0x20000088   Data           2  useruart.o(.data)
    gCommandChecksum                         0x2000008a   Data           1  useruart.o(.data)
    gToolNumber                              0x2000008b   Data           1  useruart.o(.data)
    gCommandType                             0x2000008c   Data           3  useruart.o(.data)
    gCommandName                             0x2000008f   Data           5  useruart.o(.data)
    gCommandComplete                         0x20000094   Data           1  useruart.o(.data)
    gCommandStartByte                        0x20000095   Data           1  useruart.o(.data)
    gUart1_flg                               0x20000096   Data           1  useruart.o(.data)
    gSendData                                0x20000098   Data          12  useruart.o(.bss)
    gReceiveData0                            0x200000a4   Data         256  useruart.o(.bss)
    gReceiveData1                            0x200001a4   Data         256  useruart.o(.bss)
    gReceiveData2                            0x200002a4   Data         128  useruart.o(.bss)
    gReceiveData3                            0x20000324   Data         128  useruart.o(.bss)
    gReceiveData4                            0x200003a4   Data         128  useruart.o(.bss)
    gReceiveData5                            0x20000424   Data          64  useruart.o(.bss)
    gCommandData                             0x20000464   Data         256  useruart.o(.bss)
    __libspace_start                         0x20000564   Data          96  libspace.o(.bss)
    __temporary_stack_top$libspace           0x200005c4   Data           0  libspace.o(.bss)



==============================================================================

Memory Map of the image

  Image Entry point : 0x00000165

  Load Region LR_1 (Base: 0x00000000, Size: 0x00001dac, Max: 0xffffffff, ABSOLUTE)

    Execution Region ER_RO (Exec base: 0x00000000, Load base: 0x00000000, Size: 0x00001d14, Max: 0xffffffff, ABSOLUTE)

    Exec Addr    Load Addr    Size         Type   Attr      Idx    E Section Name        Object

    0x00000000   0x00000000   0x000000c0   Data   RO           73    RESET               startup_m0518.o
    0x000000c0   0x000000c0   0x00000008   Code   RO         1524  * !!!main             c_p.l(__main.o)
    0x000000c8   0x000000c8   0x0000003c   Code   RO         1691    !!!scatter          c_p.l(__scatter.o)
    0x00000104   0x00000104   0x0000001a   Code   RO         1693    !!handler_copy      c_p.l(__scatter_copy.o)
    0x0000011e   0x0000011e   0x00000002   PAD
    0x00000120   0x00000120   0x0000001c   Code   RO         1695    !!handler_zi        c_p.l(__scatter_zi.o)
    0x0000013c   0x0000013c   0x00000002   Code   RO         1562    .ARM.Collect$$libinit$$00000000  c_p.l(libinit.o)
    0x0000013e   0x0000013e   0x00000000   Code   RO         1576    .ARM.Collect$$libinit$$00000002  c_p.l(libinit2.o)
    0x0000013e   0x0000013e   0x00000000   Code   RO         1578    .ARM.Collect$$libinit$$00000004  c_p.l(libinit2.o)
    0x0000013e   0x0000013e   0x00000000   Code   RO         1581    .ARM.Collect$$libinit$$0000000A  c_p.l(libinit2.o)
    0x0000013e   0x0000013e   0x00000000   Code   RO         1583    .ARM.Collect$$libinit$$0000000C  c_p.l(libinit2.o)
    0x0000013e   0x0000013e   0x00000000   Code   RO         1585    .ARM.Collect$$libinit$$0000000E  c_p.l(libinit2.o)
    0x0000013e   0x0000013e   0x00000000   Code   RO         1588    .ARM.Collect$$libinit$$00000011  c_p.l(libinit2.o)
    0x0000013e   0x0000013e   0x00000000   Code   RO         1590    .ARM.Collect$$libinit$$00000013  c_p.l(libinit2.o)
    0x0000013e   0x0000013e   0x00000000   Code   RO         1592    .ARM.Collect$$libinit$$00000015  c_p.l(libinit2.o)
    0x0000013e   0x0000013e   0x00000000   Code   RO         1594    .ARM.Collect$$libinit$$00000017  c_p.l(libinit2.o)
    0x0000013e   0x0000013e   0x00000000   Code   RO         1596    .ARM.Collect$$libinit$$00000019  c_p.l(libinit2.o)
    0x0000013e   0x0000013e   0x00000000   Code   RO         1598    .ARM.Collect$$libinit$$0000001B  c_p.l(libinit2.o)
    0x0000013e   0x0000013e   0x00000000   Code   RO         1600    .ARM.Collect$$libinit$$0000001D  c_p.l(libinit2.o)
    0x0000013e   0x0000013e   0x00000000   Code   RO         1602    .ARM.Collect$$libinit$$0000001F  c_p.l(libinit2.o)
    0x0000013e   0x0000013e   0x00000000   Code   RO         1604    .ARM.Collect$$libinit$$00000021  c_p.l(libinit2.o)
    0x0000013e   0x0000013e   0x00000000   Code   RO         1606    .ARM.Collect$$libinit$$00000023  c_p.l(libinit2.o)
    0x0000013e   0x0000013e   0x00000000   Code   RO         1608    .ARM.Collect$$libinit$$00000025  c_p.l(libinit2.o)
    0x0000013e   0x0000013e   0x00000000   Code   RO         1612    .ARM.Collect$$libinit$$0000002C  c_p.l(libinit2.o)
    0x0000013e   0x0000013e   0x00000000   Code   RO         1614    .ARM.Collect$$libinit$$0000002E  c_p.l(libinit2.o)
    0x0000013e   0x0000013e   0x00000000   Code   RO         1616    .ARM.Collect$$libinit$$00000030  c_p.l(libinit2.o)
    0x0000013e   0x0000013e   0x00000000   Code   RO         1618    .ARM.Collect$$libinit$$00000032  c_p.l(libinit2.o)
    0x0000013e   0x0000013e   0x00000002   Code   RO         1619    .ARM.Collect$$libinit$$00000033  c_p.l(libinit2.o)
    0x00000140   0x00000140   0x00000002   Code   RO         1648    .ARM.Collect$$libshutdown$$00000000  c_p.l(libshutdown.o)
    0x00000142   0x00000142   0x00000000   Code   RO         1674    .ARM.Collect$$libshutdown$$00000002  c_p.l(libshutdown2.o)
    0x00000142   0x00000142   0x00000000   Code   RO         1676    .ARM.Collect$$libshutdown$$00000004  c_p.l(libshutdown2.o)
    0x00000142   0x00000142   0x00000000   Code   RO         1679    .ARM.Collect$$libshutdown$$00000007  c_p.l(libshutdown2.o)
    0x00000142   0x00000142   0x00000000   Code   RO         1682    .ARM.Collect$$libshutdown$$0000000A  c_p.l(libshutdown2.o)
    0x00000142   0x00000142   0x00000000   Code   RO         1684    .ARM.Collect$$libshutdown$$0000000C  c_p.l(libshutdown2.o)
    0x00000142   0x00000142   0x00000000   Code   RO         1687    .ARM.Collect$$libshutdown$$0000000F  c_p.l(libshutdown2.o)
    0x00000142   0x00000142   0x00000002   Code   RO         1688    .ARM.Collect$$libshutdown$$00000010  c_p.l(libshutdown2.o)
    0x00000144   0x00000144   0x00000000   Code   RO         1526    .ARM.Collect$$rtentry$$00000000  c_p.l(__rtentry.o)
    0x00000144   0x00000144   0x00000000   Code   RO         1532    .ARM.Collect$$rtentry$$00000002  c_p.l(__rtentry2.o)
    0x00000144   0x00000144   0x00000006   Code   RO         1544    .ARM.Collect$$rtentry$$00000004  c_p.l(__rtentry4.o)
    0x0000014a   0x0000014a   0x00000000   Code   RO         1534    .ARM.Collect$$rtentry$$00000009  c_p.l(__rtentry2.o)
    0x0000014a   0x0000014a   0x00000004   Code   RO         1535    .ARM.Collect$$rtentry$$0000000A  c_p.l(__rtentry2.o)
    0x0000014e   0x0000014e   0x00000000   Code   RO         1537    .ARM.Collect$$rtentry$$0000000C  c_p.l(__rtentry2.o)
    0x0000014e   0x0000014e   0x00000008   Code   RO         1538    .ARM.Collect$$rtentry$$0000000D  c_p.l(__rtentry2.o)
    0x00000156   0x00000156   0x00000002   Code   RO         1567    .ARM.Collect$$rtexit$$00000000  c_p.l(rtexit.o)
    0x00000158   0x00000158   0x00000000   Code   RO         1623    .ARM.Collect$$rtexit$$00000002  c_p.l(rtexit2.o)
    0x00000158   0x00000158   0x00000004   Code   RO         1624    .ARM.Collect$$rtexit$$00000003  c_p.l(rtexit2.o)
    0x0000015c   0x0000015c   0x00000006   Code   RO         1625    .ARM.Collect$$rtexit$$00000004  c_p.l(rtexit2.o)
    0x00000162   0x00000162   0x00000002   PAD
    0x00000164   0x00000164   0x00000064   Code   RO           74  * .text               startup_m0518.o
    0x000001c8   0x000001c8   0x0000004c   Code   RO         1510    .text               c_p.l(strcpy.o)
    0x00000214   0x00000214   0x000000a0   Code   RO         1512    .text               c_p.l(strncmp.o)
    0x000002b4   0x000002b4   0x0000015a   Code   RO         1518    .text               c_p.l(aeabi_sdiv.o)
    0x0000040e   0x0000040e   0x00000006   Code   RO         1522    .text               c_p.l(heapauxi.o)
    0x00000414   0x00000414   0x0000003e   Code   RO         1548    .text               c_p.l(sys_stackheap_outer.o)
    0x00000452   0x00000452   0x00000010   Code   RO         1551    .text               c_p.l(exit.o)
    0x00000462   0x00000462   0x00000002   PAD
    0x00000464   0x00000464   0x00000008   Code   RO         1563    .text               c_p.l(libspace.o)
    0x0000046c   0x0000046c   0x0000000c   Code   RO         1620    .text               c_p.l(sys_exit.o)
    0x00000478   0x00000478   0x00000002   Code   RO         1637    .text               c_p.l(use_no_semi.o)
    0x0000047a   0x0000047a   0x00000000   Code   RO         1639    .text               c_p.l(indicate_semi.o)
    0x0000047a   0x0000047a   0x00000002   PAD
    0x0000047c   0x0000047c   0x0000003c   Code   RO          394    i.CLK_EnableModuleClock  clk.o
    0x000004b8   0x000004b8   0x000001ac   Code   RO          395    i.CLK_EnablePLL     clk.o
    0x00000664   0x00000664   0x00000010   Code   RO          396    i.CLK_EnableXtalRC  clk.o
    0x00000674   0x00000674   0x0000007c   Code   RO            3    i.CLK_GetPLLClockFreq  system_m0518.o
    0x000006f0   0x000006f0   0x0000007c   Code   RO          401    i.CLK_GetPLLClockFreq  clk.o
    0x0000076c   0x0000076c   0x0000007c   Code   RO          958    i.CLK_GetPLLClockFreq  uart.o
    0x000007e8   0x000007e8   0x0000009c   Code   RO          404    i.CLK_SetCoreClock  clk.o
    0x00000884   0x00000884   0x00000060   Code   RO          405    i.CLK_SetHCLK       clk.o
    0x000008e4   0x000008e4   0x00000074   Code   RO          406    i.CLK_SetModuleClock  clk.o
    0x00000958   0x00000958   0x00000014   Code   RO          407    i.CLK_SetSysTickClockSrc  clk.o
    0x0000096c   0x0000096c   0x00000028   Code   RO          408    i.CLK_WaitClockReady  clk.o
    0x00000994   0x00000994   0x00000100   Code   RO         1410    i.CommandDecode     useruart.o
    0x00000a94   0x00000a94   0x00000014   Code   RO         1314    i.Delay_1ms         usertimer1.o
    0x00000aa8   0x00000aa8   0x00000260   Code   RO         1411    i.ExecuteCommand    useruart.o
    0x00000d08   0x00000d08   0x0000002e   Code   RO          359    i.GPIO_SetMode      gpio.o
    0x00000d36   0x00000d36   0x00000002   PAD
    0x00000d38   0x00000d38   0x000000b4   Code   RO         1412    i.GetCommandFromRS485  useruart.o
    0x00000dec   0x00000dec   0x00000118   Code   RO         1413    i.GetDataByteFromBuffer  useruart.o
    0x00000f04   0x00000f04   0x0000001a   Code   RO         1414    i.HexToAsciiH       useruart.o
    0x00000f1e   0x00000f1e   0x00000020   Code   RO         1415    i.HexToAsciiL       useruart.o
    0x00000f3e   0x00000f3e   0x00000002   PAD
    0x00000f40   0x00000f40   0x00000040   Code   RO         1078    i.Init_E84_IN       usere84.o
    0x00000f80   0x00000f80   0x00000064   Code   RO         1079    i.Init_E84_OUT      usere84.o
    0x00000fe4   0x00000fe4   0x00000014   Code   RO          960    i.NVIC_EnableIRQ    uart.o
    0x00000ff8   0x00000ff8   0x00000044   Code   RO         1168    i.PWM0_IRQHandler   userpwm0.o
    0x0000103c   0x0000103c   0x000002e8   Code   RO         1227    i.PWM1_IRQHandler   userpwm1.o
    0x00001324   0x00001324   0x00000024   Code   RO         1228    i.PWM1_PulseCntReset  userpwm1.o
    0x00001348   0x00001348   0x0000000e   Code   RO          525    i.PWM_ClearCaptureIntFlag  pwm.o
    0x00001356   0x00001356   0x00000010   Code   RO          528    i.PWM_ClearPeriodIntFlag  pwm.o
    0x00001366   0x00001366   0x00000018   Code   RO          543    i.PWM_DisablePeriodInt  pwm.o
    0x0000137e   0x0000137e   0x00000038   Code   RO          560    i.PWM_GetCaptureIntFlag  pwm.o
    0x000013b6   0x000013b6   0x00000020   Code   RO          563    i.PWM_GetPeriodIntFlag  pwm.o
    0x000013d6   0x000013d6   0x0000002a   Code   RO          569    i.PWM_Stop          pwm.o
    0x00001400   0x00001400   0x00000024   Code   RO         1416    i.RS485_SwitchRx    useruart.o
    0x00001424   0x00001424   0x00000030   Code   RO          830    i.SYS_ResetModule   sys.o
    0x00001454   0x00001454   0x00000144   Code   RO         1418    i.SendInPut         useruart.o
    0x00001598   0x00001598   0x00000064   Code   RO            4    i.SystemCoreClockUpdate  system_m0518.o
    0x000015fc   0x000015fc   0x00000002   Code   RO            5    i.SystemInit        system_m0518.o
    0x000015fe   0x000015fe   0x00000002   PAD
    0x00001600   0x00001600   0x00000090   Code   RO         1315    i.TMR1_IRQHandler   usertimer1.o
    0x00001690   0x00001690   0x00000024   Code   RO         1350    i.TMR2_IRQHandler   usertimer2.o
    0x000016b4   0x000016b4   0x00000094   Code   RO         1316    i.Timer1_Init       usertimer1.o
    0x00001748   0x00001748   0x000000a0   Code   RO         1351    i.Timer2_Init       usertimer2.o
    0x000017e8   0x000017e8   0x0000005c   Code   RO         1419    i.UART1_IRQHandler  useruart.o
    0x00001844   0x00001844   0x00000070   Code   RO          966    i.UART_EnableInt    uart.o
    0x000018b4   0x000018b4   0x00000094   Code   RO         1420    i.UART_Init         useruart.o
    0x00001948   0x00001948   0x000000b8   Code   RO          967    i.UART_Open         uart.o
    0x00001a00   0x00001a00   0x0000002e   Code   RO         1421    i.Uart_Send         useruart.o
    0x00001a2e   0x00001a2e   0x00000002   PAD
    0x00001a30   0x00001a30   0x00000124   Code   RO         1230    i.UserPWM1_CHK      userpwm1.o
    0x00001b54   0x00001b54   0x00000044   Code   RO         1294    i.UserSystemClk     usersystem.o
    0x00001b98   0x00001b98   0x0000001c   Code   RO         1276    i.__ARM_common_switch8  userpwm1.o
    0x00001bb4   0x00001bb4   0x000000e0   Code   RO          181    i.main              main.o
    0x00001c94   0x00001c94   0x00000030   Data   RO          409    .constdata          clk.o
    0x00001cc4   0x00001cc4   0x00000030   Data   RO          975    .constdata          uart.o
    0x00001cf4   0x00001cf4   0x00000020   Data   RO         1689    Region$$Table       anon$$obj.o


    Execution Region ER_RW (Exec base: 0x20000000, Load base: 0x00001d14, Size: 0x00000098, Max: 0xffffffff, ABSOLUTE)

    Exec Addr    Load Addr    Size         Type   Attr      Idx    E Section Name        Object

    0x20000000   0x00001d14   0x0000002c   Data   RW            6    .data               system_m0518.o
    0x2000002c   0x00001d40   0x0000000d   Data   RW         1171    .data               userpwm0.o
    0x20000039   0x00001d4d   0x00000001   PAD
    0x2000003a   0x00001d4e   0x00000010   Data   RW         1234    .data               userpwm1.o
    0x2000004a   0x00001d5e   0x0000000c   Data   RW         1317    .data               usertimer1.o
    0x20000056   0x00001d6a   0x00000002   Data   RW         1352    .data               usertimer2.o
    0x20000058   0x00001d6c   0x0000003f   Data   RW         1423    .data               useruart.o


    Execution Region ER_ZI (Exec base: 0x20000098, Load base: 0x00001dac, Size: 0x00000930, Max: 0xffffffff, ABSOLUTE)

    Exec Addr    Load Addr    Size         Type   Attr      Idx    E Section Name        Object

    0x20000098        -       0x000004cc   Zero   RW         1422    .bss                useruart.o
    0x20000564        -       0x00000060   Zero   RW         1564    .bss                c_p.l(libspace.o)
    0x200005c4   0x00001dac   0x00000004   PAD
    0x200005c8        -       0x00000000   Zero   RW           72    HEAP                startup_m0518.o
    0x200005c8        -       0x00000400   Zero   RW           71    STACK               startup_m0518.o


==============================================================================

Image component sizes


      Code (inc. data)   RO Data    RW Data    ZI Data      Debug   Object Name

      1056        104         48          0          0       6011   clk.o
        46          0          0          0          0        847   gpio.o
       224         30          0          0          0     150571   main.o
       184          0          0          0          0       3520   pwm.o
         0          0          0          0          0     105148   retarget.o
       100         46        192          0       1024        608   startup_m0518.o
        48          0          0          0          0        454   sys.o
       226         36          0         44          0      17887   system_m0518.o
       440         58         48          0          0       8501   uart.o
       164         28          0          0          0       2741   usere84.o
        68         10          0         13          0       6811   userpwm0.o
      1100         80          0         16          0       2861   userpwm1.o
        68         14          0          0          0        460   usersystem.o
       312         44          0         12          0       2062   usertimer1.o
       196         24          0          2          0       1415   usertimer2.o
      2028        228          0         63       1228      14436   useruart.o

    ----------------------------------------------------------------------
      6268        702        320        152       2252     324333   Object Totals
         0          0         32          0          0          0   (incl. Generated)
         8          0          0          2          0          0   (incl. Padding)

    ----------------------------------------------------------------------

      Code (inc. data)   RO Data    RW Data    ZI Data      Debug   Library Member Name

         8          0          0          0          0         68   __main.o
         0          0          0          0          0          0   __rtentry.o
        12          0          0          0          0          0   __rtentry2.o
         6          0          0          0          0          0   __rtentry4.o
        60          8          0          0          0          0   __scatter.o
        26          0          0          0          0          0   __scatter_copy.o
        28          0          0          0          0          0   __scatter_zi.o
       346          0          0          0          0         92   aeabi_sdiv.o
        16          0          0          0          0         68   exit.o
         6          0          0          0          0        136   heapauxi.o
         0          0          0          0          0          0   indicate_semi.o
         2          0          0          0          0          0   libinit.o
         2          0          0          0          0          0   libinit2.o
         2          0          0          0          0          0   libshutdown.o
         2          0          0          0          0          0   libshutdown2.o
         8          4          0          0         96         68   libspace.o
         2          0          0          0          0          0   rtexit.o
        10          0          0          0          0          0   rtexit2.o
        76          6          0          0          0         72   strcpy.o
       160          6          0          0          0         76   strncmp.o
        12          4          0          0          0         60   sys_exit.o
        62          0          0          0          0         80   sys_stackheap_outer.o
         2          0          0          0          0         68   use_no_semi.o

    ----------------------------------------------------------------------
       856         28          0          0        100        788   Library Totals
         8          0          0          0          4          0   (incl. Padding)

    ----------------------------------------------------------------------

      Code (inc. data)   RO Data    RW Data    ZI Data      Debug   Library Name

       848         28          0          0         96        788   c_p.l

    ----------------------------------------------------------------------
       856         28          0          0        100        788   Library Totals

    ----------------------------------------------------------------------

==============================================================================


      Code (inc. data)   RO Data    RW Data    ZI Data      Debug   

      7124        730        320        152       2352     322865   Grand Totals
      7124        730        320        152       2352     322865   ELF Image Totals
      7124        730        320        152          0          0   ROM Totals

==============================================================================

    Total RO  Size (Code + RO Data)                 7444 (   7.27kB)
    Total RW  Size (RW Data + ZI Data)              2504 (   2.45kB)
    Total ROM Size (Code + RO Data + RW Data)       7596 (   7.42kB)

==============================================================================

