<html>
<body>
<pre>
<h1>µVision Build Log</h1>
<h2>Tool Versions:</h2>
IDE-Version: £gVision V5.28.0.0
Copyright (C) 2019 ARM Ltd and ARM Germany GmbH. All rights reserved.
License Information: YP Chen Brillian Flex license: MDK Essential 5.28 (Flex) (mdk_essential) Support: Sep 2019
 
Tool Versions:
Toolchain:       MDK Essential 5.28 (Flex)  Version: 5.28.0.0
Toolchain Path:  C:\Keil_v5\ARM\ARMCC\Bin
C Compiler:      Armcc.exe V5.06 update 6 (build 750)
Assembler:       Armasm.exe V5.06 update 6 (build 750)
Linker/Locator:  ArmLink.exe V5.06 update 6 (build 750)
Library Manager: ArmAr.exe V5.06 update 6 (build 750)
Hex Converter:   FromElf.exe V5.06 update 6 (build 750)
CPU DLL:         SARMCM3.DLL V5.28.0.0
Dialog DLL:      DARMCM1.DLL V1.19.2.0
Target DLL:      Nu_Link.dll V3.07
Dialog DLL:      TARMCM1.DLL V1.14.1.0
 
<h2>Project:</h2>
C:\E84firmware\20220411-Head\BR_E84.uvprojx
Project File Date:  04/20/2022

<h2>Output:</h2>
*** Using Compiler 'V5.06 update 6 (build 750)', folder: 'C:\Keil_v5\ARM\ARMCC\Bin'
Rebuild target 'Target 1'
assembling startup_M0518.s...
compiling core_cm0.c...
compiling retarget.c...
compiling gpio.c...
compiling system_M0518.c...
compiling fmc.c...
compiling main.c...
compiling clk.c...
compiling pwm.c...
compiling sys.c...
compiling timer.c...
compiling uart.c...
compiling UserE84.c...
compiling UserFMC.c...
BRDriver\UserFMC.c(82): warning:  #550-D: variable "u32Data"  was set but never used
      uint32_t u32Data;
BRDriver\UserFMC.c: 1 warning, 0 errors
compiling UserPWM0.c...
compiling UserPWM1.c...
compiling UserSystem.c...
compiling UserTimer1.c...
compiling UserTimer2.c...
compiling UserWDT.c...
compiling UserE84_C.c...
compiling UserUart.c...
BRDriver\UserUart.c(433): warning:  #177-D: variable "cmpCommandName"  was declared but never referenced
    int8_t cmpCommandName[5];
BRDriver\UserUart.c(435): warning:  #550-D: variable "cmpInCommandName"  was set but never used
    int8_t cmpInCommandName[5];
BRDriver\UserUart.c(437): warning:  #177-D: variable "tempMotordata"  was declared but never referenced
    uint32_t tempMotordata;
BRDriver\UserUart.c(438): warning:  #177-D: variable "tempSETDOdata"  was declared but never referenced
    uint32_t tempSETDOdata;
BRDriver\UserUart.c(439): warning:  #550-D: variable "tempSetData"  was set but never used
  	uint32_t tempSetData;
BRDriver\UserUart.c(440): warning:  #177-D: variable "Result"  was declared but never referenced
  	uint8_t Result=1;//0:Finish		1:Undefined
BRDriver\UserUart.c(567): warning:  #177-D: variable "IOHex"  was declared but never referenced
  	char IOHex;
BRDriver\UserUart.c: 7 warnings, 0 errors
linking...
Program Size: Code=12184 RO-data=360 RW-data=168 ZI-data=2352  
FromELF: creating hex file...
After Build - User command #1: fromelf --bin ".\Objects\E84_Head_A.axf" --output ".\Objects\E84_Head_A.bin"
".\Objects\E84_Head_A.axf" - 0 Error(s), 8 Warning(s).

<h2>Software Packages used:</h2>

Package Vendor: ARM
                http://www.keil.com/pack/ARM.CMSIS.5.5.1.pack
                ARM.CMSIS.5.5.1
                CMSIS (Cortex Microcontroller Software Interface Standard)
   * Component: CORE Version: 5.2.0

Package Vendor: Nuvoton
                https://www.nuvoton.com/enu/Documents/KEILSoftwarePack/Nuvoton.NuMicro_DFP.1.3.12.pack
                Nuvoton.NuMicro_DFP.1.3.12
                Nuvoton ARM Cortex-M NuMicro Family Device Support

<h2>Collection of Component include folders:</h2>
  .\RTE\_Target_1
  C:\Keil Arm Pack\ARM\CMSIS\5.5.1\CMSIS\Core\Include
  C:\Keil Arm Pack\Nuvoton\NuMicro_DFP\1.3.12\Device\M0518\Include

<h2>Collection of Component Files used:</h2>

   * Component: ARM::CMSIS:CORE:5.2.0
Build Time Elapsed:  00:00:07
</pre>
</body>
</html>
